
 Start         Length     Name                   Class
 0001:00000000 000D69A4H .text                   CODE
 0002:00000000 00002F5CH .data                   DATA
 0002:00002F5C 00000FB9H .bss                    BSS


Detailed map of segments

 0001:00000000 00005B20 C=CODE     S=.text    G=(none)   M=System   ACBP=A9
 0001:00005B20 00000174 C=CODE     S=.text    G=(none)   M=SysInit  ACBP=A9
 0001:00005C94 00000D08 C=CODE     S=.text    G=(none)   M=Windows  ACBP=A9
 0001:0000699C 00000038 C=CODE     S=.text    G=(none)   M=Messages ACBP=A9
 0001:000069D4 00000308 C=CODE     S=.text    G=(none)   M=SysConst ACBP=A9
 0001:00006CDC 00006330 C=CODE     S=.text    G=(none)   M=SysUtils ACBP=A9
 0001:0000D00C 000000A8 C=CODE     S=.text    G=(none)   M=ActiveX  ACBP=A9
 0001:0000D0B4 00000408 C=CODE     S=.text    G=(none)   M=Consts   ACBP=A9
 0001:0000D4BC 000008B4 C=CODE     S=.text    G=(none)   M=TypInfo  ACBP=A9
 0001:0000DD70 0000A091 C=CODE     S=.text    G=(none)   M=Classes  ACBP=A9
 0001:00017E04 000090A7 C=CODE     S=.text    G=(none)   M=Graphics ACBP=A9
 0001:00020EAC 00000190 C=CODE     S=.text    G=(none)   M=Commctrl ACBP=A9
 0001:0002103C 00000783 C=CODE     S=.text    G=(none)   M=MultiMon ACBP=A9
 0001:000217C0 00000048 C=CODE     S=.text    G=(none)   M=Imm      ACBP=A9
 0001:00021808 00000048 C=CODE     S=.text    G=(none)   M=Math     ACBP=A9
 0001:00021850 00000038 C=CODE     S=.text    G=(none)   M=WinSpool ACBP=A9
 0001:00021888 00000044 C=CODE     S=.text    G=(none)   M=Printers ACBP=A9
 0001:000218CC 0000031F C=CODE     S=.text    G=(none)   M=FlatSB   ACBP=A9
 0001:00021BEC 00003FFC C=CODE     S=.text    G=(none)   M=StdCtrls ACBP=A9
 0001:00025BE8 00000674 C=CODE     S=.text    G=(none)   M=Clipbrd  ACBP=A9
 0001:0002625C 0000015C C=CODE     S=.text    G=(none)   M=StdActns ACBP=A9
 0001:000263B8 0000F3CB C=CODE     S=.text    G=(none)   M=Controls ACBP=A9
 0001:00035784 00000E1C C=CODE     S=.text    G=(none)   M=ActnList ACBP=A9
 0001:000365A0 000017BC C=CODE     S=.text    G=(none)   M=ImgList  ACBP=A9
 0001:00037D5C 00004546 C=CODE     S=.text    G=(none)   M=Menus    ACBP=A9
 0001:0003C2A4 0000C26F C=CODE     S=.text    G=(none)   M=Forms    ACBP=A9
 0001:00048514 00000048 C=CODE     S=.text    G=(none)   M=CommDlg  ACBP=A9
 0001:0004855C 00003938 C=CODE     S=.text    G=(none)   M=ExtCtrls ACBP=A9
 0001:0004BE94 00000038 C=CODE     S=.text    G=(none)   M=Dlgs     ACBP=A9
 0001:0004BECC 00001E01 C=CODE     S=.text    G=(none)   M=Dialogs  ACBP=A9
 0001:0004DCD0 00000038 C=CODE     S=.text    G=(none)   M=RichEdit ACBP=A9
 0001:0004DD08 00000038 C=CODE     S=.text    G=(none)   M=ToolWin  ACBP=A9
 0001:0004DD40 00000038 C=CODE     S=.text    G=(none)   M=ComStrs  ACBP=A9
 0001:0004DD78 000018C0 C=CODE     S=.text    G=(none)   M=ComCtrls ACBP=A9
 0001:0004F638 000000F5 C=CODE     S=.text    G=(none)   M=Buttons  ACBP=A9
 0001:0004F730 00000424 C=CODE     S=.text    G=(none)   M=OnCommon ACBP=A9
 0001:0004FB54 00001A60 C=CODE     S=.text    G=(none)   M=OnEditUtils ACBP=A9
 0001:000515B4 00001CDC C=CODE     S=.text    G=(none)   M=OnScheme ACBP=A9
 0001:00053290 00000160 C=CODE     S=.text    G=(none)   M=OnCursors ACBP=A9
 0001:000533F0 000010A0 C=CODE     S=.text    G=(none)   M=OnFocusButton ACBP=A9
 0001:00054490 00000068 C=CODE     S=.text    G=(none)   M=IniFiles ACBP=A9
 0001:000544F8 000005EC C=CODE     S=.text    G=(none)   M=Registry ACBP=A9
 0001:00054AE4 00000040 C=CODE     S=.text    G=(none)   M=ShellAPI ACBP=A9
 0001:00054B24 00000038 C=CODE     S=.text    G=(none)   M=TLHelp32 ACBP=A9
 0001:00054B5C 000001CC C=CODE     S=.text    G=(none)   M=OnRegistry ACBP=A9
 0001:00054D28 00000078 C=CODE     S=.text    G=(none)   M=OnOneInstance ACBP=A9
 0001:00054DA0 000003C4 C=CODE     S=.text    G=(none)   M=DsgnIntf ACBP=A9
 0001:00055164 00000080 C=CODE     S=.text    G=(none)   M=Tmax_atmi ACBP=A9
 0001:000551E4 00000268 C=CODE     S=.text    G=(none)   M=DbConsts ACBP=A9
 0001:0005544C 000029F8 C=CODE     S=.text    G=(none)   M=Mask     ACBP=A9
 0001:00057E44 0000E3F4 C=CODE     S=.text    G=(none)   M=Db       ACBP=A9
 0001:00066238 000016A0 C=CODE     S=.text    G=(none)   M=Tmax_common ACBP=A9
 0001:000678D8 000001A0 C=CODE     S=.text    G=(none)   M=TmaxCursors ACBP=A9
 0001:00067A78 00001824 C=CODE     S=.text    G=(none)   M=Tmax_session ACBP=A9
 0001:0006929C 000029BC C=CODE     S=.text    G=(none)   M=OnEditBaseCtrl ACBP=A9
 0001:0006BC58 0000029C C=CODE     S=.text    G=(none)   M=OnStringUtils ACBP=A9
 0001:0006BEF4 00005834 C=CODE     S=.text    G=(none)   M=OnEditStdCtrl ACBP=A9
 0001:00071728 00006940 C=CODE     S=.text    G=(none)   M=Grids    ACBP=A9
 0001:00078068 00000B98 C=CODE     S=.text    G=(none)   M=OnShapeLabel ACBP=A9
 0001:00078C00 00001174 C=CODE     S=.text    G=(none)   M=OnSkinBtn ACBP=A9
 0001:00079D74 00000994 C=CODE     S=.text    G=(none)   M=OnLineLabel ACBP=A9
 0001:0007A708 000035B4 C=CODE     S=.text    G=(none)   M=OnEditBtnCtrl ACBP=A9
 0001:0007DCBC 00000054 C=CODE     S=.text    G=(none)   M=OnPopupEdit ACBP=A9
 0001:0007DD10 00002B78 C=CODE     S=.text    G=(none)   M=DBCtrls  ACBP=A9
 0001:00080888 00009690 C=CODE     S=.text    G=(none)   M=DBGrids  ACBP=A9
 0001:00089F18 00000050 C=CODE     S=.text    G=(none)   M=jconsts  ACBP=A9
 0001:00089F68 00013810 C=CODE     S=.text    G=(none)   M=jpeg     ACBP=A9
 0001:0009D778 00000040 C=CODE     S=.text    G=(none)   M=MMSystem ACBP=A9
 0001:0009D7B8 0000EED0 C=CODE     S=.text    G=(none)   M=OnGifimage ACBP=A9
 0001:000AC688 000001E0 C=CODE     S=.text    G=(none)   M=OnGraphicLib ACBP=A9
 0001:000AC868 000036D0 C=CODE     S=.text    G=(none)   M=OnGrDBGrid ACBP=A9
 0001:000AFF38 00000038 C=CODE     S=.text    G=(none)   M=OnInsaRes ACBP=A9
 0001:000AFF70 00000038 C=CODE     S=.text    G=(none)   M=Tmax_fdl ACBP=A9
 0001:000AFFA8 00004AB0 C=CODE     S=.text    G=(none)   M=Tmax_DataSetText ACBP=A9
 0001:000B4A58 00004348 C=CODE     S=.text    G=(none)   M=OnTmaxPersonEdit ACBP=A9
 0001:000B8DA0 00000038 C=CODE     S=.text    G=(none)   M=OnEditNumCtl ACBP=A9
 0001:000B8DD8 00003D04 C=CODE     S=.text    G=(none)   M=Bde      ACBP=A9
 0001:000BCADC 0000338C C=CODE     S=.text    G=(none)   M=DBCommon ACBP=A9
 0001:000BFE68 00000068 C=CODE     S=.text    G=(none)   M=SMIntf   ACBP=A9
 0001:000BFED0 00000068 C=CODE     S=.text    G=(none)   M=StdVCL   ACBP=A9
 0001:000BFF38 00000038 C=CODE     S=.text    G=(none)   M=DBPWDlg  ACBP=A9
 0001:000BFF70 000003CC C=CODE     S=.text    G=(none)   M=DBLogDlg ACBP=A9
 0001:000C033C 000000E8 C=CODE     S=.text    G=(none)   M=BdeConst ACBP=A9
 0001:000C0424 000096E0 C=CODE     S=.text    G=(none)   M=DBTables ACBP=A9
 0001:000C9B04 00000038 C=CODE     S=.text    G=(none)   M=OnEditMemo ACBP=A9
 0001:000C9B3C 00000038 C=CODE     S=.text    G=(none)   M=OnEditCombo ACBP=A9
 0001:000C9B74 000000A8 C=CODE     S=.text    G=(none)   M=OnCalendarUtil ACBP=A9
 0001:000C9C1C 000000AB C=CODE     S=.text    G=(none)   M=OnPopupCalendar ACBP=A9
 0001:000C9CC8 000000E0 C=CODE     S=.text    G=(none)   M=OnEditMdate ACBP=A9
 0001:000C9DA8 000000C3 C=CODE     S=.text    G=(none)   M=CheckLst ACBP=A9
 0001:000C9E6C 00000038 C=CODE     S=.text    G=(none)   M=OnListbox ACBP=A9
 0001:000C9EA4 00000038 C=CODE     S=.text    G=(none)   M=OnCheckBox ACBP=A9
 0001:000C9EDC 00000038 C=CODE     S=.text    G=(none)   M=OnTmaxCodeEdit ACBP=A9
 0001:000C9F14 00000038 C=CODE     S=.text    G=(none)   M=OnTmaxDeptEdit ACBP=A9
 0001:000C9F4C 00000438 C=CODE     S=.text    G=(none)   M=OnInsaCommon ACBP=A9
 0001:000CA384 00000038 C=CODE     S=.text    G=(none)   M=kpaylib  ACBP=A9
 0001:000CA3BC 00000038 C=CODE     S=.text    G=(none)   M=OnDBGridEdit ACBP=A9
 0001:000CA3F4 000000E7 C=CODE     S=.text    G=(none)   M=OnDBGrid ACBP=A9
 0001:000CA4DC 00000038 C=CODE     S=.text    G=(none)   M=DBGridEH ACBP=A9
 0001:000CA514 000000A8 C=CODE     S=.text    G=(none)   M=WinInet  ACBP=A9
 0001:000CA5BC 00001894 C=CODE     S=.text    G=(none)   M=OnInternetFtp ACBP=A9
 0001:000CBE50 00000038 C=CODE     S=.text    G=(none)   M=RegStr   ACBP=A9
 0001:000CBE88 00000038 C=CODE     S=.text    G=(none)   M=UrlMon   ACBP=A9
 0001:000CBEC0 00000038 C=CODE     S=.text    G=(none)   M=ShlObj   ACBP=A9
 0001:000CBEF8 00000150 C=CODE     S=.text    G=(none)   M=FileCtrl ACBP=A9
 0001:000CC048 00000038 C=CODE     S=.text    G=(none)   M=WinSock  ACBP=A9
 0001:000CC080 00000038 C=CODE     S=.text    G=(none)   M=SyncObjs ACBP=A9
 0001:000CC0B8 00000038 C=CODE     S=.text    G=(none)   M=ScktComp ACBP=A9
 0001:000CC0F0 00000050 C=CODE     S=.text    G=(none)   M=ComConst ACBP=A9
 0001:000CC140 00000E69 C=CODE     S=.text    G=(none)   M=ComObj   ACBP=A9
 0001:000CCFAC 00000038 C=CODE     S=.text    G=(none)   M=CRParser ACBP=A9
 0001:000CCFE4 00000038 C=CODE     S=.text    G=(none)   M=DAConsts ACBP=A9
 0001:000CD01C 0000011C C=CODE     S=.text    G=(none)   M=MemData  ACBP=A9
 0001:000CD138 00000038 C=CODE     S=.text    G=(none)   M=MemDS    ACBP=A9
 0001:000CD170 00000038 C=CODE     S=.text    G=(none)   M=CRAccess ACBP=A9
 0001:000CD1A8 00000041 C=CODE     S=.text    G=(none)   M=DASQLMonitor ACBP=A9
 0001:000CD1EC 000001A0 C=CODE     S=.text    G=(none)   M=DBAccess ACBP=A9
 0001:000CD38C 00000038 C=CODE     S=.text    G=(none)   M=OraError ACBP=A9
 0001:000CD3C4 00000918 C=CODE     S=.text    G=(none)   M=OraCall  ACBP=A9
 0001:000CDCDC 00000074 C=CODE     S=.text    G=(none)   M=OraCrypt ACBP=A9
 0001:000CDD50 00000250 C=CODE     S=.text    G=(none)   M=OraParser ACBP=A9
 0001:000CDFA0 00000038 C=CODE     S=.text    G=(none)   M=OraNet   ACBP=A9
 0001:000CDFD8 00000038 C=CODE     S=.text    G=(none)   M=OraConsts ACBP=A9
 0001:000CE010 00000038 C=CODE     S=.text    G=(none)   M=OraObjects ACBP=A9
 0001:000CE048 00000041 C=CODE     S=.text    G=(none)   M=OraClasses ACBP=A9
 0001:000CE08C 00000038 C=CODE     S=.text    G=(none)   M=ConnectForm ACBP=A9
 0001:000CE0C4 00000038 C=CODE     S=.text    G=(none)   M=OraSQLMonitor ACBP=A9
 0001:000CE0FC 00000998 C=CODE     S=.text    G=(none)   M=Ora      ACBP=A9
 0001:000CEA94 00000038 C=CODE     S=.text    G=(none)   M=OraAlerter ACBP=A9
 0001:000CEACC 00000070 C=CODE     S=.text    G=(none)   M=OraSmart ACBP=A9
 0001:000CEB3C 00000808 C=CODE     S=.text    G=(none)   M=Func     ACBP=A9
 0001:000CF344 000005D8 C=CODE     S=.text    G=(none)   M=TmaxFunc ACBP=A9
 0001:000CF91C 00006BB4 C=CODE     S=.text    G=(none)   M=PIG10101A ACBP=A9
 0001:000D64D0 000004D4 C=CODE     S=.text    G=(none)   M=PIG1010A ACBP=A9
 0002:00000000 000000FE C=DATA     S=.data    G=DGROUP   M=System   ACBP=A9
 0002:00000100 00000018 C=DATA     S=.data    G=DGROUP   M=SysInit  ACBP=A9
 0002:00000118 00000240 C=DATA     S=.data    G=DGROUP   M=SysUtils ACBP=A9
 0002:00000358 00000010 C=DATA     S=.data    G=DGROUP   M=ActiveX  ACBP=A9
 0002:00000368 00000010 C=DATA     S=.data    G=DGROUP   M=TypInfo  ACBP=A9
 0002:00000378 0000009C C=DATA     S=.data    G=DGROUP   M=Classes  ACBP=A9
 0002:00000414 000002BC C=DATA     S=.data    G=DGROUP   M=Graphics ACBP=A9
 0002:000006D0 00000004 C=DATA     S=.data    G=DGROUP   M=Printers ACBP=A9
 0002:000006D4 00000088 C=DATA     S=.data    G=DGROUP   M=StdCtrls ACBP=A9
 0002:0000075C 00000128 C=DATA     S=.data    G=DGROUP   M=Controls ACBP=A9
 0002:00000884 00000020 C=DATA     S=.data    G=DGROUP   M=ImgList  ACBP=A9
 0002:000008A4 000000D8 C=DATA     S=.data    G=DGROUP   M=Menus    ACBP=A9
 0002:0000097C 00000148 C=DATA     S=.data    G=DGROUP   M=Forms    ACBP=A9
 0002:00000AC4 00000015 C=DATA     S=.data    G=DGROUP   M=ExtCtrls ACBP=A9
 0002:00000ADC 00000104 C=DATA     S=.data    G=DGROUP   M=Dialogs  ACBP=A9
 0002:00000BE0 00000028 C=DATA     S=.data    G=DGROUP   M=ComCtrls ACBP=A9
 0002:00000C08 0000002C C=DATA     S=.data    G=DGROUP   M=Buttons  ACBP=A9
 0002:00000C34 00000020 C=DATA     S=.data    G=DGROUP   M=OnCommon ACBP=A9
 0002:00000C54 00000040 C=DATA     S=.data    G=DGROUP   M=OnEditUtils ACBP=A9
 0002:00000C94 00000008 C=DATA     S=.data    G=DGROUP   M=IniFiles ACBP=A9
 0002:00000C9C 00000008 C=DATA     S=.data    G=DGROUP   M=Registry ACBP=A9
 0002:00000CA4 00000004 C=DATA     S=.data    G=DGROUP   M=OnOneInstance ACBP=A9
 0002:00000CA8 0000003C C=DATA     S=.data    G=DGROUP   M=DsgnIntf ACBP=A9
 0002:00000CE4 00000010 C=DATA     S=.data    G=DGROUP   M=Mask     ACBP=A9
 0002:00000CF4 00000136 C=DATA     S=.data    G=DGROUP   M=Db       ACBP=A9
 0002:00000E2C 00000074 C=DATA     S=.data    G=DGROUP   M=OnEditStdCtrl ACBP=A9
 0002:00000EA0 00000008 C=DATA     S=.data    G=DGROUP   M=OnEditBtnCtrl ACBP=A9
 0002:00000EA8 0000002C C=DATA     S=.data    G=DGROUP   M=DBCtrls  ACBP=A9
 0002:00000ED4 00000028 C=DATA     S=.data    G=DGROUP   M=DBGrids  ACBP=A9
 0002:00000EFC 000008F8 C=DATA     S=.data    G=DGROUP   M=jpeg     ACBP=A9
 0002:000017F4 00000103 C=DATA     S=.data    G=DGROUP   M=OnGifimage ACBP=A9
 0002:000018F8 00000006 C=DATA     S=.data    G=DGROUP   M=OnGrDBGrid ACBP=A9
 0002:00001900 00000004 C=DATA     S=.data    G=DGROUP   M=Tmax_DataSetText ACBP=A9
 0002:00001904 0000001C C=DATA     S=.data    G=DGROUP   M=OnTmaxPersonEdit ACBP=A9
 0002:00001920 00000C50 C=DATA     S=.data    G=DGROUP   M=Bde      ACBP=A9
 0002:00002570 000000B4 C=DATA     S=.data    G=DGROUP   M=DBCommon ACBP=A9
 0002:00002624 00000010 C=DATA     S=.data    G=DGROUP   M=SMIntf   ACBP=A9
 0002:00002634 0000004C C=DATA     S=.data    G=DGROUP   M=DBTables ACBP=A9
 0002:00002680 0000001C C=DATA     S=.data    G=DGROUP   M=OnPopupCalendar ACBP=A9
 0002:0000269C 00000008 C=DATA     S=.data    G=DGROUP   M=OnInsaCommon ACBP=A9
 0002:000026A4 00000024 C=DATA     S=.data    G=DGROUP   M=OnDBGrid ACBP=A9
 0002:000026C8 0000002C C=DATA     S=.data    G=DGROUP   M=ComObj   ACBP=A9
 0002:000026F4 00000014 C=DATA     S=.data    G=DGROUP   M=DBAccess ACBP=A9
 0002:00002708 00000080 C=DATA     S=.data    G=DGROUP   M=Ora      ACBP=A9
 0002:00002788 000001DC C=DATA     S=.data    G=DGROUP   M=Func     ACBP=A9
 0002:00002964 00000004 C=DATA     S=.data    G=DGROUP   M=PIG10101A ACBP=A9
 0002:00003000 000004D0 C=BSS      S=.bss     G=DGROUP   M=System   ACBP=A9
 0002:000034D0 00000018 C=BSS      S=.bss     G=DGROUP   M=SysInit  ACBP=A9
 0002:000034E8 00000004 C=BSS      S=.bss     G=DGROUP   M=Windows  ACBP=A9
 0002:000034EC 00000004 C=BSS      S=.bss     G=DGROUP   M=Messages ACBP=A9
 0002:000034F0 00000004 C=BSS      S=.bss     G=DGROUP   M=SysConst ACBP=A9
 0002:000034F4 00000114 C=BSS      S=.bss     G=DGROUP   M=SysUtils ACBP=A9
 0002:00003608 00000004 C=BSS      S=.bss     G=DGROUP   M=ActiveX  ACBP=A9
 0002:0000360C 00000004 C=BSS      S=.bss     G=DGROUP   M=Consts   ACBP=A9
 0002:00003610 00000004 C=BSS      S=.bss     G=DGROUP   M=TypInfo  ACBP=A9
 0002:00003614 00000024 C=BSS      S=.bss     G=DGROUP   M=Classes  ACBP=A9
 0002:00003638 00000060 C=BSS      S=.bss     G=DGROUP   M=Graphics ACBP=A9
 0002:00003698 0000000C C=BSS      S=.bss     G=DGROUP   M=Commctrl ACBP=A9
 0002:000036A4 00000031 C=BSS      S=.bss     G=DGROUP   M=MultiMon ACBP=A9
 0002:000036D8 00000004 C=BSS      S=.bss     G=DGROUP   M=Imm      ACBP=A9
 0002:000036DC 00000004 C=BSS      S=.bss     G=DGROUP   M=Math     ACBP=A9
 0002:000036E0 00000004 C=BSS      S=.bss     G=DGROUP   M=WinSpool ACBP=A9
 0002:000036E4 00000004 C=BSS      S=.bss     G=DGROUP   M=Printers ACBP=A9
 0002:000036E8 00000034 C=BSS      S=.bss     G=DGROUP   M=FlatSB   ACBP=A9
 0002:0000371C 00000004 C=BSS      S=.bss     G=DGROUP   M=StdCtrls ACBP=A9
 0002:00003720 0000000C C=BSS      S=.bss     G=DGROUP   M=Clipbrd  ACBP=A9
 0002:0000372C 00000004 C=BSS      S=.bss     G=DGROUP   M=StdActns ACBP=A9
 0002:00003730 00000070 C=BSS      S=.bss     G=DGROUP   M=Controls ACBP=A9
 0002:000037A0 00000004 C=BSS      S=.bss     G=DGROUP   M=ActnList ACBP=A9
 0002:000037A4 00000004 C=BSS      S=.bss     G=DGROUP   M=ImgList  ACBP=A9
 0002:000037A8 0000000C C=BSS      S=.bss     G=DGROUP   M=Menus    ACBP=A9
 0002:000037B4 00000044 C=BSS      S=.bss     G=DGROUP   M=Forms    ACBP=A9
 0002:000037F8 00000004 C=BSS      S=.bss     G=DGROUP   M=CommDlg  ACBP=A9
 0002:000037FC 00000004 C=BSS      S=.bss     G=DGROUP   M=ExtCtrls ACBP=A9
 0002:00003800 00000004 C=BSS      S=.bss     G=DGROUP   M=Dlgs     ACBP=A9
 0002:00003804 0000003C C=BSS      S=.bss     G=DGROUP   M=Dialogs  ACBP=A9
 0002:00003840 00000004 C=BSS      S=.bss     G=DGROUP   M=RichEdit ACBP=A9
 0002:00003844 00000004 C=BSS      S=.bss     G=DGROUP   M=ToolWin  ACBP=A9
 0002:00003848 00000004 C=BSS      S=.bss     G=DGROUP   M=ComStrs  ACBP=A9
 0002:0000384C 00000008 C=BSS      S=.bss     G=DGROUP   M=ComCtrls ACBP=A9
 0002:00003854 00000030 C=BSS      S=.bss     G=DGROUP   M=Buttons  ACBP=A9
 0002:00003884 00000004 C=BSS      S=.bss     G=DGROUP   M=OnCommon ACBP=A9
 0002:00003888 00000004 C=BSS      S=.bss     G=DGROUP   M=OnEditUtils ACBP=A9
 0002:0000388C 00000004 C=BSS      S=.bss     G=DGROUP   M=OnScheme ACBP=A9
 0002:00003890 0000000C C=BSS      S=.bss     G=DGROUP   M=OnCursors ACBP=A9
 0002:0000389C 00000004 C=BSS      S=.bss     G=DGROUP   M=OnFocusButton ACBP=A9
 0002:000038A0 00000004 C=BSS      S=.bss     G=DGROUP   M=IniFiles ACBP=A9
 0002:000038A4 00000004 C=BSS      S=.bss     G=DGROUP   M=Registry ACBP=A9
 0002:000038A8 00000004 C=BSS      S=.bss     G=DGROUP   M=ShellAPI ACBP=A9
 0002:000038AC 00000004 C=BSS      S=.bss     G=DGROUP   M=TLHelp32 ACBP=A9
 0002:000038B0 00000008 C=BSS      S=.bss     G=DGROUP   M=OnRegistry ACBP=A9
 0002:000038B8 00000004 C=BSS      S=.bss     G=DGROUP   M=OnOneInstance ACBP=A9
 0002:000038BC 00000004 C=BSS      S=.bss     G=DGROUP   M=DsgnIntf ACBP=A9
 0002:000038C0 00000004 C=BSS      S=.bss     G=DGROUP   M=Tmax_atmi ACBP=A9
 0002:000038C4 00000004 C=BSS      S=.bss     G=DGROUP   M=DbConsts ACBP=A9
 0002:000038C8 00000004 C=BSS      S=.bss     G=DGROUP   M=Mask     ACBP=A9
 0002:000038CC 00000004 C=BSS      S=.bss     G=DGROUP   M=Db       ACBP=A9
 0002:000038D0 00000004 C=BSS      S=.bss     G=DGROUP   M=Tmax_common ACBP=A9
 0002:000038D4 00000008 C=BSS      S=.bss     G=DGROUP   M=TmaxCursors ACBP=A9
 0002:000038DC 00000004 C=BSS      S=.bss     G=DGROUP   M=Tmax_session ACBP=A9
 0002:000038E0 00000004 C=BSS      S=.bss     G=DGROUP   M=OnEditBaseCtrl ACBP=A9
 0002:000038E4 00000004 C=BSS      S=.bss     G=DGROUP   M=OnStringUtils ACBP=A9
 0002:000038E8 00000004 C=BSS      S=.bss     G=DGROUP   M=OnEditStdCtrl ACBP=A9
 0002:000038EC 00000004 C=BSS      S=.bss     G=DGROUP   M=Grids    ACBP=A9
 0002:000038F0 00000004 C=BSS      S=.bss     G=DGROUP   M=OnShapeLabel ACBP=A9
 0002:000038F4 00000004 C=BSS      S=.bss     G=DGROUP   M=OnSkinBtn ACBP=A9
 0002:000038F8 00000004 C=BSS      S=.bss     G=DGROUP   M=OnLineLabel ACBP=A9
 0002:000038FC 00000004 C=BSS      S=.bss     G=DGROUP   M=OnEditBtnCtrl ACBP=A9
 0002:00003900 00000008 C=BSS      S=.bss     G=DGROUP   M=OnPopupEdit ACBP=A9
 0002:00003908 00000004 C=BSS      S=.bss     G=DGROUP   M=DBCtrls  ACBP=A9
 0002:0000390C 0000000C C=BSS      S=.bss     G=DGROUP   M=DBGrids  ACBP=A9
 0002:00003918 00000004 C=BSS      S=.bss     G=DGROUP   M=jconsts  ACBP=A9
 0002:0000391C 00000004 C=BSS      S=.bss     G=DGROUP   M=jpeg     ACBP=A9
 0002:00003920 00000004 C=BSS      S=.bss     G=DGROUP   M=MMSystem ACBP=A9
 0002:00003924 00000010 C=BSS      S=.bss     G=DGROUP   M=OnGifimage ACBP=A9
 0002:00003934 00000004 C=BSS      S=.bss     G=DGROUP   M=OnGraphicLib ACBP=A9
 0002:00003938 00000004 C=BSS      S=.bss     G=DGROUP   M=OnGrDBGrid ACBP=A9
 0002:0000393C 00000004 C=BSS      S=.bss     G=DGROUP   M=OnInsaRes ACBP=A9
 0002:00003940 00000004 C=BSS      S=.bss     G=DGROUP   M=Tmax_fdl ACBP=A9
 0002:00003944 00000004 C=BSS      S=.bss     G=DGROUP   M=Tmax_DataSetText ACBP=A9
 0002:00003948 00000004 C=BSS      S=.bss     G=DGROUP   M=OnTmaxPersonEdit ACBP=A9
 0002:0000394C 00000004 C=BSS      S=.bss     G=DGROUP   M=OnEditNumCtl ACBP=A9
 0002:00003950 0000001C C=BSS      S=.bss     G=DGROUP   M=Bde      ACBP=A9
 0002:0000396C 00000004 C=BSS      S=.bss     G=DGROUP   M=DBCommon ACBP=A9
 0002:00003970 00000004 C=BSS      S=.bss     G=DGROUP   M=SMIntf   ACBP=A9
 0002:00003974 00000004 C=BSS      S=.bss     G=DGROUP   M=StdVCL   ACBP=A9
 0002:00003978 00000004 C=BSS      S=.bss     G=DGROUP   M=DBPWDlg  ACBP=A9
 0002:0000397C 00000004 C=BSS      S=.bss     G=DGROUP   M=DBLogDlg ACBP=A9
 0002:00003980 00000004 C=BSS      S=.bss     G=DGROUP   M=BdeConst ACBP=A9
 0002:00003984 00000031 C=BSS      S=.bss     G=DGROUP   M=DBTables ACBP=A9
 0002:000039B8 00000004 C=BSS      S=.bss     G=DGROUP   M=OnEditMemo ACBP=A9
 0002:000039BC 00000004 C=BSS      S=.bss     G=DGROUP   M=OnEditCombo ACBP=A9
 0002:000039C0 00000004 C=BSS      S=.bss     G=DGROUP   M=OnCalendarUtil ACBP=A9
 0002:000039C4 00000004 C=BSS      S=.bss     G=DGROUP   M=OnPopupCalendar ACBP=A9
 0002:000039C8 00000004 C=BSS      S=.bss     G=DGROUP   M=OnEditMdate ACBP=A9
 0002:000039CC 0000000C C=BSS      S=.bss     G=DGROUP   M=CheckLst ACBP=A9
 0002:000039D8 00000004 C=BSS      S=.bss     G=DGROUP   M=OnListbox ACBP=A9
 0002:000039DC 00000004 C=BSS      S=.bss     G=DGROUP   M=OnCheckBox ACBP=A9
 0002:000039E0 00000004 C=BSS      S=.bss     G=DGROUP   M=OnTmaxCodeEdit ACBP=A9
 0002:000039E4 00000004 C=BSS      S=.bss     G=DGROUP   M=OnTmaxDeptEdit ACBP=A9
 0002:000039E8 00000004 C=BSS      S=.bss     G=DGROUP   M=OnInsaCommon ACBP=A9
 0002:000039EC 00000004 C=BSS      S=.bss     G=DGROUP   M=kpaylib  ACBP=A9
 0002:000039F0 00000004 C=BSS      S=.bss     G=DGROUP   M=OnDBGridEdit ACBP=A9
 0002:000039F4 00000004 C=BSS      S=.bss     G=DGROUP   M=OnDBGrid ACBP=A9
 0002:000039F8 00000004 C=BSS      S=.bss     G=DGROUP   M=DBGridEH ACBP=A9
 0002:000039FC 00000004 C=BSS      S=.bss     G=DGROUP   M=WinInet  ACBP=A9
 0002:00003A00 00000004 C=BSS      S=.bss     G=DGROUP   M=OnInternetFtp ACBP=A9
 0002:00003A04 00000004 C=BSS      S=.bss     G=DGROUP   M=RegStr   ACBP=A9
 0002:00003A08 00000004 C=BSS      S=.bss     G=DGROUP   M=UrlMon   ACBP=A9
 0002:00003A0C 00000004 C=BSS      S=.bss     G=DGROUP   M=ShlObj   ACBP=A9
 0002:00003A10 00000004 C=BSS      S=.bss     G=DGROUP   M=FileCtrl ACBP=A9
 0002:00003A14 00000004 C=BSS      S=.bss     G=DGROUP   M=WinSock  ACBP=A9
 0002:00003A18 00000004 C=BSS      S=.bss     G=DGROUP   M=SyncObjs ACBP=A9
 0002:00003A1C 00000004 C=BSS      S=.bss     G=DGROUP   M=ScktComp ACBP=A9
 0002:00003A20 00000004 C=BSS      S=.bss     G=DGROUP   M=ComConst ACBP=A9
 0002:00003A24 00000011 C=BSS      S=.bss     G=DGROUP   M=ComObj   ACBP=A9
 0002:00003A38 00000004 C=BSS      S=.bss     G=DGROUP   M=CRParser ACBP=A9
 0002:00003A3C 00000004 C=BSS      S=.bss     G=DGROUP   M=DAConsts ACBP=A9
 0002:00003A40 00000044 C=BSS      S=.bss     G=DGROUP   M=MemData  ACBP=A9
 0002:00003A84 00000004 C=BSS      S=.bss     G=DGROUP   M=MemDS    ACBP=A9
 0002:00003A88 00000004 C=BSS      S=.bss     G=DGROUP   M=CRAccess ACBP=A9
 0002:00003A8C 00000008 C=BSS      S=.bss     G=DGROUP   M=DASQLMonitor ACBP=A9
 0002:00003A94 00000004 C=BSS      S=.bss     G=DGROUP   M=DBAccess ACBP=A9
 0002:00003A98 00000004 C=BSS      S=.bss     G=DGROUP   M=OraError ACBP=A9
 0002:00003A9C 00000334 C=BSS      S=.bss     G=DGROUP   M=OraCall  ACBP=A9
 0002:00003DD0 0000000C C=BSS      S=.bss     G=DGROUP   M=OraCrypt ACBP=A9
 0002:00003DDC 00000090 C=BSS      S=.bss     G=DGROUP   M=OraParser ACBP=A9
 0002:00003E6C 00000004 C=BSS      S=.bss     G=DGROUP   M=OraNet   ACBP=A9
 0002:00003E70 00000004 C=BSS      S=.bss     G=DGROUP   M=OraConsts ACBP=A9
 0002:00003E74 00000004 C=BSS      S=.bss     G=DGROUP   M=OraObjects ACBP=A9
 0002:00003E78 00000008 C=BSS      S=.bss     G=DGROUP   M=OraClasses ACBP=A9
 0002:00003E80 00000004 C=BSS      S=.bss     G=DGROUP   M=ConnectForm ACBP=A9
 0002:00003E84 00000004 C=BSS      S=.bss     G=DGROUP   M=OraSQLMonitor ACBP=A9
 0002:00003E88 0000000C C=BSS      S=.bss     G=DGROUP   M=Ora      ACBP=A9
 0002:00003E94 00000004 C=BSS      S=.bss     G=DGROUP   M=OraAlerter ACBP=A9
 0002:00003E98 0000000C C=BSS      S=.bss     G=DGROUP   M=OraSmart ACBP=A9
 0002:00003EA4 00000100 C=BSS      S=.bss     G=DGROUP   M=Func     ACBP=A9
 0002:00003FA4 00000008 C=BSS      S=.bss     G=DGROUP   M=TmaxFunc ACBP=A9
 0002:00003FAC 0000000C C=BSS      S=.bss     G=DGROUP   M=PIG10101A ACBP=A9


  Address         Publics by Name

 0002:00001088       .
 0001:0000529C       .
 0002:000000BC       .
 0001:0008C6F0       .
 0001:00090898       .
 0001:0008CC58       .
 0001:0009A174       .
 0001:0000C590       .
 0001:0008D118       .
 0001:00091BA0       .
 0002:00003954       .
 0002:00002494       .
 0001:000BC15C       .
 0002:00001920       .
 0001:00092278       .
 0001:00093314       .
 0001:0008D84C       .
 0001:00093608       .
 0001:00099944       .
 0002:00000F88       .
 0001:0008E618       .
 0002:00001008       .
 0001:0008F0A8       .
 0002:00001194       .
 0001:0008F694       .
 0001:0008FC40       .
 0001:000B8DF8       .
 0001:00098774       .
 0001:00097F88       .
 0001:000938F4       .
 0001:00096FE8       .
 0001:000953AC       .
 0001:0009CB0C       .
 0001:0009B6A4       .
 0002:00001394       .
 0001:000970FC       .
 0002:00001734       .
 0001:0009B124       .
 0001:0009A7FC       .
 0001:00004FBC       .
 0002:00000F78       .
 0001:0008BA90       .
 0001:000992AC       .
 0001:00099408       .
 0002:00003804       .01
 0002:00003928       .02
 0002:00003E90       .02
 0002:00003840       .1
 0002:00003848       .1
 0002:00003980       .1
 0002:00003884       .1
 0002:00003974       .1
 0002:000039C0       .1
 0002:00003970       .1
 0002:00003800       .1
 0002:00003898       .1
 0002:000038A8       .1
 0002:000038AC       .1
 0002:000038B4       .1
 0002:000038C4       .1
 0002:000037F8       .1
 0002:000034F0       .1
 0002:000034EC       .1
 0002:000038D0       .1
 0002:00003E70       .1
 0002:000038D8       .1
 0002:000038E4       .1
 0002:00003950       .1
 0002:0000393C       .1
 0002:00003934       .1
 0002:000039E8       .1
 0002:000039EC       .1
 0002:00003918       .1
 0002:000039FC       .1
 0002:000034E0       .1
 0002:00003A04       .1
 0002:00003A08       .1
 0002:00003A0C       .1
 0002:00003A14       .1
 0002:00003A3C       .1
 0002:00003A20       .1
 0002:0000360C       .1
 0002:00003698       .1
 0002:00003708       .1
 0002:000036D8       .1
 0002:000036C4       .1
 0002:000035FC       .14
 0002:0000384C       .15
 0002:000038C0       .2
 0002:00003E80       .2
 0002:00003724       .2
 0002:000039DC       .2
 0002:00003940       .2
 0002:000038F0       .2
 0002:000034E8       .2
 0002:000038F8       .2
 0002:00003A38       .2
 0002:00003FB4       .2
 0002:000038F4       .2
 0002:00003A00       .2
 0002:00003A98       .2
 0002:0000397C       .2
 0002:00003DDC       .2
 0002:00003978       .2
 0002:000038B8       .2
 0002:00003E84       .2
 0002:00003888       .2
 0002:000039CC       .2
 0002:00003FA8       .2
 0002:000036DC       .2
 0002:0000389C       .2
 0002:00003908       .22
 0002:00003738       .22
 0002:000038CC       .25
 0002:000039D8       .3
 0002:00003DB0       .3
 0002:0000391C       .3
 0002:0000394C       .3
 0002:000038DC       .3
 0002:0000342C       .3
 0002:000039C4       .3
 0002:00003A8C       .3
 0002:000036E4       .3
 0002:000036E0       .3
 0002:00003608       .3
 0002:000037A4       .3
 0002:00003854       .3
 0002:00003610       .3
 0002:000037BC       .31
 0002:0000372C       .31
 0002:00003A44       .31
 0002:00003990       .32
 0002:0000371C       .32
 0002:000039E0       .4
 0002:00003948       .4
 0002:000038A0       .4
 0002:000039C8       .4
 0002:000039E4       .4
 0002:00003A84       .4
 0002:0000388C       .4
 0002:00003904       .4
 0002:00003844       .4
 0002:000039B8       .4
 0002:0000396C       .4
 0002:00003A1C       .41
 0002:000038A4       .5
 0002:00003A10       .5
 0002:00003FA0       .5
 0002:00003938       .5
 0002:000038E8       .51
 0002:00003A24       .51
 0002:000038BC       .53
 0002:000038C8       .6
 0002:000039F0       .6
 0002:00003A18       .6
 0002:000039BC       .6
 0002:00003A94       .61
 0002:000037FC       .61
 0002:00003920       .7
 0002:00003A88       .7
 0002:000037A8       .7
 0002:000037A0       .7
 0002:000039F4       .71
 0002:00003944       .8
 0002:00003E7C       .8
 0002:00003E74       .8
 0002:000038E0       .8
 0002:000038FC       .8
 0002:0000363C       .81
 0002:0000361C       .84
 0002:000039F8       .9
 0002:0000390C       .9
 0002:000038EC       .9
 0001:00001980       @AbstractError
 0001:0000358C       @AddRef
 0001:000034CC       @AddRefArray
 0001:000034A0       @AddRefRecord
 0001:000021F8       @AfterConstruction
 0001:000052E5       @Append
 0001:00001FF0       @AsClass
 0001:000051BE       @Assign
 0001:00001A9C       @AStrCmp
 0001:00002200       @BeforeDestruction
 0001:0000203C       @CallDynaInst
 0001:000021A0       @ClassCreate
 0001:000021F0       @ClassDestroy
 0001:00005260       @Close
 0001:00001898       @Copy
 0001:000036B4       @CopyArray
 0001:00003598       @CopyRecord
 0001:00003900       @DispInvokeError
 0001:000037BC       @Dispose
 0001:000025BC       @DoneExcept
 0001:00004AF8       @DynArrayAddRef
 0001:00004AD0       @DynArrayAsg
 0001:00004A94       @DynArrayClear
 0001:000048D4       @DynArrayHigh
 0001:000048CC       @DynArrayLength
 0001:00004A88       @DynArraySetLength
 0001:000026B0       @ExceptionHandler
 0001:00001B0C       @FillChar
 0001:00003494       @Finalize
 0001:000033B4       @FinalizeArray
 0001:00003388       @FinalizeRecord
 0001:00002054       @FindDynaInst
 0001:00005239       @Flush
 0001:00001D9C       @FpuInit
 0001:00001CD8       @FpuMaskInit
 0001:000017B0       @FreeMem
 0001:00001798       @GetMem
 0001:00005B98       @GetTls
 0001:00002A58       @Halt
 0001:00002940       @Halt0
 0001:0000230C       @HandleAnyException
 0001:00002514       @HandleFinally
 0001:000023DC       @HandleOnException
 0001:00005C28       @InitExe
 0001:0000337C       @Initialize
 0001:000032E8       @InitializeArray
 0001:000032BC       @InitializeRecord
 0001:00002880       @InitImports
 0001:00002864       @InitResStringImports
 0001:000028A0       @InitWideStrings
 0001:00004F34       @IntfAddRef
 0001:00004F00       @IntfClear
 0001:00004F18       @IntfCopy
 0001:00001FD8       @IsClass
 0001:00001CA8       @isNECWindows
 0001:00096F5C       @jcopy_block_row
 0001:00096F10       @jcopy_sample_rows
 0001:00090804       @jinit_1pass_quantizer
 0001:00091A80       @jinit_2pass_quantizer
 0001:0009A5B0       @jinit_color_converter
 0001:0008FA74       @jinit_color_deconverter
 0001:00097ED8       @jinit_compress_master
 0001:0009A0AC       @jinit_c_coef_controller
 0001:00099384       @jinit_c_main_controller
 0001:000991E4       @jinit_c_master_control
 0001:0009989C       @jinit_c_prep_controller
 0001:0009AF9C       @jinit_downsampler
 0001:00093200       @jinit_d_coef_controller
 0001:00092198       @jinit_d_main_controller
 0001:00093574       @jinit_d_post_controller
 0001:0009B614       @jinit_forward_dct
 0001:0008F068       @jinit_huff_decoder
 0001:0009D64C       @jinit_huff_encoder
 0001:0008CC10       @jinit_input_controller
 0001:00093878       @jinit_inverse_dct
 0001:00096E8C       @jinit_marker_reader
 0001:00098728       @jinit_marker_writer
 0001:0008D814       @jinit_master_decompress
 0001:0008C5C0       @jinit_memory_mgr
 0001:0008F614       @jinit_merged_upsampler
 0001:0008E5A4       @jinit_phuff_decoder
 0001:0009C14C       @jinit_phuff_encoder
 0001:00093DD8       @jinit_upsampler
 0001:00096F6C       @jpeg_abort
 0001:00096FD0       @jpeg_alloc_huff_table
 0001:00096FB8       @jpeg_alloc_quant_table
 0001:0009C7E0       @jpeg_fdct_float
 0001:0009C574       @jpeg_fdct_ifast
 0001:0009C190       @jpeg_fdct_islow
 0001:0008E950       @jpeg_fill_bit_buffer
 0001:0008C6C4       @jpeg_free_large
 0001:0008C6B4       @jpeg_free_small
 0001:0009D390       @jpeg_gen_optimal_table
 0001:0008C6BC       @jpeg_get_large
 0001:0008C6AC       @jpeg_get_small
 0001:0008EA60       @jpeg_huff_decode
 0001:00095370       @jpeg_idct_1x1
 0001:00095194       @jpeg_idct_2x2
 0001:00094E00       @jpeg_idct_4x4
 0001:00093FF0       @jpeg_idct_float
 0001:00094420       @jpeg_idct_ifast
 0001:0009482C       @jpeg_idct_islow
 0001:0009CCD8       @jpeg_make_c_derived_tbl
 0001:0008E738       @jpeg_make_d_derived_tbl
 0001:0008C6CC       @jpeg_mem_available
 0001:0008C6E8       @jpeg_mem_init
 0001:0008C6EC       @jpeg_mem_term
 0001:0008C6D8       @jpeg_open_backing_store
 0001:00096D60       @jpeg_resync_to_restart
 0001:00097D0C       @jpeg_suppress_tables
 0001:00096EF8       @jround_up
 0001:00002F24       @LStrAddRef
 0001:00002B18       @LStrArrayClr
 0001:00002B48       @LStrAsg
 0001:00002D78       @LStrCat
 0001:00002DBC       @LStrCat3
 0001:00002E30       @LStrCatN
 0001:00002AF4       @LStrClr
 0001:00002E80       @LStrCmp
 0001:00002F74       @LStrCopy
 0001:00002FB4       @LStrDelete
 0001:00002D20       @LStrFromArray
 0001:00002C98       @LStrFromChar
 0001:00002CA8       @LStrFromPChar
 0001:00002BD8       @LStrFromPCharLen
 0001:00002CD8       @LStrFromPWChar
 0001:00002C08       @LStrFromPWCharLen
 0001:00002D14       @LStrFromString
 0001:00002D38       @LStrFromWStr
 0001:00002FFC       @LStrInsert
 0001:00002B8C       @LStrLAsg
 0001:00002D70       @LStrLen
 0001:00003058       @LStrPos
 0001:000030A0       @LStrSetLength
 0001:00002F34       @LStrToPChar
 0001:00002D4C       @LStrToString
 0001:000037A8       @New
 0001:00002BB4       @NewAnsiString
 0001:00003240       @NewWideString
 0001:00003F6C       @OleVarFromVar
 0001:00005464       @Pow10
 0001:00001A18       @PStrCmp
 0001:000019CC       @PStrCpy
 0001:0000199C       @PStrNCat
 0001:000019E8       @PStrNCpy
 0001:00002568       @RaiseAgain
 0001:0000254C       @RaiseExcept
 0001:000017C8       @ReallocMem
 0001:000052D7       @ResetText
 0001:000052DE       @RewritText
 0001:00001958       @ROUND
 0001:00002A64       @RunError
 0001:00001934       @SetLength
 0001:00002834       @StartExe
 0001:0000468C       @Str0Int64
 0001:00001B8C       @Str0Long
 0001:000045CC       @StrInt64
 0001:00001B2C       @StrLong
 0001:00001964       @TRUNC
 0001:000025EC       @TryFinallyExit
 0001:000046A8       @ValInt64
 0001:00001B98       @ValLong
 0001:000041EC       @VarAddRef
 0001:00004434       @VarArrayGet
 0001:000044C8       @VarArrayPut
 0001:00003B6C       @VarCast
 0001:00003918       @VarClear
 0001:000041E4       @VarClr
 0001:000040D4       @VarCmp
 0001:0000395C       @VarCopy
 0001:00003E44       @VarFromBool
 0001:00003E7C       @VarFromCurr
 0001:00003E2C       @VarFromInt
 0001:00003E94       @VarFromLStr
 0001:00003E64       @VarFromReal
 0001:00003ED4       @VarFromWStr
 0001:00003CCC       @VarToBool
 0001:00003D5C       @VarToCurr
 0001:00003C60       @VarToInt
 0001:00003DB8       @VarToLStr
 0001:00003D00       @VarToReal
 0001:00003DF4       @VarToWStr
 0001:000053CB       @Write0Char
 0001:00005434       @Write0CString
 0001:00005390       @Write0String
 0001:000052EC       @WriteBytes
 0001:0000541D       @WriteChar
 0001:00005438       @WriteCString
 0001:000053B7       @WriteLn
 0001:00005357       @WriteSpaces
 0001:0000539A       @WriteString
 0001:0000329C       @WStrAddRef
 0001:00003134       @WStrArrayClr
 0001:00003158       @WStrAsg
 0001:0000311C       @WStrClr
 0001:00003224       @WStrFromLStr
 0001:0000317C       @WStrFromPCharLen
 0001:00003200       @WStrFromPWCharLen
 0001:00003234       @WStrLen
 0001:00003258       @WStrSetLength
 0001:00001C7C       @_CLenToPasStr
 0001:00001C64       @_CToPasStr
 0001:00005214       @_Flush
 0001:00001868       @_IOTest
 0001:0000577E       @_lldiv
 0001:000057F6       @_lldivo
 0001:00005871       @_llmod
 0001:000058EB       @_llmodo
 0001:00005738       @_llmul
 0001:0000575B       @_llmulo
 0001:0000596B       @_llshl
 0001:00005828       @_lludiv
 0001:0000591D       @_llumod
 0001:000059A3       @_llushr
 0001:0000ACDC       Abort
 0001:00028B4C       AbsMin
 0001:0000B048       AbstractErrorHandler
 0002:0000301C       AbstractErrorProc
 0002:00000190       AccessMode
 0001:000061F4       ActivateKeyboardLayout
 0002:00003760       ActiveDrag
 0001:0000D0AC       ActiveX
 0001:00036598       ActnList
 0001:000004D0       AddBlockAfter
 0001:00007830       AddExitProc
 0001:0005D070       AddFieldDefs
 0001:000849D4       AddFields
 0001:0005D2C8       AddFields
 0001:00012E90       AddFinished
 0001:000A6A00       AddIconMask
 0001:00039430       AddIn
 0001:000A6844       AddMask
 0001:000A6998       AddMaskOnly
 0001:000C202C       AddMessage
 0001:000A6ACC       AddMetafileMask
 0001:00004D4C       AddModuleUnloadProc
 0001:00012EC8       AddNotFinished
 0001:00016BD8       AddThread
 0001:0004B318       AdjustColors
 0001:00064BC0       AdjustFirstRecord
 0001:0003F290       Adjustment
 0001:000061FC       AdjustWindowRectEx
 0001:0000BFC0       AL1
 0002:00000340       AL1s
 0001:0000BFD0       AL2
 0002:0000034C       AL2s
 0001:0009E7D4       AlignBit
 0002:00000C54       AlignFlags
 0002:00000C88       AlignFlags
 0002:00000ED8       AlignFlags
 0002:00000E74       AlignmentFlags
 0002:000006DC       Alignments
 0002:00000E3C       Alignments
 0002:00000964       Alignments
 0002:00000954       Alignments
 0002:00000ACC       Alignments
 0001:0002D7F0       AlignWork
 0001:00045C10       AlignWork
 0001:0003ECC4       AllocateHWnd
 0001:00016B48       AllocateWindow
 0001:0004CBE8       AllocFilterStr
 0001:000077E4       AllocMem
 0002:00003424       AllocMemCount
 0002:00003428       AllocMemSize
 0001:00020CA4       AllocPatternBitmap
 0001:0000C03C       ALR
 0001:0000BFE8       ALV
 0001:00015B7C       AncestorValid
 0002:00000760       AnchorAlign
 0001:000079BC       AnsiCompareText
 0001:00007A84       AnsiExtractQuotedStr
 0001:00007E24       AnsiLastChar
 0001:00006204       AnsiLower
 0001:00007988       AnsiLowerCase
 0001:0000B874       AnsiLowerCaseFileName
 0001:0000B83C       AnsiPos
 0001:000079F4       AnsiStrComp
 0001:00007A14       AnsiStrLIComp
 0001:0000B98C       AnsiStrPos
 0001:0000BA2C       AnsiStrRScan
 0001:0000BA54       AnsiStrScan
 0001:000C1CB8       AnsiToNative
 0001:000C1D44       AnsiToNativeBuf
 0001:00007954       AnsiUpperCase
 0001:0000B900       AnsiUpperCaseFileName
 0001:000039F4       AnyChangeType
 0001:00004040       AnyCmp
 0001:00009038       AppendChars
 0001:00009400       AppendFormat
 0001:0000909C       AppendNumber
 0001:0000907C       AppendString
 0002:000018E8       AppExtensionList
 0002:000037B4       Application
 0002:00000ABC       AppVisible
 0002:00000CF0       ArrowKey
 0001:0000B02C       AssertErrorHandler
 0002:00003018       AssertErrorProc
 0001:0000D8C4       AssignLongStr
 0001:0000DC0C       AssignVariant
 0001:0000D958       AssignWideStr
 0001:0005DB44       AttributeSetStored
 0002:00003478       avail
 0001:00007F58       BackfillGetDiskFreeSpaceEx
 0001:0002B344       BackgroundClipped
 0001:000ADAE4       BarDraw
 0002:00000E0C       BaseFieldTypes
 0002:00000064       BaseTypeMap
 0001:000BCAD4       Bde
 0001:000C1AC4       BdeCallBack
 0001:000C041C       BdeConst
 0002:000039AC       BDEInitProcs
 0001:0000F944       BeginGlobalLoading
 0001:0000620C       BeginPaint
 0001:00002AA8       BeginThread
 0001:0004AE08       BevelLine
 0001:0004AD18       BevelRect
 0001:00005F4C       BitBlt
 0002:00000C08       BitBtnCaptions
 0002:00003858       BitBtnGlyphs
 0002:00001888       BitBucketMask
 0002:00000684       BitCounts
 0002:0000067C       BitmapCanvasList
 0002:00003654       BitmapImageLock
 0002:000025A8       BlobTypeMap
 0002:000009A4       BlockCode
 0002:00003450       blockDescBlockList
 0002:00003454       blockDescFreeList
 0002:00000368       BooleanIdents
 0002:000025E8       BoolFalse
 0002:00003A48       BoolLexems
 0002:00000C44       Borders
 0002:000006D4       BorderStyles
 0002:00000A14       BorderStyles
 0002:00000AC4       BorderStyles
 0001:0000F314       Bounds
 0002:000008FC       Breaks
 0002:0000368C       BrushManager
 0002:00000EA8       BtnHintId
 0001:00071D24       Build
 0001:0008AC20       BuildColorMap
 0001:0003B0C0       BuildImage
 0001:0008AB78       BuildPalette
 0002:00000B88       ButtonCaptions
 0002:00000B5C       ButtonNames
 0002:00000978       Buttons
 0001:0004F708       Buttons
 0002:00000718       ButtonStyles
 0002:00003814       ButtonWidths
 0001:0001B0E0       BytesPerScanline
 0001:0009EDF4       ByteSwapColors
 0001:0001B438       ByteSwapColors
 0001:0000B63C       ByteToCharIndex
 0001:0000B614       ByteToCharLen
 0001:0000B5D8       ByteType
 0001:0000B560       ByteTypeTest
 0002:000000B8       C10000
 0002:00000374       C10000
 0001:0007408C       CalcAxis
 0001:00074D4C       CalcAxis
 0001:000742C8       CalcAxisState
 0001:00074110       CalcFixedAxis
 0001:0003EC00       CalcJmpOffset
 0001:00074224       CalcMaxCell
 0001:000761DC       CalcPageExtents
 0001:00075AD8       CalcScroll
 0001:00075150       CalcScrollBar
 0001:00075E3C       CalcSizeInfo
 0001:00034ADC       CalcSplitterPos
 0001:00062690       CalcTotalSize
 0001:0005DB84       CalculatedStored
 0001:00006214       CallNextHookEx
 0001:0000BF84       CallTerminateProcs
 0001:0000621C       CallWindowProc
 0001:00029A78       CancelDrag
 0001:00065868       CancelNestedDataSets
 0001:000A7B60       CanMakeTransparent
 0002:00003770       CanvasList
 0002:00003690       CanvasList
 0002:00000B34       Captions
 0002:00000818       CaptureControl
 0002:00002658       CBRetCode
 0001:0004C530       CenterWindow
 0002:00003722       CF_COMPONENT
 0002:00003924       CF_GIF
 0002:00003720       CF_PICTURE
 0002:000033EC       ChangeAnyProc
 0001:000281F0       ChangeBiDiModeAlignment
 0002:000026F4       ChangeCursor
 0001:00003A60       ChangeSourceAny
 0002:00000E48       CharCases
 0002:000006FC       CharCases
 0001:00006224       CharLowerBuff
 0001:0000622C       CharNext
 0001:00019668       CharsetToIdent
 0001:0000B700       CharToByteIndex
 0001:0000B764       CharToByteLen
 0001:00006234       CharToOem
 0001:0000623C       CharToOemBuff
 0001:00006244       CharUpperBuff
 0001:000C1FC8       Check
 0001:0001BDD8       CheckBool
 0001:00087618       CheckForPassthroughs
 0001:000C88BC       CheckIfParentScrolled
 0001:00002288       CheckJmp
 0001:000C9E5C       CheckLst
 0001:0000624C       CheckMenuItem
 0001:000647FC       CheckNestedBrowseMode
 0002:000008EC       Checks
 0001:000504D0       CheckScreenPosition
 0001:0003E840       CheckTaskWindow
 0001:000297A8       CheckUndock
 0002:00003624       ClassAliasList
 0001:00017D98       Classes
 0002:00003620       ClassList
 0001:0000F33C       ClassNotFound
 0002:00002624       Class_SMClient
 0002:000033E8       ClearAnyProc
 0001:000A95E0       ClearBackup
 0001:00018FE0       ClearColor
 0001:000CCC8C       ClearExcepInfo
 0001:00086C68       ClearSelection
 0001:00006254       ClientToScreen
 0001:000324DC       ClientToWindow
 0001:000261A8       Clipboard
 0002:00000674       ClipboardFormats
 0001:00026204       Clipbrd
 0002:00000C60       ClipFlags
 0001:0000625C       CloseClipboard
 0001:00005CCC       CloseHandle
 0001:0000028C       CloseHandle
 0002:00003030       CmdLine
 0002:0000302C       CmdShow
 0002:000026D0       CoAddRefServerProcess
 0001:0000D058       CoCreateInstance
 0002:000026C8       CoCreateInstanceEx
 0002:000026E0       CoInitFlags
 0001:0000D048       CoInitialize
 0002:000026CC       CoInitializeEx
 0001:0000FBEC       CollectionsEqual
 0002:00000444       Colors
 0001:0009E7E4       Colors2bpp
 0001:00019460       ColorToIdent
 0001:00019450       ColorToRGB
 0001:00005F54       CombineRgn
 0002:00003A2C       ComClassManagerVar
 0001:000CC138       ComConst
 0002:0000369C       ComCtl32DLL
 0001:0004F630       ComCtrls
 0002:000037AC       CommandPool
 0001:00021034       Commctrl
 0001:00048554       CommDlg
 0001:000007B0       Commit
 0002:00003494       committedRoot
 0001:000CCF58       ComObj
 0001:00072094       CompareExtents
 0001:00038AF0       CompareFront
 0001:000078E0       CompareMem
 0001:00005CD4       CompareString
 0001:00007900       CompareText
 0002:00000CE0       ComponentClassList
 0001:00013894       ComponentCreated
 0001:0001BBC8       ComputeAldusChecksum
 0001:0004DD70       ComStrs
 0002:00002784       CondStop
 0001:000CE0BC       ConnectForm
 0001:0000D4B4       Consts
 0002:0000373E       ControlAtom
 0001:00035760       Controls
 0001:0000AAC8       ConvertAddr
 0001:0000918C       ConvertEraString
 0001:000077A8       ConvertError
 0001:000077C0       ConvertErrorFmt
 0001:000092F8       ConvertYearString
 0001:000048DC       CopyArray
 0001:0001E140       CopyBitmap
 0001:0001E7D4       CopyBitmapAsMask
 0001:00005F5C       CopyEnhMetaFile
 0001:0001E770       CopyPalette
 0002:000026D4       CoReleaseServerProcess
 0002:000026D8       CoResumeClassObjects
 0002:00001914       CornerHitTest
 0002:00001904       CornerHitTest
 0002:0000191C       Corners
 0002:000026DC       CoSuspendClassObjects
 0001:0000D050       CoUninitialize
 0001:0000B68C       CountChars
 0002:0000366C       CounterLock
 0001:000CD1A0       CRAccess
 0001:0000AF70       CreateAssertException
 0001:000C1A1C       CreateAttribute
 0001:0000B148       CreateAVObject
 0001:00005F64       CreateBitmap
 0001:00005F6C       CreateBrushIndirect
 0001:00005F74       CreateCompatibleBitmap
 0001:00005F7C       CreateCompatibleDC
 0001:00013914       CreateComponent
 0001:00005F8C       CreateDIBitmap
 0001:00005F84       CreateDIBSection
 0001:00007FCC       CreateDir
 0001:00005CDC       CreateDirectory
 0001:00050F38       CreateEllipsisGlyph
 0001:00005CE4       CreateEvent
 0001:00005CEC       CreateFile
 0001:00000294       CreateFileA
 0001:00005F94       CreateFontIndirect
 0001:00005F9C       CreateHalftonePalette
 0001:00006264       CreateIcon
 0001:0000AE68       CreateInOutError
 0001:0000626C       CreateMenu
 0001:0004D47C       CreateMessageDialog
 0001:00005CF4       CreateMutexA
 0001:000A1854       CreateOptimizedPaletteFromSingleBitmap
 0001:00005FA4       CreatePalette
 0001:00005FAC       CreatePenIndirect
 0001:00006274       CreatePopupMenu
 0002:00002634       CreateProviderProc
 0001:00005FB4       CreateRectRgn
 0001:00005FBC       CreateRectRgnIndirect
 0001:00005FC4       CreateSolidBrush
 0001:0001B490       CreateSystemPalette
 0001:000002E4       CreateThread
 0001:00005CFC       CreateThread
 0001:00006838       CreateWindow
 0001:0000627C       CreateWindowEx
 0002:00000ADC       CreationControl
 0002:0000075C       CreationControl
 0002:00003894       crOnHandDown
 0002:00003890       crOnHandOn
 0001:000CCFDC       CRParser
 0002:000038D4       crTmaxSql
 0002:000037D4       Ctl3DAutoSubclass
 0002:0000097C       Ctl3DBtnWndProc
 0002:000037DC       Ctl3DColorChange
 0002:00000984       Ctl3DCtlColorEx
 0002:00000980       Ctl3DDlgFramePaint
 0002:000037C0       Ctl3DHandle
 0002:000037C4       Ctl3DRegister
 0002:00000854       Ctl3DStyles
 0002:000037CC       Ctl3DSubclassCtl
 0002:000037D0       Ctl3DSubclassDlg
 0002:000037D8       Ctl3DUnAutoSubclass
 0002:000037C8       Ctl3DUnregister
 0001:000722C8       Ctrl
 0002:0000348C       curAlloc
 0002:000034FC       CurrencyDecimals
 0002:000034F8       CurrencyFormat
 0002:000034F4       CurrencyString
 0001:00009024       CurrentYear
 0001:000BCF2C       CurrToFMTBCD
 0001:000088AC       CurrToStr
 0001:00008914       CurrToStrF
 0002:00000A40       CursorMap
 0002:00000768       Cursors
 0001:0002849C       CursorToIdent
 0002:00000028       cwChop
 0002:000025BC       CWNear
 0001:000CD014       DAConsts
 0002:00002888       Danh
 0002:000027F0       Dans
 0001:000CD1D8       DASQLMonitor
 0001:0005BE3C       DatabaseError
 0001:0005BEE8       DatabaseErrorFmt
 0002:00002590       DataTypeMap
 0001:00054640       DataTypeToRegData
 0002:000034FD       DateSeparator
 0001:00009B90       DateTimeToStr
 0001:00009B34       DateTimeToString
 0001:00008B84       DateTimeToTimeStamp
 0002:00002680       DayNames
 0001:00008FFC       DayOfWeek
 0001:00066230       Db
 0001:000CD384       DBAccess
 0001:000BFE60       DBCommon
 0001:00055444       DbConsts
 0001:00080874       DBCtrls
 0001:000CA50C       DBGridEH
 0001:00089F10       DBGrids
 0001:000BB4EA       DbiAcqPersistTableLock
 0001:000BB4FC       DbiAcqTableLock
 0001:000BADFA       DbiActivateFilter
 0001:000BA752       DbiAddAlias
 0001:000BA6BC       DbiAddDriver
 0001:000BAE06       DbiAddFilter
 0001:000BB322       DbiAddIndex
 0001:000BB4AE       DbiAddPassword
 0001:000BA9D4       DbiAnsiToNative
 0001:000BB2C8       DbiAppendRecord
 0001:000BA800       DbiApplyDelayedUpdates
 0001:000BADE8       DbiBatchMove
 0001:000BA9A4       DbiBcdFromFloat
 0001:000BA9AA       DbiBcdToFloat
 0001:000BA650       DbiBeginConstraintLayer
 0001:000BA80C       DbiBeginDelayedUpdates
 0001:000BB538       DbiBeginLinkMode
 0001:000BADD6       DbiBeginTran
 0001:000BB1CC       DbiCfgAddRecord
 0001:000BB1E4       DbiCfgBuildPath
 0001:000BB1C0       DbiCfgDropRecord
 0001:000BB1B4       DbiCfgGetHelp
 0001:000BB1D8       DbiCfgGetNextNode
 0001:000BB1D2       DbiCfgGetRecord
 0001:000BB1AE       DbiCfgMerge
 0001:000BB1C6       DbiCfgModifyRecord
 0001:000BB1DE       DbiCfgPosition
 0001:000BB1EA       DbiCfgSave
 0001:000BB1BA       DbiCfgTranslate
 0001:000BB25C       DbiCheckRefresh
 0001:000BA638       DbiCheckSQLExpression
 0001:000BB352       DbiCloneCursor
 0001:000BA9F2       DbiCloseConfigFile
 0001:000BB5FE       DbiCloseCursor
 0001:000BB616       DbiCloseDatabase
 0001:000BA956       DbiCloseFieldXlt
 0001:000BB37C       DbiCloseIndex
 0001:000BB4B4       DbiCloseSession
 0001:000BB358       DbiCompareBookMarks
 0001:000BB2C2       DbiCompareKeys
 0001:000BB334       DbiCopyTable
 0001:000BB54A       DbiCreateInMemTable
 0001:000BB33A       DbiCreateTable
 0001:000BB298       DbiCreateTempTable
 0001:000BA620       DbiDatabaseFlush
 0001:000BB388       DbiDateDecode
 0001:000BB38E       DbiDateEncode
 0001:000BADF4       DbiDeactivateFilter
 0001:000BB184       DbiDebugLayerOptions
 0001:000BA73A       DbiDeleteAlias
 0001:000BA6B6       DbiDeleteDriver
 0001:000BB31C       DbiDeleteIndex
 0001:000BB5BC       DbiDeleteRecord
 0001:000BB328       DbiDeleteTable
 0001:000BCA3D       DbiDLLExit
 0001:000BB304       DbiDoRestructure
 0001:000BA6E0       DbiDRAdd
 0001:000BA7D6       DbiDRAddAttr
 0001:000BA7EE       DbiDRClose
 0001:000BA770       DbiDRCreate
 0001:000BA734       DbiDRCreateEnumAttrDomain
 0001:000BA7DC       DbiDRCreateObjectType
 0001:000BA7CA       DbiDRCreateRelationType
 0001:000BA76A       DbiDRDelete
 0001:000BA728       DbiDRDeleteEnumAttrDomain
 0001:000BA7BE       DbiDRDeleteObjectType
 0001:000BA7C4       DbiDRDeleteRelationType
 0001:000BA6DA       DbiDRDrop
 0001:000BA7D0       DbiDRDropAttr
 0001:000BA7E2       DbiDRExportToFile
 0001:000BA7A0       DbiDRGetAttrDescs
 0001:000BA7FA       DbiDRGetDesc
 0001:000BA722       DbiDRGetEnumAttrDomain
 0001:000BA788       DbiDRGetObjID
 0001:000BA7A6       DbiDRGetObjTypeInfo
 0001:000BA6E6       DbiDRGetRelatedObject
 0001:000BA79A       DbiDRGetRelTypeInfo
 0001:000BA7E8       DbiDRImportFromFile
 0001:000BA776       DbiDRLoadDBObject
 0001:000BA72E       DbiDRModifyEnumAttrDomain
 0001:000BA7F4       DbiDROpen
 0001:000BA7B2       DbiDROpenAttrTypeList
 0001:000BA7B8       DbiDROpenObjectTypeList
 0001:000BA794       DbiDROpenObjSet
 0001:000BA78E       DbiDROpenRelSet
 0001:000BA7AC       DbiDROpenRelTypeList
 0001:000BAE00       DbiDropFilter
 0001:000BB4A8       DbiDropPassword
 0001:000BA782       DbiDRSetToObjID
 0001:000BA77C       DbiDRSetToObjName
 0001:000BB2E0       DbiEmptyTable
 0001:000BA63E       DbiEndConstraintLayer
 0001:000BA806       DbiEndDelayedUpdates
 0001:000BB532       DbiEndLinkMode
 0001:000BADD0       DbiEndTran
 0001:000C1FB0       DbiError
 0001:000BC9BD       DbiExit
 0001:000BB36A       DbiExtractKey
 0001:000BB4CC       DbiForceRecordReread
 0001:000BB4D8       DbiForceReread
 0001:000BB28C       DbiFormFullName
 0001:000BB418       DbiFreeBlob
 0001:000BA8A8       DbiFreeSQLRequest
 0001:000BB42A       DbiGetBlob
 0001:000BB412       DbiGetBlobHeading
 0001:000BB430       DbiGetBlobSize
 0001:000BB364       DbiGetBookMark
 0001:000BB256       DbiGetCallBack
 0001:000BAE2A       DbiGetClientInfo
 0001:000BB4BA       DbiGetCurrSession
 0001:000BB4D2       DbiGetCursorForTable
 0001:000BB60A       DbiGetCursorProps
 0001:000BB478       DbiGetDatabaseDesc
 0001:000BB1A8       DbiGetDateFormat
 0001:000BA6FE       DbiGetDefaultRepository
 0001:000BB59E       DbiGetDirectory
 0001:000BB484       DbiGetDriverDesc
 0001:000BB280       DbiGetErrorContext
 0001:000BB27A       DbiGetErrorEntry
 0001:000BB2B0       DbiGetErrorInfo
 0001:000BB286       DbiGetErrorString
 0001:000BAD82       DbiGetExactRecordCount
 0001:000BB39A       DbiGetField
 0001:000BB604       DbiGetFieldDescs
 0001:000BB460       DbiGetFieldTypeDesc
 0001:000BA968       DbiGetFilterInfo
 0001:000BB370       DbiGetIndexDesc
 0001:000BA9E6       DbiGetIndexDescs
 0001:000BB316       DbiGetIndexForField
 0001:000BB310       DbiGetIndexSeqNo
 0001:000BB454       DbiGetIndexTypeDesc
 0001:000BAE12       DbiGetLdName
 0001:000BADB2       DbiGetLdNameFromDb
 0001:000BB2A4       DbiGetLdObj
 0001:000BB520       DbiGetLinkStatus
 0001:000BB3E8       DbiGetNetUserName
 0001:000BB5E6       DbiGetNextRecord
 0001:000BB190       DbiGetNumberFormat
 0001:000BA9C2       DbiGetObjFromName
 0001:000BA974       DbiGetObjFromObj
 0001:000BB5E0       DbiGetPriorRecord
 0001:000BA9CE       DbiGetProp
 0001:000BB5DA       DbiGetRecord
 0001:000BB5CE       DbiGetRecordCount
 0001:000BB2BC       DbiGetRecordForKey
 0001:000BB5D4       DbiGetRelativeRecord
 0001:000BA92C       DbiGetRintDesc
 0001:000BB5B6       DbiGetSeqNo
 0001:000BB3EE       DbiGetSesInfo
 0001:000BA8AE       DbiGetSQLRequest
 0001:000BB400       DbiGetSysConfig
 0001:000BB3FA       DbiGetSysInfo
 0001:000BB406       DbiGetSysVersion
 0001:000BB43C       DbiGetTableOpenCount
 0001:000BB46C       DbiGetTableTypeDesc
 0001:000BB19C       DbiGetTimeFormat
 0001:000BADCA       DbiGetTranInfo
 0001:000BA932       DbiGetVchkDesc
 0001:000BA6B0       DbiImportODBC
 0001:000B8DE0       DbiInit
 0001:000BC8C2       DbiInitFn
 0001:000BB34C       DbiInitRecord
 0001:000BB5C8       DbiInsertRecord
 0001:000BB51A       DbiIsRecordLocked
 0001:000BB514       DbiIsTableLocked
 0001:000BB50E       DbiIsTableShared
 0001:000BB52C       DbiLinkDetail
 0001:000BB508       DbiLinkDetailToExp
 0001:000BB442       DbiLoadDriver
 0001:000BA9E0       DbiMakePermanent
 0001:000BB5C2       DbiModifyRecord
 0001:000BA9DA       DbiNativeToAnsi
 0001:000BB436       DbiOpenBlob
 0001:000BA9FE       DbiOpenCfgInfoList
 0001:000BA9F8       DbiOpenConfigFile
 0001:000BB61C       DbiOpenDatabase
 0001:000BB47E       DbiOpenDatabaseList
 0001:000BB48A       DbiOpenDriverList
 0001:000BB568       DbiOpenFamilyList
 0001:000BB580       DbiOpenFieldList
 0001:000BB466       DbiOpenFieldTypesList
 0001:000BA944       DbiOpenFieldXlt
 0001:000BB58C       DbiOpenFileList
 0001:000BA75E       DbiOpenFunctionArgList
 0001:000BA764       DbiOpenFunctionList
 0001:000BB382       DbiOpenIndex
 0001:000BB586       DbiOpenIndexList
 0001:000BB45A       DbiOpenIndexTypesList
 0001:000BB57A       DbiOpenLdList
 0001:000BB49C       DbiOpenLockList
 0001:000BA632       DbiOpenNestedTable
 0001:000BA626       DbiOpenRef
 0001:000BA70A       DbiOpenRepositoryList
 0001:000BB56E       DbiOpenRintList
 0001:000BB550       DbiOpenSecurityList
 0001:000BA6EC       DbiOpenSessionRepository
 0001:000BA8D2       DbiOpenSPList
 0001:000BA8CC       DbiOpenSPParamList
 0001:000BB610       DbiOpenTable
 0001:000BB592       DbiOpenTableList
 0001:000BB472       DbiOpenTableTypesList
 0001:000BB4A2       DbiOpenUserList
 0001:000BB574       DbiOpenVchkList
 0001:000BB2E6       DbiPackTable
 0001:000BB424       DbiPutBlob
 0001:000BB394       DbiPutField
 0001:000BB3AC       DbiQAlloc
 0001:000BB3C4       DbiQExec
 0001:000BB3D0       DbiQExecDirect
 0001:000BA8BA       DbiQExecProcDirect
 0001:000BB3B2       DbiQFree
 0001:000BB3A6       DbiQGetBaseDescs
 0001:000BB3B8       DbiQInstantiateAnswer
 0001:000BB3CA       DbiQPrepare
 0001:000BA8B4       DbiQPrepareExt
 0001:000BA8C6       DbiQPrepareProc
 0001:000BB3BE       DbiQSetParams
 0001:000BA8C0       DbiQSetProcParams
 0001:000BB544       DbiReadBlock
 0001:000BB2DA       DbiRegenIndex
 0001:000BB2D4       DbiRegenIndexes
 0001:000BB3A0       DbiRegisterCallBack
 0001:000BB4E4       DbiRelPersistTableLock
 0001:000BB4F0       DbiRelRecordLock
 0001:000BB4F6       DbiRelTableLock
 0001:000BB32E       DbiRenameTable
 0001:000BB5AA       DbiResetRange
 0001:000BB4DE       DbiSaveChanges
 0001:000BA6D4       DbiSchemaCacheFlush
 0001:000BB4C0       DbiSetCurrSession
 0001:000BB1A2       DbiSetDateFormat
 0001:000BA704       DbiSetDefaultRepository
 0001:000BB598       DbiSetDirectory
 0001:000BB2B6       DbiSetFieldMap
 0001:000BB490       DbiSetLockRetry
 0001:000BB18A       DbiSetNumberFormat
 0001:000BB496       DbiSetPrivateDir
 0001:000BA9C8       DbiSetProp
 0001:000BB5B0       DbiSetRange
 0001:000BB196       DbiSetTimeFormat
 0001:000BB5F8       DbiSetToBegin
 0001:000BB35E       DbiSetToBookMark
 0001:000BB5EC       DbiSetToCursor
 0001:000BB5F2       DbiSetToEnd
 0001:000BB5A4       DbiSetToKey
 0001:000BB30A       DbiSetToRecordNo
 0001:000BB346       DbiSetToSeqNo
 0001:000BADC4       DbiSortTable
 0001:000BA65C       DbiSQLTextToCanEx
 0001:000BB4C6       DbiStartSession
 0001:000BB376       DbiSwitchToIndex
 0001:000BB2F8       DbiTimeDecode
 0001:000BB2FE       DbiTimeEncode
 0001:000BB2EC       DbiTimeStampDecode
 0001:000BB2F2       DbiTimeStampEncode
 0001:000BA95C       DbiTranslateField
 0001:000BA962       DbiTranslateRecordStructure
 0001:000BB41E       DbiTruncateBlob
 0001:000BAE1E       DbiUndeleteRecord
 0001:000BB526       DbiUnlinkDetail
 0001:000BB29E       DbiUseIdleTime
 0001:000BA94A       DbiValidateProp
 0001:000BB340       DbiVerifyField
 0001:000BB53E       DbiWriteBlock
 0001:000C0334       DBLogDlg
 0001:000BFF68       DBPWDlg
 0001:000C9A94       DBTables
 0001:0007EAAC       DBUseRightToLeftAlignment
 0002:00002788       DB_Name
 0002:00000440       DDBsOnly
 0001:0003ED80       DeallocateHWnd
 0002:00000008       DebugHook
 0002:0000290C       DecimalChar
 0002:000034FB       DecimalSeparator
 0001:00008ED8       DecodeDate
 0001:00008D04       DecodeTime
 0001:00000844       Decommit
 0001:00000E60       DecommitFree
 0002:00003468       decommittedRoot
 0001:0004666C       Default
 0001:000417E0       Default
 0002:00000000       Default8087CW
 0002:00000CE4       DefaultBlank
 0002:00000CF4       DefaultFieldClasses
 0002:00003D7C       DefaultOracleHome
 0001:000C1A14       DefaultSession
 0002:00000644       DefBrushData
 0002:00000414       DefFontData
 0001:00006284       DefFrameProc
 0001:00053290       DefineCursor
 0002:00000240       DefLongDayNames
 0002:000001F4       DefLongMonthNames
 0001:0000628C       DefMDIChildProc
 0002:00000624       DefPenData
 0002:00003E88       DefSession
 0002:00000224       DefShortDayNames
 0002:000001C4       DefShortMonthNames
 0001:00006294       DefWindowProc
 0001:00000500       DeleteBlock
 0001:00000470       DeleteCriticalSection
 0001:00005D04       DeleteCriticalSection
 0001:00005FCC       DeleteDC
 0001:00005FD4       DeleteEnhMetaFile
 0001:00000CA8       DeleteFree
 0001:0000629C       DeleteMenu
 0001:00005FDC       DeleteObject
 0001:00087058       DeletePrompt
 0001:0001DD04       DeselectBitmap
 0002:0000392C       DesktopDC
 0001:000062A4       DestroyCursor
 0001:000062AC       DestroyIcon
 0001:0004F638       DestroyLocals
 0001:000062B4       DestroyMenu
 0001:0005025C       DestroyObjects
 0001:000062BC       DestroyWindow
 0001:0004C5C8       DialogHook
 0001:0004DCB4       Dialogs
 0002:00000680       DIBPalSizes
 0002:00000054       dig
 0002:00000ED4       Direction
 0001:000CBEF8       DirectoryExists
 0001:0003E694       DisableTaskWindows
 0001:000CE68C       DisconnectSessions
 0001:000CC68C       DispatchInvoke
 0001:000CCC80       DispatchInvokeError
 0001:000062C4       DispatchMessage
 0001:00044920       DispatchShortCut
 0001:000CCC9C       DispCall
 0001:000CCD84       DispCallByID
 0002:00000010       DispCallByIDProc
 0001:000CCBAC       DispCallError
 0001:0005BFBC       DisposeMem
 0001:000AD13C       DispTypeValue
 0001:0000778C       DivMod
 0002:00003DD8       dk
 0001:0004BEC4       Dlgs
 0001:000C1AE4       DLLDetachCallBack
 0001:0002D690       DoAlign
 0001:00045AC0       DoAlign
 0002:00001828       DoAutoDither
 0001:00063EBC       DoBindFields
 0001:00073F28       DoCalc
 0001:000314E0       DoCalcConstraints
 0001:00073F90       DoCalcRightToLeft
 0001:000746FC       DoChange
 0002:00003768       DockSiteList
 0001:0003AED4       DoClick
 0001:000730E4       DoColWidths
 0001:0002EA60       DoControlMsg
 0001:000A173C       doCreateOptimizedPaletteFromSingleBitmap
 0001:0003E644       DoDisableWindow
 0001:000290CC       DoDragOver
 0001:00050AA0       DoDrawText
 0001:00008D9C       DoEncodeDate
 0001:00008C1C       DoEncodeTime
 0001:00007804       DoExitProc
 0001:0003303C       DoFindControlZone
 0001:0003E780       DoFindWindow
 0001:000335A0       DoFindZone
 0001:000330C0       DoForEach
 0001:00034934       DoGetNextLimit
 0001:0003E60C       DoneApplication
 0001:00035588       DoneControls
 0001:0003EB2C       DoneCtl3D
 0001:0000B49C       DoneExceptions
 0001:00042F10       DoNestedActivation
 0001:0002D424       DoPosition
 0001:00045910       DoPosition
 0001:00033FB4       DoPrune
 0001:0004A40C       DoRect
 0001:000503AC       DoRect
 0001:00073128       DoRowHeights
 0001:00034464       DoSaveZone
 0001:00086C9C       DoSelection
 0001:00034668       DoSetNewBounds
 0001:00072B90       DoSizeAdjust
 0002:00000370       DotSep
 0001:00075DA8       DoUpdate
 0001:0002C284       DoWrite
 0001:000110C8       DoWrite
 0001:0001C030       DoWrite
 0001:0001CE84       DoWrite
 0001:00037768       DoWrite
 0002:0000374C       DragCapture
 0002:00003740       DragControl
 0001:00029818       DragDone
 0001:0002907C       DragFindTarget
 0001:00029050       DragFindWindow
 0002:00003748       DragFreeObject
 0002:00003764       DragImageList
 0001:00029470       DragInit
 0001:000295E0       DragInitControl
 0001:00028FD4       DragMessage
 0002:00003744       DragObject
 0002:00003758       DragSaveCursor
 0002:00003750       DragStartPos
 0002:0000375C       DragThreshold
 0001:0002919C       DragTo
 0001:000466A8       DrawAppIcon
 0001:000734CC       DrawAxisLines
 0002:00003910       DrawBitmap
 0001:0005034C       DrawBitmapRect
 0001:0005152C       DrawBitmapTransparent
 0001:0007C1A4       DrawButton
 0001:00073708       DrawCells
 0001:00033BF8       DrawCloseBtn
 0001:0004F7B0       DrawCloseButton
 0001:000062CC       DrawEdge
 0001:000062D4       DrawFocusRect
 0001:00050470       DrawFrame3D
 0001:000062DC       DrawFrameControl
 0001:00033B0C       DrawGrabber
 0001:000ADB48       DrawHost
 0001:000062E4       DrawIcon
 0002:0000088C       DrawingStyles
 0001:00073678       DrawLines
 0001:000062EC       DrawMenuBar
 0001:000A6A30       DrawMetafile
 0001:000502E0       DrawOnButton
 0001:0004F924       DrawSizeGrip
 0001:000062F4       DrawText
 0001:000062FC       DrawTextEx
 0001:0005069C       DrawTextRect
 0001:000ABDF4       DrawTile
 0001:000ADD00       DrawTitle
 0001:00086058       DrawTitleCell
 0001:0005515C       DsgnIntf
 0001:000BA64A       DsProviderGetDataPacket
 0001:000BA644       DsResolver
 0002:00003930       DummyThread
 0001:0001AF60       DupBits
 0001:000048F4       DynArrayClear
 0001:000048FC       DynArraySetLength
 0001:000C20C8       EDBEngineError.Create
 0001:000C23A8       EDBEngineError.Destroy
 0001:000C23FC       EDBEngineError.GetError
 0002:0000095C       EdgeStyle
 0002:00000844       EdgeStyles
 0002:00000E2C       EditAlignmentFlags
 0002:00000CAC       EditorGroupList
 0001:0000AE3C       EHeapException.FreeInstance
 0002:00003DD4       ek
 0001:00005FE4       Ellipse
 0002:00000C68       EllipsisFlags
 0001:0008A224       EmitMessage
 0001:00006304       EmptyClipboard
 0002:00003414       EmptyParam
 0002:00000118       EmptyStr
 0001:0000630C       EnableMenuItem
 0002:000008F4       Enables
 0001:00006314       EnableScrollBar
 0001:0003E748       EnableTaskWindows
 0001:0000631C       EnableWindow
 0001:00008E64       EncodeDate
 0001:00008C8C       EncodeTime
 0002:00000E80       EndEllipsisFlag
 0001:0000F9DC       EndGlobalLoading
 0001:00006324       EndPaint
 0001:00002AEC       EndThread
 0001:00000460       EnterCriticalSection
 0001:00005D0C       EnterCriticalSection
 0001:00005D14       EnumCalendarInfoA
 0001:0000632C       EnumClipboardFormats
 0002:000036C0       EnumDisplayMonitors
 0001:0000A764       EnumEraNames
 0001:0000A7A0       EnumEraYearOffsets
 0001:00005FEC       EnumFontFamiliesEx
 0001:00005FF4       EnumFonts
 0001:00044F50       EnumFontsProc
 0001:00044FE8       EnumMonitorsProc
 0001:00006334       EnumThreadWindows
 0001:000132D8       EnumValue
 0001:0000633C       EnumWindows
 0001:000CC3BC       EOleException.Create
 0001:000CC2EC       EOleSysError.Create
 0001:00006344       EqualRect
 0002:000035C0       EraNames
 0001:00009DFC       EraToYear
 0002:000035DC       EraYearOffsets
 0002:0000004C       errCaption
 0001:000B8DD8       ErrCat
 0001:0001AB24       Error
 0001:000387EC       Error
 0001:00012BD4       Error
 0001:0009E77C       Error
 0001:00001824       Error
 0002:00003040       ErrorAddr
 0001:0000AF2C       ErrorHandler
 0002:0000025C       ErrorMap
 0002:00003004       ErrorProc
 0002:00000E04       Events
 0001:0000AAB0       ExceptAddr
 0002:00003008       ExceptClsProc
 0001:0000B3C8       ExceptHandler
 0001:0000AD38       Exception.Create
 0001:0000AD74       Exception.CreateFmt
 0001:0000ADF4       Exception.CreateHelp
 0002:00003010       ExceptionClass
 0001:0000AAD4       ExceptionErrorMessage
 0002:00000294       ExceptMap
 0001:0000AA98       ExceptObject
 0002:0000300C       ExceptObjProc
 0002:00003000       ExceptProc
 0001:00005FFC       ExcludeClipRect
 0002:00003038       ExitCode
 0001:0000290C       ExitDll
 0002:0000303C       ExitProc
 0001:000002F4       ExitProcess
 0002:0000018C       ExitProcList
 0001:000002EC       ExitThread
 0001:0004C8CC       ExplorerHook
 0001:00006004       ExtCreatePen
 0001:0004BE8C       ExtCtrls
 0002:0000073C       ExtendSelects
 0002:000018CC       ExtensionList
 0001:0005BFD0       ExtractFieldName
 0001:00007F10       ExtractFileExt
 0001:0004CE50       ExtractFileName
 0001:00007ED8       ExtractFileName
 0001:0004CE98       ExtractFileNames
 0001:00007EA4       ExtractFilePath
 0001:000AD038       ExtractWord
 0001:000AD0BC       ExtractWordPos
 0002:0000266C       Exts
 0001:0000600C       ExtTextOut
 0001:00005D1C       FatalAppExitA
 0002:000039D4       FCheckHeight
 0002:000039D0       FCheckWidth
 0002:00003728       FClipboard
 0002:000025B8       FConst10
 0002:00003994       FCSect
 0001:000875C4       FieldIsMapped
 0002:00000D6C       FieldTypeNames
 0001:00007DAC       FileAge
 0001:00007DA4       FileClose
 0001:00007D1C       FileCreate
 0001:000CC040       FileCtrl
 0001:00007E14       FileExists
 0002:00000678       FileFormats
 0002:0000304A       FileMode
 0001:00007CDC       FileOpen
 0001:00007D40       FileRead
 0002:00000378       FilerSignature
 0001:00007D98       FileSeek
 0001:00005D24       FileTimeToDosDateTime
 0001:00005D2C       FileTimeToLocalFileTime
 0001:00007D6C       FileWrite
 0001:00000D90       FillAfterGap
 0001:00000D3C       FillBeforeGap
 0001:00073478       FillDWord
 0001:00000E28       FillerSizeAfterGap
 0001:00000DB8       FillerSizeBeforeGap
 0001:0000634C       FillRect
 0001:00054CE4       Finalization
 0001:00054D5C       Finalization
 0001:000550EC       Finalization
 0001:00017CEC       Finalization
 0001:00054B24       Finalization
 0001:000551AC       Finalization
 0001:000CEACC       Finalization
 0001:00055414       Finalization
 0001:00006964       Finalization
 0001:000CEA94       Finalization
 0001:0000699C       Finalization
 0001:000CE9A0       Finalization
 0001:00006CA4       Finalization
 0001:0004BE94       Finalization
 0001:00057E0C       Finalization
 0001:0004BE5C       Finalization
 0001:000CE0C4       Finalization
 0001:00048524       Finalization
 0001:000CE08C       Finalization
 0001:000CE048       Finalization
 0001:000484A0       Finalization
 0001:000CE010       Finalization
 0001:000661E8       Finalization
 0001:00021818       Finalization
 0001:00054AEC       Finalization
 0001:000678A0       Finalization
 0001:000CDFD8       Finalization
 0001:00067A20       Finalization
 0001:000CDFA0       Finalization
 0001:00069264       Finalization
 0001:0006BC20       Finalization
 0001:000CDD50       Finalization
 0001:0006BEBC       Finalization
 0001:000217D0       Finalization
 0001:00021780       Finalization
 0001:000CCED8       Finalization
 0001:00021004       Finalization
 0001:00020CDC       Finalization
 0001:00021BAC       Finalization
 0001:00054A94       Finalization
 0001:000716F0       Finalization
 0001:000CDCF8       Finalization
 0001:000544A8       Finalization
 0001:000CF0FC       Finalization
 0001:00054458       Finalization
 0001:0004DC58       Finalization
 0001:00053374       Finalization
 0001:0004DCD0       Finalization
 0001:0004DD08       Finalization
 0001:000CCFAC       Finalization
 0001:0004DD40       Finalization
 0001:00053258       Finalization
 0001:0000D484       Finalization
 0001:000CC108       Finalization
 0001:000CF8E4       Finalization
 0001:0000D07C       Finalization
 0001:000CC0B8       Finalization
 0001:00005C5C       Finalization
 0001:000BCAA4       Finalization
 0001:000CC080       Finalization
 0001:000CC048       Finalization
 0001:000059C0       Finalization
 0001:0005157C       Finalization
 0001:000CC010       Finalization
 0001:0003C1F8       Finalization
 0001:000D6484       Finalization
 0001:000CD38C       Finalization
 0001:0004F5CC       Finalization
 0001:000CD4C4       Finalization
 0001:000CCFE4       Finalization
 0001:0000CE40       Finalization
 0001:000BFE30       Finalization
 0001:00026380       Finalization
 0001:000CD34C       Finalization
 0001:000CBEC0       Finalization
 0001:000BFF00       Finalization
 0001:000CD1A8       Finalization
 0001:000BFF38       Finalization
 0001:000261C8       Finalization
 0001:000C0304       Finalization
 0001:000C03EC       Finalization
 0001:000CBE88       Finalization
 0001:0009D690       Finalization
 0001:00025BB0       Finalization
 0001:000CBE50       Finalization
 0001:00078030       Finalization
 0001:000B8DA0       Finalization
 0001:00078BC8       Finalization
 0001:000B8D68       Finalization
 0001:00079D3C       Finalization
 0001:0007A6D0       Finalization
 0001:000B4A20       Finalization
 0001:000AFF70       Finalization
 0001:000C9A20       Finalization
 0001:000CD170       Finalization
 0001:000C9B04       Finalization
 0001:000AFF38       Finalization
 0001:000C9B3C       Finalization
 0001:0007DC84       Finalization
 0001:000C9BE4       Finalization
 0001:000AFF00       Finalization
 0001:000C9C70       Finalization
 0001:000CBE18       Finalization
 0001:000C9CC8       Finalization
 0001:00037D24       Finalization
 0001:0009D780       Finalization
 0001:000C9E2C       Finalization
 0001:000CA584       Finalization
 0001:000C9E6C       Finalization
 0001:00089F30       Finalization
 0001:000C9EA4       Finalization
 0001:0007DCBC       Finalization
 0001:000AC830       Finalization
 0001:000C9EDC       Finalization
 0001:000807C8       Finalization
 0001:000AC4C8       Finalization
 0001:000C9F14       Finalization
 0001:00036568       Finalization
 0001:000D64D0       Finalization
 0001:0004F6D0       Finalization
 0001:00021850       Finalization
 0001:000CA338       Finalization
 0001:0003570C       Finalization
 0001:000CD138       Finalization
 0001:000CA384       Finalization
 0001:000CA3BC       Finalization
 0001:000CA484       Finalization
 0001:000CA4DC       Finalization
 0001:000CD01C       Finalization
 0001:0000DD18       Finalization
 0001:00021888       Finalization
 0001:0004FB1C       Finalization
 0001:000BFE98       Finalization
 0001:00089EE0       Finalization
 0001:000048EC       FinalizeArray
 0001:0003AD18       Find
 0001:00015538       FindAncestor
 0001:0000F470       FindClass
 0001:00004B28       FindClassHInstance
 0001:00005D34       FindClose
 0001:00000D0C       FindCommitted
 0001:000282BC       FindControl
 0001:000337A8       FindControlAtPos
 0001:00029AC4       FindDragTarget
 0001:00013A04       FindExistingComponent
 0001:0000F490       FindFieldClass
 0001:00005D44       FindFirstFile
 0001:00005D3C       FindFirstFileA
 0001:0003E88C       FindGlobalComponent
 0002:00003618       FindGlobalComponent
 0001:00004B00       FindHInstance
 0002:0000380C       FindMsg
 0001:000387BC       FindPopupControl
 0001:00005D4C       FindResource
 0001:00004B30       FindResourceHInstance
 0001:00047E60       FindScanline
 0001:0003E7E4       FindTopMostWindow
 0001:00014988       FindUniqueName
 0001:00029A90       FindVCLWindow
 0001:00006354       FindWindow
 0001:000CD478       FinishOCI
 0001:00002774       FInitUnits
 0001:000A9B5C       FireEvent
 0001:0001E0F4       FixupBitFields
 0002:0000096C       Flags
 0001:00021BDC       FlatSB
 0002:000036E8       FlatSB_EnableScrollBar
 0002:000036F4       FlatSB_GetScrollInfo
 0002:000036F8       FlatSB_GetScrollPos
 0002:000036F0       FlatSB_GetScrollRange
 0002:00003700       FlatSB_SetScrollInfo
 0002:000036FC       FlatSB_SetScrollPos
 0001:000218CC       FlatSB_SetScrollProp
 0002:00003704       FlatSB_SetScrollRange
 0002:000036EC       FlatSB_ShowScrollBar
 0002:00002570       FldTypeMap
 0001:0000CB4E       FloatToDecimal
 0001:0000887C       FloatToStr
 0001:000088DC       FloatToStrF
 0001:0000C5B2       FloatToText
 0001:0000C87B       FloatToTextFmt
 0002:00003ED0       FL_DBIP
 0002:000027A4       FL_DBName
 0002:00003ECC       FL_DBPass
 0002:000027A0       FL_DBPort
 0002:000027AC       FL_DBSerName
 0002:000027A8       FL_DBUser
 0002:00003EC4       FL_FtpPass
 0002:00002798       FL_FtpPort
 0002:00002794       FL_FtpUser
 0002:00002790       FL_HostDir
 0002:00003EC8       FL_TmaxPass
 0002:0000278C       FL_TMaxUser
 0002:00003ED4       FL_UnixIP
 0002:00003EC0       FL_UnixPass
 0002:0000279C       FL_UnixUser
 0002:00003EB8       FL_UserID
 0002:00003EBC       FL_UserName
 0002:000001B8       FMSecsPerDay
 0001:000BCE94       FMTBCDToCurr
 0001:000087B4       FmtStr
 0002:00003FAC       FM_Main
 0002:00003FA4       FM_Tmax
 0002:00000990       FocusCount
 0002:00000E88       FocusFlags
 0002:0000098C       FocusMessages
 0002:00000594       FontCharsets
 0002:00003684       FontManager
 0001:000CBF1C       ForceDirectories
 0001:0003E860       ForegroundTask
 0001:000087A0       Format
 0002:000001C0       Format
 0001:00008340       FormatBuf
 0001:00008334       FormatClearStr
 0001:000089EC       FormatCurr
 0001:000082C8       FormatError
 0002:000001B0       FormatErrorStrs
 0001:0000894C       FormatFloat
 0001:00055F88       FormatMaskText
 0001:0008A22C       FormatMessage
 0001:00005D54       FormatMessage
 0001:00008320       FormatVarToStr
 0001:000484F4       Forms
 0001:000722AC       ForwardMovement
 0001:00005464       FPower10
 0002:000006D0       FPrinter
 0001:0004A4D0       Frame3D
 0001:0000635C       FrameRect
 0001:00000A78       FreeCommitted
 0001:00000F80       FreeCurAlloc
 0001:00029B80       FreeDeviceContext
 0001:00029C3C       FreeDeviceContexts
 0001:00017C78       FreeIntConstList
 0001:00005D5C       FreeLibrary
 0001:00000304       FreeLibrary
 0001:0001DC58       FreeMemoryContexts
 0001:0003ECA0       FreeObjectInstance
 0001:000CD408       FreeOCI
 0001:00005D74       FreeResource
 0001:000006F8       FreeSpace
 0001:0000BFA0       FreeTerminateProcs
 0001:00016A7C       FreeThreadWindow
 0001:000CD1EC       FreeTimer
 0001:000C1A6C       FreeTimer
 0002:00002708       ftBFile
 0001:000CA514       FtpFindFirstFile
 0001:000CA51C       FtpOpenFile
 0001:000CA524       FtpSetCurrentDirectory
 0001:000CF330       Func
 0001:0000C0BC       GDAL
 0001:0001AF50       GDICheck
 0001:0009E694       GDICheck
 0001:0001AEA8       GDIError
 0001:00006014       GdiFlush
 0001:00006364       GetActiveWindow
 0001:00045F80       GetAnimation
 0001:000A885C       GetAppExtensionList
 0001:0004D19C       GetAveCharSize
 0001:0000601C       GetBitmapBits
 0001:00000478       GetBlockDesc
 0001:00006024       GetBrushOrgEx
 0001:0000636C       GetCapture
 0001:00028544       GetCaptureControl
 0001:00006374       GetCaretPos
 0001:000C9DA8       GetCheckSize
 0001:0000F3C0       GetClass
 0001:0000637C       GetClassInfo
 0001:00006384       GetClientRect
 0001:0000638C       GetClipboardData
 0001:0001C8B0       GetClipboardFormats
 0001:0000602C       GetClipBox
 0001:00006034       GetClipRgn
 0001:00000414       GetCmdShow
 0001:00036768       GetColor
 0001:0000030C       GetCommandLine
 0001:000008C4       GetCommitted
 0001:00000954       GetCommittedAt
 0001:00016174       GetComponentValue
 0001:000B660C       GetCornerHitTestAt
 0001:000090E8       GetCount
 0001:00005D7C       GetCPInfo
 0001:00005D84       GetCurrentDirectoryA
 0001:0000603C       GetCurrentPositionEx
 0001:00005D8C       GetCurrentProcessId
 0001:00004FB4       GetCurrentThreadId
 0001:00005D94       GetCurrentThreadId
 0001:000067B4       GetCurrentTime
 0001:00006394       GetCursor
[...]
   492 0001:000CBC96   496 0001:000CBCA3   499 0001:000CBCB5   507 0001:000CBCE8
   508 0001:000CBCF8   509 0001:000CBCFF   511 0001:000CBD03   512 0001:000CBD0A
   513 0001:000CBD12   514 0001:000CBD26   515 0001:000CBD2F   519 0001:000CBD6A
   520 0001:000CBD72   521 0001:000CBD86   522 0001:000CBD8F   524 0001:000CBDB6
   525 0001:000CBDC4   527 0001:000CBE48   527 0001:000CBE4F

Line numbers for SyncObjs(SyncObjs.pas) segment .text

   157 0001:000CC0B0   157 0001:000CC0B7

Line numbers for ScktComp(scktcomp.pas) segment .text

  1952 0001:000CC0E8  1952 0001:000CC0EF

Line numbers for CRParser(CRParser.pas) segment .text

   404 0001:000CCFDC   404 0001:000CCFE3

Line numbers for DAConsts(DAConsts.pas) segment .text

    45 0001:000CD014    45 0001:000CD01B

Line numbers for MemData(MemData.pas) segment .text

  4103 0001:000CD01C  4105 0001:000CD03E  4107 0001:000CD05D  4078 0001:000CD060
  4079 0001:000CD072  4080 0001:000CD079  4081 0001:000CD081  4082 0001:000CD089
  4083 0001:000CD091  4084 0001:000CD099  4085 0001:000CD0A1  4086 0001:000CD0A9
  4087 0001:000CD0B1  4088 0001:000CD0B9  4089 0001:000CD0C1  4090 0001:000CD0C9
  4091 0001:000CD0D1  4092 0001:000CD0D9  4094 0001:000CD0E1  4095 0001:000CD0E8
  4097 0001:000CD0F2

Line numbers for MemDS(MemDS.pas) segment .text

  2014 0001:000CD168  2014 0001:000CD16F

Line numbers for CRAccess(CRAccess.pas) segment .text

   768 0001:000CD1A0   768 0001:000CD1A7

Line numbers for DASQLMonitor(DASQLMonitor.pas) segment .text

   715 0001:000CD1D8   716 0001:000CD1E1   717 0001:000CD1E8

Line numbers for DBAccess(DBAccess.pas) segment .text

   964 0001:000CD1EC   965 0001:000CD1EF   966 0001:000CD210   967 0001:000CD21F
   968 0001:000CD228   969 0001:000CD22F   971 0001:000CD236   975 0001:000CD238
   976 0001:000CD23B   977 0001:000CD242  1013 0001:000CD248  1015 0001:000CD24B
  1016 0001:000CD26B  1018 0001:000CD282  1019 0001:000CD28B  1020 0001:000CD299
  1021 0001:000CD29F  1022 0001:000CD2A8  1024 0001:000CD2BD  1027 0001:000CD2CD
  1031 0001:000CD2DD  1032 0001:000CD2E7  1034 0001:000CD301  1035 0001:000CD30F
  1037 0001:000CD31F  1054 0001:000CD32B  1055 0001:000CD331  1059 0001:000CD341
  1380 0001:000CD344  1381 0001:000CD34B  4673 0001:000CD34C  4676 0001:000CD381
  4657 0001:000CD384  4664 0001:000CD38B

Line numbers for OraError(OraError.pas) segment .text

    79 0001:000CD3BC    79 0001:000CD3C3

Line numbers for OraCall(OraCall.pas) segment .text

  1848 0001:000CD3C4  1849 0001:000CD3C8  1850 0001:000CD3E1  2348 0001:000CD408
  2349 0001:000CD412  2351 0001:000CD419  2354 0001:000CD420  2355 0001:000CD429
  2356 0001:000CD434  2366 0001:000CD43B  2367 0001:000CD445  2368 0001:000CD44F
  2369 0001:000CD456  2370 0001:000CD45D  2371 0001:000CD467  2372 0001:000CD471
  2456 0001:000CD478  2457 0001:000CD481  2458 0001:000CD48A  2459 0001:000CD49B
  2460 0001:000CD4AC  2461 0001:000CD4B3  2463 0001:000CD4BA  2465 0001:000CD4C1
  2814 0001:000CD4C4  2815 0001:000CD4E2  2816 0001:000CD549  2603 0001:000CD54C
  2605 0001:000CD56A  2610 0001:000CD571  2611 0001:000CD57B  2612 0001:000CD585
  2613 0001:000CD58C  2614 0001:000CD593  2615 0001:000CD59D  2616 0001:000CD5A4
  2617 0001:000CD5AB  2618 0001:000CD5B2  2619 0001:000CD5B9  2620 0001:000CD5C0
  2621 0001:000CD5C7  2622 0001:000CD5CE  2623 0001:000CD5D5  2624 0001:000CD5DC
  2627 0001:000CD5E6  2628 0001:000CD5F0  2629 0001:000CD5FA  2630 0001:000CD604
  2631 0001:000CD60E  2632 0001:000CD618  2633 0001:000CD622  2634 0001:000CD62C
  2635 0001:000CD636  2636 0001:000CD640  2637 0001:000CD64A  2638 0001:000CD654
  2639 0001:000CD65E  2640 0001:000CD668  2641 0001:000CD672  2642 0001:000CD67C
  2643 0001:000CD686  2644 0001:000CD690  2645 0001:000CD69A  2646 0001:000CD6A4
  2647 0001:000CD6AE  2648 0001:000CD6B8  2649 0001:000CD6C2  2650 0001:000CD6CC
  2651 0001:000CD6D6  2652 0001:000CD6E0  2653 0001:000CD6EA  2654 0001:000CD6F4
  2655 0001:000CD6FE  2656 0001:000CD708  2657 0001:000CD712  2658 0001:000CD71C
  2659 0001:000CD726  2660 0001:000CD730  2661 0001:000CD73A  2662 0001:000CD744
  2663 0001:000CD74B  2666 0001:000CD752  2667 0001:000CD75C  2668 0001:000CD766
  2669 0001:000CD770  2670 0001:000CD77A  2671 0001:000CD784  2672 0001:000CD78E
  2673 0001:000CD798  2674 0001:000CD7A2  2675 0001:000CD7AC  2676 0001:000CD7B6
  2677 0001:000CD7C0  2678 0001:000CD7CA  2679 0001:000CD7D4  2680 0001:000CD7DE
  2681 0001:000CD7E8  2682 0001:000CD7F2  2683 0001:000CD7FC  2684 0001:000CD806
  2685 0001:000CD810  2686 0001:000CD81A  2687 0001:000CD824  2688 0001:000CD82E
  2689 0001:000CD838  2690 0001:000CD842  2691 0001:000CD84C  2692 0001:000CD856
  2693 0001:000CD860  2694 0001:000CD86A  2695 0001:000CD874  2696 0001:000CD87E
  2697 0001:000CD888  2698 0001:000CD892  2699 0001:000CD89C  2700 0001:000CD8A6
  2701 0001:000CD8B0  2703 0001:000CD8BA  2704 0001:000CD8C4  2705 0001:000CD8CE
  2706 0001:000CD8D8  2707 0001:000CD8E2  2708 0001:000CD8EC  2709 0001:000CD8F6
  2710 0001:000CD900  2711 0001:000CD90A  2712 0001:000CD914  2713 0001:000CD91E
  2714 0001:000CD928  2715 0001:000CD932  2716 0001:000CD93C  2717 0001:000CD946
  2718 0001:000CD950  2719 0001:000CD95A  2720 0001:000CD964  2721 0001:000CD96E
  2722 0001:000CD978  2723 0001:000CD982  2724 0001:000CD98C  2726 0001:000CD996
  2727 0001:000CD9A0  2728 0001:000CD9AA  2729 0001:000CD9B4  2730 0001:000CD9BE
  2732 0001:000CD9C8  2733 0001:000CD9D2  2734 0001:000CD9DC  2735 0001:000CD9E6
  2736 0001:000CD9F0  2737 0001:000CD9FA  2738 0001:000CDA04  2739 0001:000CDA0E
  2740 0001:000CDA18  2741 0001:000CDA22  2742 0001:000CDA2C  2743 0001:000CDA36
  2744 0001:000CDA40  2745 0001:000CDA4A  2746 0001:000CDA54  2747 0001:000CDA5E
  2748 0001:000CDA68  2749 0001:000CDA72  2750 0001:000CDA7C  2751 0001:000CDA86
  2752 0001:000CDA90  2753 0001:000CDA9A  2754 0001:000CDAA4  2755 0001:000CDAAE
  2756 0001:000CDAB8  2757 0001:000CDAC2  2759 0001:000CDACC  2760 0001:000CDAD6
  2761 0001:000CDAE0  2762 0001:000CDAEA  2763 0001:000CDAF4  2764 0001:000CDAFE
  2765 0001:000CDB08  2766 0001:000CDB12  2767 0001:000CDB1C  2768 0001:000CDB26
  2769 0001:000CDB30  2770 0001:000CDB3A  2771 0001:000CDB44  2772 0001:000CDB4E
  2773 0001:000CDB58  2774 0001:000CDB62  2775 0001:000CDB6C  2776 0001:000CDB76
  2777 0001:000CDB80  2778 0001:000CDB8A  2779 0001:000CDB94  2780 0001:000CDB9E
  2781 0001:000CDBA8  2782 0001:000CDBB2  2783 0001:000CDBBC  2784 0001:000CDBC6
  2785 0001:000CDBD0  2786 0001:000CDBDA  2787 0001:000CDBE4  2788 0001:000CDBEE
  2789 0001:000CDBF8  2790 0001:000CDC02  2791 0001:000CDC0C  2792 0001:000CDC16
  2793 0001:000CDC20  2794 0001:000CDC2A  2795 0001:000CDC34  2796 0001:000CDC3E
  2798 0001:000CDC48  2800 0001:000CDC52  2801 0001:000CDC5C  2802 0001:000CDC66
  2803 0001:000CDC70  2804 0001:000CDC7A  2805 0001:000CDC84  2806 0001:000CDC8E
  2807 0001:000CDC98  2808 0001:000CDCA2  2809 0001:000CDCAC  2811 0001:000CDCB6
  2813 0001:000CDCD5

Line numbers for OraParser(OraParser.pas) segment .text

    94 0001:000CDD80    96 0001:000CDD92    97 0001:000CDD99    98 0001:000CDDA1
    99 0001:000CDDA9   100 0001:000CDDB1   101 0001:000CDDB9   102 0001:000CDDC1
   104 0001:000CDDC9   105 0001:000CDDD1   106 0001:000CDDD9   107 0001:000CDDE4
   108 0001:000CDDEC   109 0001:000CDDF4   110 0001:000CDDFC   111 0001:000CDE04
   112 0001:000CDE0C   113 0001:000CDE14   114 0001:000CDE1C   115 0001:000CDE24
   116 0001:000CDE2F   117 0001:000CDE37   118 0001:000CDE3F   119 0001:000CDE47
   120 0001:000CDE4F   121 0001:000CDE57   122 0001:000CDE5F   123 0001:000CDE67
   124 0001:000CDE6F   125 0001:000CDE77   126 0001:000CDE7F   127 0001:000CDE87
   128 0001:000CDE8F   129 0001:000CDE9A   130 0001:000CDEA2   131 0001:000CDEAA
   132 0001:000CDEB2

Line numbers for OraConsts(OraConsts.pas) segment .text

    61 0001:000CE008    61 0001:000CE00F

Line numbers for OraObjects(OraObjects.pas) segment .text

  3029 0001:000CE040  3029 0001:000CE047

Line numbers for OraClasses(OraClasses.pas) segment .text

  6728 0001:000CE078  6729 0001:000CE081  6730 0001:000CE088

Line numbers for ConnectForm(ConnectForm.pas) segment .text

   131 0001:000CE0BC   134 0001:000CE0C3

Line numbers for OraSQLMonitor(OraSQLMonitor.pas) segment .text

   266 0001:000CE0F4   268 0001:000CE0FB

Line numbers for Ora(Ora.pas) segment .text

  1474 0001:000CE68C  1475 0001:000CE695  1476 0001:000CE69E  1477 0001:000CE6B6
  1478 0001:000CE6C4  1480 0001:000CE6E5  1476 0001:000CE6ED  1481 0001:000CE6F2
  3463 0001:000CE6FC  3464 0001:000CE70E  3466 0001:000CE717  3467 0001:000CE737
  3487 0001:000CE73C  3488 0001:000CE74E  3490 0001:000CE757  3491 0001:000CE75E
  3492 0001:000CE782  3522 0001:000CE788  3523 0001:000CE78A  3536 0001:000CE78C
  3537 0001:000CE78E  3540 0001:000CE790  3541 0001:000CE793  3543 0001:000CE79C
  3544 0001:000CE7A9  3606 0001:000CE7AC  3607 0001:000CE7AF  3609 0001:000CE7B6
  3610 0001:000CE7BD  3615 0001:000CE7C0  3616 0001:000CE7C6  3617 0001:000CE7D1
  3619 0001:000CE7E0  3620 0001:000CE7EC  3625 0001:000CE804  3626 0001:000CE807
  3628 0001:000CE80E  3629 0001:000CE815  3634 0001:000CE818  3635 0001:000CE81E
  3636 0001:000CE829  3638 0001:000CE838  3639 0001:000CE844  6947 0001:000CE9A0
  6950 0001:000CE9D0  6951 0001:000CE9D9  6952 0001:000CE9DE  6954 0001:000CEA07
  6930 0001:000CEA0C  6931 0001:000CEA1F  6932 0001:000CEA26  6934 0001:000CEA2D
  6935 0001:000CEA37  6936 0001:000CEA41  6937 0001:000CEA4B  6938 0001:000CEA55
  6942 0001:000CEA5F  6945 0001:000CEA84

Line numbers for Func(Func.pas) segment .text

   265 0001:000CEC40   266 0001:000CEC5A   267 0001:000CEC76   268 0001:000CEC92
   270 0001:000CECAE   271 0001:000CECCA   272 0001:000CECE6   273 0001:000CED02
   275 0001:000CED1E   276 0001:000CED3A   277 0001:000CED73  3785 0001:000CF330
  3785 0001:000CF343

Line numbers for TmaxFunc(TmaxFunc.pas) segment .text

    54 0001:000CF4C0    55 0001:000CF4C3   132 0001:000CF4C4   133 0001:000CF4FB
   134 0001:000CF508   135 0001:000CF512   137 0001:000CF516   138 0001:000CF522
   139 0001:000CF52F   135 0001:000CF53C   141 0001:000CF540   142 0001:000CF56D
   280 0001:000CF578   281 0001:000CF5AE   282 0001:000CF5B3   287 0001:000CF5C4
   288 0001:000CF5DF   290 0001:000CF5F4   292 0001:000CF5FA   293 0001:000CF60A
   294 0001:000CF611   295 0001:000CF623   296 0001:000CF62A   297 0001:000CF635
   300 0001:000CF660   302 0001:000CF667   303 0001:000CF685   304 0001:000CF6C0
   307 0001:000CF6CC   310 0001:000CF6E7   312 0001:000CF6ED   313 0001:000CF6F4
   314 0001:000CF706   315 0001:000CF716   316 0001:000CF71D   317 0001:000CF728
   321 0001:000CF760   322 0001:000CF767   323 0001:000CF778   326 0001:000CF77F
   327 0001:000CF7BB   371 0001:000CF914   371 0001:000CF91B

Line numbers for PIG10101A(PIG10101A.pas) segment .text

   330 0001:000D0A44   333 0001:000D0A4B   334 0001:000D0A50   340 0001:000D0A54
   341 0001:000D0A7E   343 0001:000D0A8B   344 0001:000D0A92   345 0001:000D0A9D
   347 0001:000D0AA9   348 0001:000D0ACB   349 0001:000D0AED   351 0001:000D0B27
   353 0001:000D0B65   355 0001:000D0B79   356 0001:000D0B83   357 0001:000D0B8F
   363 0001:000D0B94   364 0001:000D0BB7   365 0001:000D0BC7   367 0001:000D0BD4
   368 0001:000D0BE2   370 0001:000D0BFE   371 0001:000D0C16   372 0001:000D0C22
   376 0001:000D0C31   377 0001:000D0C47   378 0001:000D0CA1   381 0001:000D0CAD
   385 0001:000D0CBA   387 0001:000D0CC0   388 0001:000D0CC7   389 0001:000D0CD7
   390 0001:000D0CDE   391 0001:000D0CF3   392 0001:000D0CFA   393 0001:000D0D08
   395 0001:000D0D0F   398 0001:000D0D3B   399 0001:000D0D45   405 0001:000D0D4C
   408 0001:000D0D59   410 0001:000D0D5F   411 0001:000D0D66   412 0001:000D0D76
   413 0001:000D0D7D   414 0001:000D0D92   415 0001:000D0D99   416 0001:000D0DA7
   420 0001:000D0DAE   422 0001:000D0E14   423 0001:000D0E2C   424 0001:000D0E38
   429 0001:000D0E3D   431 0001:000D0EA3   432 0001:000D0EB0   435 0001:000D0EBF
   437 0001:000D0ECC   438 0001:000D0EDD   440 0001:000D0EE8   442 0001:000D0EF6
   444 0001:000D0F30   447 0001:000D1134   448 0001:000D1150   449 0001:000D115D
   450 0001:000D116A   452 0001:000D1177   453 0001:000D1182   459 0001:000D11CD
   463 0001:000D11E0   464 0001:000D11E3   468 0001:000D11E4   469 0001:000D11E9
   475 0001:000D11EC   476 0001:000D11FD   478 0001:000D1202   480 0001:000D1222
   485 0001:000D1224   486 0001:000D123B   488 0001:000D1241   489 0001:000D1251
   491 0001:000D1258   493 0001:000D1269   520 0001:000D12D4   522 0001:000D12F0
   553 0001:000D1371   582 0001:000D13E6   583 0001:000D13ED   584 0001:000D13FF
   585 0001:000D1411   586 0001:000D1423   587 0001:000D1435   588 0001:000D1447
   589 0001:000D1459   590 0001:000D146B   591 0001:000D147D   592 0001:000D148F
   593 0001:000D14A1   594 0001:000D14B3   595 0001:000D14C5   596 0001:000D14D7
   597 0001:000D14E9   598 0001:000D14FB   599 0001:000D150D   600 0001:000D151F
   601 0001:000D1531   602 0001:000D1538   603 0001:000D154F   604 0001:000D1566
   623 0001:000D159A   626 0001:000D2A34   628 0001:000D2A5C   630 0001:000D2A62
   631 0001:000D2A72   633 0001:000D2A79   635 0001:000D2A87   669 0001:000D2ACE
   671 0001:000D2AE6   705 0001:000D2B2A   739 0001:000D2B6C   740 0001:000D2B73
   741 0001:000D2B7A   742 0001:000D2B8C   743 0001:000D2B9E   744 0001:000D2BB0
   745 0001:000D2BC2   746 0001:000D2BD4   747 0001:000D2BE6   748 0001:000D2BF8
   749 0001:000D2C0A   750 0001:000D2C1C   751 0001:000D2C2E   752 0001:000D2C40
   753 0001:000D2C52   754 0001:000D2C64   755 0001:000D2C76   756 0001:000D2C88
   757 0001:000D2C9A   758 0001:000D2CAC   759 0001:000D2CBE   760 0001:000D2CD0
   761 0001:000D2CE2   762 0001:000D2CF4   763 0001:000D2D06   764 0001:000D2D18
   765 0001:000D2D2A   766 0001:000D2D3C   767 0001:000D2D4E   770 0001:000D2D55
   772 0001:000D2D5E   773 0001:000D2D73   776 0001:000D2D7A   779 0001:000D2E2B
   781 0001:000D2E4D   782 0001:000D2E7F   785 0001:000D2E8C   787 0001:000D2EB3
   789 0001:000D2ED1   796 0001:000D2F8F   797 0001:000D2FAD   805 0001:000D30C4
   809 0001:000D30D6   810 0001:000D30F8   811 0001:000D311A   812 0001:000D3160
   813 0001:000D3182   814 0001:000D31A4   815 0001:000D31F2   816 0001:000D3214
   834 0001:000D323B   835 0001:000D325D   836 0001:000D327F   837 0001:000D32C5
   838 0001:000D32E7   839 0001:000D3309   840 0001:000D3357   841 0001:000D3379
   866 0001:000D339B   868 0001:000D33BE   869 0001:000D33CE   873 0001:000D33E3
   874 0001:000D33F3   877 0001:000D3406   879 0001:000D3414   880 0001:000D3424
   884 0001:000D3439   886 0001:000D345C   887 0001:000D346C   891 0001:000D3481
   892 0001:000D3491   898 0001:000D34A4   900 0001:000D34B2   901 0001:000D34C2
   905 0001:000D34D7   906 0001:000D34E4   918 0001:000D3521   921 0001:000D42E8
   922 0001:000D430F   923 0001:000D4325   924 0001:000D433B   925 0001:000D4351
   926 0001:000D4367   927 0001:000D437D   928 0001:000D4393   929 0001:000D43A9
   930 0001:000D43BF   931 0001:000D43D5   932 0001:000D43EB   933 0001:000D43FB
   934 0001:000D440B   935 0001:000D441B   936 0001:000D442B   937 0001:000D443B
   938 0001:000D444B   939 0001:000D445B   940 0001:000D446B   941 0001:000D447B
   942 0001:000D448B   943 0001:000D449B   944 0001:000D44AB   945 0001:000D44BB
   946 0001:000D44CB   947 0001:000D44DB   948 0001:000D44EB   949 0001:000D44FB
   950 0001:000D450B   951 0001:000D451B   952 0001:000D452B   953 0001:000D453B
   954 0001:000D454B   955 0001:000D455B   956 0001:000D456B   957 0001:000D457B
   958 0001:000D458B   959 0001:000D459B   960 0001:000D45AB   961 0001:000D45BB
   962 0001:000D45CB   963 0001:000D45DB   965 0001:000D45EB   967 0001:000D4609
   968 0001:000D461F   969 0001:000D4635   970 0001:000D4648   972 0001:000D4660
   974 0001:000D46AE   975 0001:000D46D5   976 0001:000D46FC   977 0001:000D4720
   978 0001:000D4744   980 0001:000D4768   982 0001:000D4786   983 0001:000D47AA
   984 0001:000D47CE   986 0001:000D47F7   988 0001:000D4815   989 0001:000D4839
   990 0001:000D485D   992 0001:000D4886   994 0001:000D48A8   995 0001:000D48CC
   996 0001:000D48F0   999 0001:000D4919  1001 0001:000D493B  1002 0001:000D4962
  1003 0001:000D4989  1004 0001:000D49AD  1005 0001:000D49D1  1006 0001:000D49F5
  1007 0001:000D4A19  1008 0001:000D4A3D  1010 0001:000D4A66  1012 0001:000D4A88
  1013 0001:000D4AAF  1014 0001:000D4AD6  1015 0001:000D4AFA  1016 0001:000D4B1E
  1017 0001:000D4B42  1018 0001:000D4B66  1019 0001:000D4B8A  1021 0001:000D4BB3
  1023 0001:000D4BD5  1024 0001:000D4BFC  1025 0001:000D4C23  1026 0001:000D4C47
  1027 0001:000D4C6B  1028 0001:000D4C8F  1029 0001:000D4CB3  1030 0001:000D4CD7
  1032 0001:000D4D1D  1037 0001:000D5054  1038 0001:000D506A  1040 0001:000D5089
  1041 0001:000D50A0  1042 0001:000D50B7  1050 0001:000D50CE  1051 0001:000D50D5
  1052 0001:000D50DC  1054 0001:000D50E3  1055 0001:000D5101  1057 0001:000D5140
  1060 0001:000D5154  1061 0001:000D516D  1063 0001:000D5173  1064 0001:000D5183
  1066 0001:000D518A  1096 0001:000D5236  1097 0001:000D523D  1098 0001:000D524F
  1099 0001:000D5297  1100 0001:000D52A9  1102 0001:000D52BB  1103 0001:000D5315
  1105 0001:000D531C  1106 0001:000D5333  1107 0001:000D534A  1108 0001:000D5361
  1109 0001:000D5378  1110 0001:000D538F  1111 0001:000D53A6  1112 0001:000D53C8
  1115 0001:000D5404  1117 0001:000D5410  1119 0001:000D541C  1121 0001:000D544A
  1126 0001:000D5E48  1128 0001:000D5E6F  1129 0001:000D5E80  1130 0001:000D5E87
  1131 0001:000D5E9A  1132 0001:000D5EAD  1133 0001:000D5EC0  1134 0001:000D5ED3
  1135 0001:000D5EF6  1137 0001:000D5EFD  1138 0001:000D5F0B  1139 0001:000D5F2E
  1140 0001:000D5F30  1143 0001:000D5F58  1144 0001:000D5F61  1146 0001:000D5FAC
  1149 0001:000D6000  1150 0001:000D6013  1152 0001:000D6034  1153 0001:000D6068
  1155 0001:000D609A  1158 0001:000D6134  1159 0001:000D6147  1161 0001:000D6168
  1162 0001:000D619C  1165 0001:000D61CE  1168 0001:000D6268  1169 0001:000D627B
  1171 0001:000D629C  1172 0001:000D62D0  1174 0001:000D6302  1180 0001:000D639C
  1181 0001:000D63BF  1182 0001:000D63C7  1183 0001:000D63DF  1184 0001:000D63E4
  1186 0001:000D63E8  1187 0001:000D63F7  1188 0001:000D63FB  1189 0001:000D63FC
  1184 0001:000D640B  1191 0001:000D640F  1192 0001:000D641F  1193 0001:000D642D
  1194 0001:000D645D  1197 0001:000D64C8  1197 0001:000D64CF

Line numbers for PIG1010A(D:\OS계정보안수정중\3tier\PIG1010A\PIG1010A.dpr) segment .text

     9 0001:000D6930    10 0001:000D6940    11 0001:000D694C    12 0001:000D695D
    13 0001:000D6975    14 0001:000D6981

Bound resource files

c:\program files\borland\delphi4\Lib\CONTROLS.RES
c:\program files\borland\delphi4\Lib\BUTTONS.RES
C:\insa\CompLib\Onitek4\OnCursor.res
C:\insa\CompLib\Tmax4\TmaxCursors.res
C:\insa\CompLib\Onitek4\OnEdit.res
C:\insa\CompLib\Onitek4\OnSkinBtn.RES
C:\insa\CompLib\Onitek4\OnButton.res
c:\program files\borland\delphi4\Lib\DBCTRLS.RES
c:\program files\borland\delphi4\Lib\DBGRIDS.RES
C:\insa\CompLib\Onitek4\OnGrgrid.res
C:\insa\CompLib\Onitek4\mis\OnInsaBtn.RES
C:\insa\CompLib\Onitek4\mis\OnTmaxPersonEdit.DFM
c:\program files\borland\delphi4\Lib\DBPWDlg.DFM
c:\program files\borland\delphi4\Lib\DBLogDlg.DFM
C:\insa\CompLib\Onitek4\OnDateButton.res
C:\insa\CompLib\Onitek4\mis\OnTmaxCodeEdit.DFM
C:\insa\CompLib\Onitek4\mis\OnTmaxDeptEdit.DFM
C:\insa\CompLib\Onitek4\OnDBGrid.res
C:\insa\CompLib\UserComp\DBGRIDEH.RES
c:\program files\borland\delphi4\Lib\FileCtrl.RES
C:\insa\CompLib\OraNet4\DBAccess.res
C:\insa\CompLib\OraNet4\ConnectForm.dfm
C:\insa\CompLib\OraNet4\Ora.res
C:\insa\CompLib\UserLib2\TmaxFunc.DFM
PIG10101A.DFM
PIG1010A.RES
PIG1010A.drf


Program entry point at 0001:000D6930
