
 Start         Length     Name                   Class
 0001:00000000 000E2BB4H .text                   CODE
 0002:00000000 00003034H .data                   DATA
 0002:00003034 000010A9H .bss                    BSS


Detailed map of segments

 0001:00000000 00005B64 C=CODE     S=.text    G=(none)   M=System   ACBP=A9
 0001:00005B64 00000174 C=CODE     S=.text    G=(none)   M=SysInit  ACBP=A9
 0001:00005CD8 00000D00 C=CODE     S=.text    G=(none)   M=Windows  ACBP=A9
 0001:000069D8 00000038 C=CODE     S=.text    G=(none)   M=Messages ACBP=A9
 0001:00006A10 00000308 C=CODE     S=.text    G=(none)   M=SysConst ACBP=A9
 0001:00006D18 00006378 C=CODE     S=.text    G=(none)   M=SysUtils ACBP=A9
 0001:0000D090 000000D8 C=CODE     S=.text    G=(none)   M=ActiveX  ACBP=A9
 0001:0000D168 00000438 C=CODE     S=.text    G=(none)   M=Consts   ACBP=A9
 0001:0000D5A0 000008B4 C=CODE     S=.text    G=(none)   M=TypInfo  ACBP=A9
 0001:0000DE54 0000A0B9 C=CODE     S=.text    G=(none)   M=Classes  ACBP=A9
 0001:00017F10 000090A7 C=CODE     S=.text    G=(none)   M=Graphics ACBP=A9
 0001:00020FB8 00000198 C=CODE     S=.text    G=(none)   M=Commctrl ACBP=A9
 0001:00021150 00000783 C=CODE     S=.text    G=(none)   M=MultiMon ACBP=A9
 0001:000218D4 00000048 C=CODE     S=.text    G=(none)   M=Imm      ACBP=A9
 0001:0002191C 00000048 C=CODE     S=.text    G=(none)   M=Math     ACBP=A9
 0001:00021964 00000038 C=CODE     S=.text    G=(none)   M=WinSpool ACBP=A9
 0001:0002199C 00000044 C=CODE     S=.text    G=(none)   M=Printers ACBP=A9
 0001:000219E0 0000031F C=CODE     S=.text    G=(none)   M=FlatSB   ACBP=A9
 0001:00021D00 00004CE4 C=CODE     S=.text    G=(none)   M=StdCtrls ACBP=A9
 0001:000269E4 00000674 C=CODE     S=.text    G=(none)   M=Clipbrd  ACBP=A9
 0001:00027058 0000015C C=CODE     S=.text    G=(none)   M=StdActns ACBP=A9
 0001:000271B4 0000F3CB C=CODE     S=.text    G=(none)   M=Controls ACBP=A9
 0001:00036580 00000E1C C=CODE     S=.text    G=(none)   M=ActnList ACBP=A9
 0001:0003739C 000019DC C=CODE     S=.text    G=(none)   M=ImgList  ACBP=A9
 0001:00038D78 00004546 C=CODE     S=.text    G=(none)   M=Menus    ACBP=A9
 0001:0003D2C0 0000C9D7 C=CODE     S=.text    G=(none)   M=Forms    ACBP=A9
 0001:00049C98 00000048 C=CODE     S=.text    G=(none)   M=CommDlg  ACBP=A9
 0001:00049CE0 00003938 C=CODE     S=.text    G=(none)   M=ExtCtrls ACBP=A9
 0001:0004D618 00000038 C=CODE     S=.text    G=(none)   M=Dlgs     ACBP=A9
 0001:0004D650 00001E01 C=CODE     S=.text    G=(none)   M=Dialogs  ACBP=A9
 0001:0004F454 000029F8 C=CODE     S=.text    G=(none)   M=Mask     ACBP=A9
 0001:00051E4C 00008FF4 C=CODE     S=.text    G=(none)   M=Grids    ACBP=A9
 0001:0005AE40 000021BD C=CODE     S=.text    G=(none)   M=Buttons  ACBP=A9
 0001:0005D000 00000038 C=CODE     S=.text    G=(none)   M=RichEdit ACBP=A9
 0001:0005D038 00000038 C=CODE     S=.text    G=(none)   M=ToolWin  ACBP=A9
 0001:0005D070 00000078 C=CODE     S=.text    G=(none)   M=ComStrs  ACBP=A9
 0001:0005D0E8 000034D0 C=CODE     S=.text    G=(none)   M=ComCtrls ACBP=A9
 0001:000605B8 00000268 C=CODE     S=.text    G=(none)   M=DbConsts ACBP=A9
 0001:00060820 0000E3F4 C=CODE     S=.text    G=(none)   M=Db       ACBP=A9
 0001:0006EC14 00002B78 C=CODE     S=.text    G=(none)   M=DBCtrls  ACBP=A9
 0001:0007178C 00009690 C=CODE     S=.text    G=(none)   M=DBGrids  ACBP=A9
 0001:0007AE1C 00000068 C=CODE     S=.text    G=(none)   M=IniFiles ACBP=A9
 0001:0007AE84 000005EC C=CODE     S=.text    G=(none)   M=Registry ACBP=A9
 0001:0007B470 00000038 C=CODE     S=.text    G=(none)   M=DBGridEH ACBP=A9
 0001:0007B4A8 00000424 C=CODE     S=.text    G=(none)   M=OnCommon ACBP=A9
 0001:0007B8CC 00001A60 C=CODE     S=.text    G=(none)   M=OnEditUtils ACBP=A9
 0001:0007D32C 00001CDC C=CODE     S=.text    G=(none)   M=OnScheme ACBP=A9
 0001:0007F008 000029BC C=CODE     S=.text    G=(none)   M=OnEditBaseCtrl ACBP=A9
 0001:000819C4 0000029C C=CODE     S=.text    G=(none)   M=OnStringUtils ACBP=A9
 0001:00081C60 0000585C C=CODE     S=.text    G=(none)   M=OnEditStdCtrl ACBP=A9
 0001:000874BC 00000160 C=CODE     S=.text    G=(none)   M=OnCursors ACBP=A9
 0001:0008761C 000035B4 C=CODE     S=.text    G=(none)   M=OnEditBtnCtrl ACBP=A9
 0001:0008ABD0 00000038 C=CODE     S=.text    G=(none)   M=OnEditCombo ACBP=A9
 0001:0008AC08 000003C4 C=CODE     S=.text    G=(none)   M=DsgnIntf ACBP=A9
 0001:0008AFCC 000000A0 C=CODE     S=.text    G=(none)   M=Tmax_atmi ACBP=A9
 0001:0008B06C 00000038 C=CODE     S=.text    G=(none)   M=Tmax_fdl ACBP=A9
 0001:0008B0A4 000016A0 C=CODE     S=.text    G=(none)   M=Tmax_common ACBP=A9
 0001:0008C744 000001A0 C=CODE     S=.text    G=(none)   M=TmaxCursors ACBP=A9
 0001:0008C8E4 00001A08 C=CODE     S=.text    G=(none)   M=Tmax_session ACBP=A9
 0001:0008E2EC 000052D4 C=CODE     S=.text    G=(none)   M=Tmax_DataSetText ACBP=A9
 0001:000935C0 000010A0 C=CODE     S=.text    G=(none)   M=OnFocusButton ACBP=A9
 0001:00094660 00003D04 C=CODE     S=.text    G=(none)   M=Bde      ACBP=A9
 0001:00098364 0000338C C=CODE     S=.text    G=(none)   M=DBCommon ACBP=A9
 0001:0009B6F0 00000068 C=CODE     S=.text    G=(none)   M=SMIntf   ACBP=A9
 0001:0009B758 00000068 C=CODE     S=.text    G=(none)   M=StdVCL   ACBP=A9
 0001:0009B7C0 00000038 C=CODE     S=.text    G=(none)   M=DBPWDlg  ACBP=A9
 0001:0009B7F8 000003CC C=CODE     S=.text    G=(none)   M=DBLogDlg ACBP=A9
 0001:0009BBC4 000000E8 C=CODE     S=.text    G=(none)   M=BdeConst ACBP=A9
 0001:0009BCAC 000096E0 C=CODE     S=.text    G=(none)   M=DBTables ACBP=A9
 0001:000A538C 00000038 C=CODE     S=.text    G=(none)   M=OnEditNumCtl ACBP=A9
 0001:000A53C4 00001650 C=CODE     S=.text    G=(none)   M=OnEditMemo ACBP=A9
 0001:000A6A14 000000A8 C=CODE     S=.text    G=(none)   M=OnCalendarUtil ACBP=A9
 0001:000A6ABC 000000AB C=CODE     S=.text    G=(none)   M=OnPopupCalendar ACBP=A9
 0001:000A6B68 000000E0 C=CODE     S=.text    G=(none)   M=OnEditMdate ACBP=A9
 0001:000A6C48 00000054 C=CODE     S=.text    G=(none)   M=OnPopupEdit ACBP=A9
 0001:000A6C9C 000000C3 C=CODE     S=.text    G=(none)   M=CheckLst ACBP=A9
 0001:000A6D60 00000038 C=CODE     S=.text    G=(none)   M=OnListbox ACBP=A9
 0001:000A6D98 00000038 C=CODE     S=.text    G=(none)   M=OnCheckBox ACBP=A9
 0001:000A6DD0 00000B98 C=CODE     S=.text    G=(none)   M=OnShapeLabel ACBP=A9
 0001:000A7968 00000038 C=CODE     S=.text    G=(none)   M=OnLineLabel ACBP=A9
 0001:000A79A0 00000038 C=CODE     S=.text    G=(none)   M=ShellAPI ACBP=A9
 0001:000A79D8 00000038 C=CODE     S=.text    G=(none)   M=TLHelp32 ACBP=A9
 0001:000A7A10 000001CC C=CODE     S=.text    G=(none)   M=OnRegistry ACBP=A9
 0001:000A7BDC 00000050 C=CODE     S=.text    G=(none)   M=jconsts  ACBP=A9
 0001:000A7C2C 00013810 C=CODE     S=.text    G=(none)   M=jpeg     ACBP=A9
 0001:000BB43C 00000040 C=CODE     S=.text    G=(none)   M=MMSystem ACBP=A9
 0001:000BB47C 0000EED0 C=CODE     S=.text    G=(none)   M=OnGifimage ACBP=A9
 0001:000CA34C 000001E0 C=CODE     S=.text    G=(none)   M=OnGraphicLib ACBP=A9
 0001:000CA52C 000036D0 C=CODE     S=.text    G=(none)   M=OnGrDBGrid ACBP=A9
 0001:000CDBFC 00000038 C=CODE     S=.text    G=(none)   M=OnInsaRes ACBP=A9
 0001:000CDC34 00000038 C=CODE     S=.text    G=(none)   M=OnTmaxCodeEdit ACBP=A9
 0001:000CDC6C 00000038 C=CODE     S=.text    G=(none)   M=OnTmaxDeptEdit ACBP=A9
 0001:000CDCA4 000003C4 C=CODE     S=.text    G=(none)   M=OnInsaCommon ACBP=A9
 0001:000CE068 00004348 C=CODE     S=.text    G=(none)   M=OnTmaxPersonEdit ACBP=A9
 0001:000D23B0 00000258 C=CODE     S=.text    G=(none)   M=pepaser  ACBP=A9
 0001:000D2608 00000038 C=CODE     S=.text    G=(none)   M=pemaxmin ACBP=A9
 0001:000D2640 00000038 C=CODE     S=.text    G=(none)   M=peeditconst ACBP=A9
 0001:000D2678 00000038 C=CODE     S=.text    G=(none)   M=pegraphic ACBP=A9
 0001:000D26B0 00000038 C=CODE     S=.text    G=(none)   M=pereg    ACBP=A9
 0001:000D26E8 00000038 C=CODE     S=.text    G=(none)   M=pebtnedit ACBP=A9
 0001:000D2720 00000038 C=CODE     S=.text    G=(none)   M=peNumedit ACBP=A9
 0001:000D2758 00000055 C=CODE     S=.text    G=(none)   M=peextcombo ACBP=A9
 0001:000D27B0 00000038 C=CODE     S=.text    G=(none)   M=peoutlookbtn ACBP=A9
 0001:000D27E8 00000038 C=CODE     S=.text    G=(none)   M=pedballutil ACBP=A9
 0001:000D2820 00000038 C=CODE     S=.text    G=(none)   M=pedbgrid ACBP=A9
 0001:000D2858 00000038 C=CODE     S=.text    G=(none)   M=pegradpanl ACBP=A9
 0001:000D2890 00000038 C=CODE     S=.text    G=(none)   M=pecodeform ACBP=A9
 0001:000D28C8 00000038 C=CODE     S=.text    G=(none)   M=PeJeonLabel ACBP=A9
 0001:000D2900 00000055 C=CODE     S=.text    G=(none)   M=pecodebtnedit ACBP=A9
 0001:000D2958 00000038 C=CODE     S=.text    G=(none)   M=CRParser ACBP=A9
 0001:000D2990 00000038 C=CODE     S=.text    G=(none)   M=DAConsts ACBP=A9
 0001:000D29C8 0000011C C=CODE     S=.text    G=(none)   M=MemData  ACBP=A9
 0001:000D2AE4 00000038 C=CODE     S=.text    G=(none)   M=MemDS    ACBP=A9
 0001:000D2B1C 00000038 C=CODE     S=.text    G=(none)   M=CRAccess ACBP=A9
 0001:000D2B54 00000041 C=CODE     S=.text    G=(none)   M=DASQLMonitor ACBP=A9
 0001:000D2B98 000001A0 C=CODE     S=.text    G=(none)   M=DBAccess ACBP=A9
 0001:000D2D38 00000038 C=CODE     S=.text    G=(none)   M=WinSock  ACBP=A9
 0001:000D2D70 00000038 C=CODE     S=.text    G=(none)   M=SyncObjs ACBP=A9
 0001:000D2DA8 00000038 C=CODE     S=.text    G=(none)   M=ScktComp ACBP=A9
 0001:000D2DE0 00000038 C=CODE     S=.text    G=(none)   M=OraError ACBP=A9
 0001:000D2E18 00000918 C=CODE     S=.text    G=(none)   M=OraCall  ACBP=A9
 0001:000D3730 00000074 C=CODE     S=.text    G=(none)   M=OraCrypt ACBP=A9
 0001:000D37A4 00000250 C=CODE     S=.text    G=(none)   M=OraParser ACBP=A9
 0001:000D39F4 00000038 C=CODE     S=.text    G=(none)   M=OraNet   ACBP=A9
 0001:000D3A2C 00000038 C=CODE     S=.text    G=(none)   M=OraConsts ACBP=A9
 0001:000D3A64 00000038 C=CODE     S=.text    G=(none)   M=OraObjects ACBP=A9
 0001:000D3A9C 00000041 C=CODE     S=.text    G=(none)   M=OraClasses ACBP=A9
 0001:000D3AE0 00000038 C=CODE     S=.text    G=(none)   M=ConnectForm ACBP=A9
 0001:000D3B18 00000038 C=CODE     S=.text    G=(none)   M=OraSQLMonitor ACBP=A9
 0001:000D3B50 00000998 C=CODE     S=.text    G=(none)   M=Ora      ACBP=A9
 0001:000D44E8 00000050 C=CODE     S=.text    G=(none)   M=ComConst ACBP=A9
 0001:000D4538 00000E69 C=CODE     S=.text    G=(none)   M=ComObj   ACBP=A9
 0001:000D53A4 00000038 C=CODE     S=.text    G=(none)   M=RegStr   ACBP=A9
 0001:000D53DC 00000038 C=CODE     S=.text    G=(none)   M=WinInet  ACBP=A9
 0001:000D5414 00000038 C=CODE     S=.text    G=(none)   M=UrlMon   ACBP=A9
 0001:000D544C 00000038 C=CODE     S=.text    G=(none)   M=ShlObj   ACBP=A9
 0001:000D5484 00000038 C=CODE     S=.text    G=(none)   M=FileCtrl ACBP=A9
 0001:000D54BC 00000038 C=CODE     S=.text    G=(none)   M=Datelib  ACBP=A9
 0001:000D54F4 00000038 C=CODE     S=.text    G=(none)   M=codetext ACBP=A9
 0001:000D552C 00000038 C=CODE     S=.text    G=(none)   M=Pass     ACBP=A9
 0001:000D5564 00000038 C=CODE     S=.text    G=(none)   M=OraAlerter ACBP=A9
 0001:000D559C 00000070 C=CODE     S=.text    G=(none)   M=OraSmart ACBP=A9
 0001:000D560C 00000748 C=CODE     S=.text    G=(none)   M=Func     ACBP=A9
 0001:000D5D54 00000038 C=CODE     S=.text    G=(none)   M=pedeptform ACBP=A9
 0001:000D5D8C 00000055 C=CODE     S=.text    G=(none)   M=pedeptbtnedit ACBP=A9
 0001:000D5DE4 00000038 C=CODE     S=.text    G=(none)   M=pevalueform ACBP=A9
 0001:000D5E1C 00000055 C=CODE     S=.text    G=(none)   M=pevaluebtnedit ACBP=A9
 0001:000D5E74 00000038 C=CODE     S=.text    G=(none)   M=peempnoform ACBP=A9
 0001:000D5EAC 00000055 C=CODE     S=.text    G=(none)   M=peempnobtnedit ACBP=A9
 0001:000D5F04 00000038 C=CODE     S=.text    G=(none)   M=peDblBtnedit ACBP=A9
 0001:000D5F3C 0000005C C=CODE     S=.text    G=(none)   M=peextdblbtnedit ACBP=A9
 0001:000D5F98 0000025C C=CODE     S=.text    G=(none)   M=pedbutil ACBP=A9
 0001:000D61F4 00001174 C=CODE     S=.text    G=(none)   M=OnSkinBtn ACBP=A9
 0001:000D7368 000005C4 C=CODE     S=.text    G=(none)   M=TmaxFunc ACBP=A9
 0001:000D792C 000007C4 C=CODE     S=.text    G=(none)   M=Tmax_DmlSet ACBP=A9
 0001:000D80F0 00000078 C=CODE     S=.text    G=(none)   M=OnOneInstance ACBP=A9
 0001:000D8168 00000078 C=CODE     S=.text    G=(none)   M=OnTmaxInsaData ACBP=A9
 0001:000D81E0 00000038 C=CODE     S=.text    G=(none)   M=OnDBGridEdit ACBP=A9
 0001:000D8218 000000E7 C=CODE     S=.text    G=(none)   M=OnDBGrid ACBP=A9
 0001:000D8300 000007CF C=CODE     S=.text    G=(none)   M=AxCtrls  ACBP=A9
 0001:000D8AD0 00000038 C=CODE     S=.text    G=(none)   M=OleConst ACBP=A9
 0001:000D8B08 00000038 C=CODE     S=.text    G=(none)   M=OleCtrls ACBP=A9
 0001:000D8B40 00000038 C=CODE     S=.text    G=(none)   M=NotesHana_TLB ACBP=A9
 0001:000D8B78 0000006C C=CODE     S=.text    G=(none)   M=HMainForm ACBP=A9
 0001:000D8BE4 00000380 C=CODE     S=.text    G=(none)   M=Hinsa_TmaxDM ACBP=A9
 0001:000D8F64 00009660 C=CODE     S=.text    G=(none)   M=HSubForm ACBP=A9
 0001:000E25C4 000005F0 C=CODE     S=.text    G=(none)   M=PED1020D ACBP=A9
 0002:00000000 000000FE C=DATA     S=.data    G=DGROUP   M=System   ACBP=A9
 0002:00000100 00000018 C=DATA     S=.data    G=DGROUP   M=SysInit  ACBP=A9
 0002:00000118 00000240 C=DATA     S=.data    G=DGROUP   M=SysUtils ACBP=A9
 0002:00000358 00000010 C=DATA     S=.data    G=DGROUP   M=ActiveX  ACBP=A9
 0002:00000368 00000010 C=DATA     S=.data    G=DGROUP   M=TypInfo  ACBP=A9
 0002:00000378 0000009C C=DATA     S=.data    G=DGROUP   M=Classes  ACBP=A9
 0002:00000414 000002BC C=DATA     S=.data    G=DGROUP   M=Graphics ACBP=A9
 0002:000006D0 00000004 C=DATA     S=.data    G=DGROUP   M=Printers ACBP=A9
 0002:000006D4 00000098 C=DATA     S=.data    G=DGROUP   M=StdCtrls ACBP=A9
 0002:0000076C 00000128 C=DATA     S=.data    G=DGROUP   M=Controls ACBP=A9
 0002:00000894 00000020 C=DATA     S=.data    G=DGROUP   M=ImgList  ACBP=A9
 0002:000008B4 000000D8 C=DATA     S=.data    G=DGROUP   M=Menus    ACBP=A9
 0002:0000098C 00000148 C=DATA     S=.data    G=DGROUP   M=Forms    ACBP=A9
 0002:00000AD4 00000015 C=DATA     S=.data    G=DGROUP   M=ExtCtrls ACBP=A9
 0002:00000AEC 00000104 C=DATA     S=.data    G=DGROUP   M=Dialogs  ACBP=A9
 0002:00000BF0 00000010 C=DATA     S=.data    G=DGROUP   M=Mask     ACBP=A9
 0002:00000C00 00000006 C=DATA     S=.data    G=DGROUP   M=Grids    ACBP=A9
 0002:00000C08 00000046 C=DATA     S=.data    G=DGROUP   M=Buttons  ACBP=A9
 0002:00000C50 00000064 C=DATA     S=.data    G=DGROUP   M=ComCtrls ACBP=A9
 0002:00000CB4 00000136 C=DATA     S=.data    G=DGROUP   M=Db       ACBP=A9
 0002:00000DEC 0000002C C=DATA     S=.data    G=DGROUP   M=DBCtrls  ACBP=A9
 0002:00000E18 00000028 C=DATA     S=.data    G=DGROUP   M=DBGrids  ACBP=A9
 0002:00000E40 00000008 C=DATA     S=.data    G=DGROUP   M=IniFiles ACBP=A9
 0002:00000E48 00000008 C=DATA     S=.data    G=DGROUP   M=Registry ACBP=A9
 0002:00000E50 00000020 C=DATA     S=.data    G=DGROUP   M=OnCommon ACBP=A9
 0002:00000E70 00000040 C=DATA     S=.data    G=DGROUP   M=OnEditUtils ACBP=A9
 0002:00000EB0 00000074 C=DATA     S=.data    G=DGROUP   M=OnEditStdCtrl ACBP=A9
 0002:00000F24 00000008 C=DATA     S=.data    G=DGROUP   M=OnEditBtnCtrl ACBP=A9
 0002:00000F2C 0000003C C=DATA     S=.data    G=DGROUP   M=DsgnIntf ACBP=A9
 0002:00000F68 00000004 C=DATA     S=.data    G=DGROUP   M=Tmax_DataSetText ACBP=A9
 0002:00000F6C 00000C50 C=DATA     S=.data    G=DGROUP   M=Bde      ACBP=A9
 0002:00001BBC 000000B4 C=DATA     S=.data    G=DGROUP   M=DBCommon ACBP=A9
 0002:00001C70 00000010 C=DATA     S=.data    G=DGROUP   M=SMIntf   ACBP=A9
 0002:00001C80 0000004C C=DATA     S=.data    G=DGROUP   M=DBTables ACBP=A9
 0002:00001CCC 0000001C C=DATA     S=.data    G=DGROUP   M=OnEditMemo ACBP=A9
 0002:00001CE8 0000001C C=DATA     S=.data    G=DGROUP   M=OnPopupCalendar ACBP=A9
 0002:00001D04 000008F8 C=DATA     S=.data    G=DGROUP   M=jpeg     ACBP=A9
 0002:000025FC 00000103 C=DATA     S=.data    G=DGROUP   M=OnGifimage ACBP=A9
 0002:00002700 00000006 C=DATA     S=.data    G=DGROUP   M=OnGrDBGrid ACBP=A9
 0002:00002708 00000004 C=DATA     S=.data    G=DGROUP   M=OnInsaCommon ACBP=A9
 0002:0000270C 0000001C C=DATA     S=.data    G=DGROUP   M=OnTmaxPersonEdit ACBP=A9
 0002:00002728 00000014 C=DATA     S=.data    G=DGROUP   M=DBAccess ACBP=A9
 0002:0000273C 00000080 C=DATA     S=.data    G=DGROUP   M=Ora      ACBP=A9
 0002:000027BC 0000002C C=DATA     S=.data    G=DGROUP   M=ComObj   ACBP=A9
 0002:000027E8 000001F4 C=DATA     S=.data    G=DGROUP   M=Func     ACBP=A9
 0002:000029DC 00000004 C=DATA     S=.data    G=DGROUP   M=pedbutil ACBP=A9
 0002:000029E0 00000004 C=DATA     S=.data    G=DGROUP   M=OnOneInstance ACBP=A9
 0002:000029E4 00000004 C=DATA     S=.data    G=DGROUP   M=OnTmaxInsaData ACBP=A9
 0002:000029E8 00000024 C=DATA     S=.data    G=DGROUP   M=OnDBGrid ACBP=A9
 0002:00004000 000004D0 C=BSS      S=.bss     G=DGROUP   M=System   ACBP=A9
 0002:000044D0 00000018 C=BSS      S=.bss     G=DGROUP   M=SysInit  ACBP=A9
 0002:000044E8 00000004 C=BSS      S=.bss     G=DGROUP   M=Windows  ACBP=A9
 0002:000044EC 00000004 C=BSS      S=.bss     G=DGROUP   M=Messages ACBP=A9
 0002:000044F0 00000004 C=BSS      S=.bss     G=DGROUP   M=SysConst ACBP=A9
 0002:000044F4 00000114 C=BSS      S=.bss     G=DGROUP   M=SysUtils ACBP=A9
 0002:00004608 00000004 C=BSS      S=.bss     G=DGROUP   M=ActiveX  ACBP=A9
 0002:0000460C 00000004 C=BSS      S=.bss     G=DGROUP   M=Consts   ACBP=A9
 0002:00004610 00000004 C=BSS      S=.bss     G=DGROUP   M=TypInfo  ACBP=A9
 0002:00004614 00000024 C=BSS      S=.bss     G=DGROUP   M=Classes  ACBP=A9
 0002:00004638 00000060 C=BSS      S=.bss     G=DGROUP   M=Graphics ACBP=A9
 0002:00004698 0000000C C=BSS      S=.bss     G=DGROUP   M=Commctrl ACBP=A9
 0002:000046A4 00000031 C=BSS      S=.bss     G=DGROUP   M=MultiMon ACBP=A9
 0002:000046D8 00000004 C=BSS      S=.bss     G=DGROUP   M=Imm      ACBP=A9
 0002:000046DC 00000004 C=BSS      S=.bss     G=DGROUP   M=Math     ACBP=A9
 0002:000046E0 00000004 C=BSS      S=.bss     G=DGROUP   M=WinSpool ACBP=A9
 0002:000046E4 00000004 C=BSS      S=.bss     G=DGROUP   M=Printers ACBP=A9
 0002:000046E8 00000034 C=BSS      S=.bss     G=DGROUP   M=FlatSB   ACBP=A9
 0002:0000471C 00000004 C=BSS      S=.bss     G=DGROUP   M=StdCtrls ACBP=A9
 0002:00004720 0000000C C=BSS      S=.bss     G=DGROUP   M=Clipbrd  ACBP=A9
 0002:0000472C 00000004 C=BSS      S=.bss     G=DGROUP   M=StdActns ACBP=A9
 0002:00004730 00000070 C=BSS      S=.bss     G=DGROUP   M=Controls ACBP=A9
 0002:000047A0 00000004 C=BSS      S=.bss     G=DGROUP   M=ActnList ACBP=A9
 0002:000047A4 00000004 C=BSS      S=.bss     G=DGROUP   M=ImgList  ACBP=A9
 0002:000047A8 0000000C C=BSS      S=.bss     G=DGROUP   M=Menus    ACBP=A9
 0002:000047B4 00000048 C=BSS      S=.bss     G=DGROUP   M=Forms    ACBP=A9
 0002:000047FC 00000004 C=BSS      S=.bss     G=DGROUP   M=CommDlg  ACBP=A9
 0002:00004800 00000004 C=BSS      S=.bss     G=DGROUP   M=ExtCtrls ACBP=A9
 0002:00004804 00000004 C=BSS      S=.bss     G=DGROUP   M=Dlgs     ACBP=A9
 0002:00004808 0000003C C=BSS      S=.bss     G=DGROUP   M=Dialogs  ACBP=A9
 0002:00004844 00000004 C=BSS      S=.bss     G=DGROUP   M=Mask     ACBP=A9
 0002:00004848 00000004 C=BSS      S=.bss     G=DGROUP   M=Grids    ACBP=A9
 0002:0000484C 00000030 C=BSS      S=.bss     G=DGROUP   M=Buttons  ACBP=A9
 0002:0000487C 00000004 C=BSS      S=.bss     G=DGROUP   M=RichEdit ACBP=A9
 0002:00004880 00000004 C=BSS      S=.bss     G=DGROUP   M=ToolWin  ACBP=A9
 0002:00004884 00000004 C=BSS      S=.bss     G=DGROUP   M=ComStrs  ACBP=A9
 0002:00004888 00000008 C=BSS      S=.bss     G=DGROUP   M=ComCtrls ACBP=A9
 0002:00004890 00000004 C=BSS      S=.bss     G=DGROUP   M=DbConsts ACBP=A9
 0002:00004894 00000004 C=BSS      S=.bss     G=DGROUP   M=Db       ACBP=A9
 0002:00004898 00000004 C=BSS      S=.bss     G=DGROUP   M=DBCtrls  ACBP=A9
 0002:0000489C 0000000C C=BSS      S=.bss     G=DGROUP   M=DBGrids  ACBP=A9
 0002:000048A8 00000004 C=BSS      S=.bss     G=DGROUP   M=IniFiles ACBP=A9
 0002:000048AC 00000004 C=BSS      S=.bss     G=DGROUP   M=Registry ACBP=A9
 0002:000048B0 00000004 C=BSS      S=.bss     G=DGROUP   M=DBGridEH ACBP=A9
 0002:000048B4 00000004 C=BSS      S=.bss     G=DGROUP   M=OnCommon ACBP=A9
 0002:000048B8 00000004 C=BSS      S=.bss     G=DGROUP   M=OnEditUtils ACBP=A9
 0002:000048BC 00000004 C=BSS      S=.bss     G=DGROUP   M=OnScheme ACBP=A9
 0002:000048C0 00000004 C=BSS      S=.bss     G=DGROUP   M=OnEditBaseCtrl ACBP=A9
 0002:000048C4 00000004 C=BSS      S=.bss     G=DGROUP   M=OnStringUtils ACBP=A9
 0002:000048C8 00000004 C=BSS      S=.bss     G=DGROUP   M=OnEditStdCtrl ACBP=A9
 0002:000048CC 0000000C C=BSS      S=.bss     G=DGROUP   M=OnCursors ACBP=A9
 0002:000048D8 00000004 C=BSS      S=.bss     G=DGROUP   M=OnEditBtnCtrl ACBP=A9
 0002:000048DC 00000004 C=BSS      S=.bss     G=DGROUP   M=OnEditCombo ACBP=A9
 0002:000048E0 00000004 C=BSS      S=.bss     G=DGROUP   M=DsgnIntf ACBP=A9
 0002:000048E4 00000004 C=BSS      S=.bss     G=DGROUP   M=Tmax_atmi ACBP=A9
 0002:000048E8 00000004 C=BSS      S=.bss     G=DGROUP   M=Tmax_fdl ACBP=A9
 0002:000048EC 00000004 C=BSS      S=.bss     G=DGROUP   M=Tmax_common ACBP=A9
 0002:000048F0 00000008 C=BSS      S=.bss     G=DGROUP   M=TmaxCursors ACBP=A9
 0002:000048F8 00000004 C=BSS      S=.bss     G=DGROUP   M=Tmax_session ACBP=A9
 0002:000048FC 00000004 C=BSS      S=.bss     G=DGROUP   M=Tmax_DataSetText ACBP=A9
 0002:00004900 00000004 C=BSS      S=.bss     G=DGROUP   M=OnFocusButton ACBP=A9
 0002:00004904 0000001C C=BSS      S=.bss     G=DGROUP   M=Bde      ACBP=A9
 0002:00004920 00000004 C=BSS      S=.bss     G=DGROUP   M=DBCommon ACBP=A9
 0002:00004924 00000004 C=BSS      S=.bss     G=DGROUP   M=SMIntf   ACBP=A9
 0002:00004928 00000004 C=BSS      S=.bss     G=DGROUP   M=StdVCL   ACBP=A9
 0002:0000492C 00000004 C=BSS      S=.bss     G=DGROUP   M=DBPWDlg  ACBP=A9
 0002:00004930 00000004 C=BSS      S=.bss     G=DGROUP   M=DBLogDlg ACBP=A9
 0002:00004934 00000004 C=BSS      S=.bss     G=DGROUP   M=BdeConst ACBP=A9
 0002:00004938 00000031 C=BSS      S=.bss     G=DGROUP   M=DBTables ACBP=A9
 0002:0000496C 00000004 C=BSS      S=.bss     G=DGROUP   M=OnEditNumCtl ACBP=A9
 0002:00004970 00000004 C=BSS      S=.bss     G=DGROUP   M=OnEditMemo ACBP=A9
 0002:00004974 00000004 C=BSS      S=.bss     G=DGROUP   M=OnCalendarUtil ACBP=A9
 0002:00004978 00000004 C=BSS      S=.bss     G=DGROUP   M=OnPopupCalendar ACBP=A9
 0002:0000497C 00000004 C=BSS      S=.bss     G=DGROUP   M=OnEditMdate ACBP=A9
 0002:00004980 00000008 C=BSS      S=.bss     G=DGROUP   M=OnPopupEdit ACBP=A9
 0002:00004988 0000000C C=BSS      S=.bss     G=DGROUP   M=CheckLst ACBP=A9
 0002:00004994 00000004 C=BSS      S=.bss     G=DGROUP   M=OnListbox ACBP=A9
 0002:00004998 00000004 C=BSS      S=.bss     G=DGROUP   M=OnCheckBox ACBP=A9
 0002:0000499C 00000004 C=BSS      S=.bss     G=DGROUP   M=OnShapeLabel ACBP=A9
 0002:000049A0 00000004 C=BSS      S=.bss     G=DGROUP   M=OnLineLabel ACBP=A9
 0002:000049A4 00000004 C=BSS      S=.bss     G=DGROUP   M=ShellAPI ACBP=A9
 0002:000049A8 00000004 C=BSS      S=.bss     G=DGROUP   M=TLHelp32 ACBP=A9
 0002:000049AC 00000008 C=BSS      S=.bss     G=DGROUP   M=OnRegistry ACBP=A9
 0002:000049B4 00000004 C=BSS      S=.bss     G=DGROUP   M=jconsts  ACBP=A9
 0002:000049B8 00000004 C=BSS      S=.bss     G=DGROUP   M=jpeg     ACBP=A9
 0002:000049BC 00000004 C=BSS      S=.bss     G=DGROUP   M=MMSystem ACBP=A9
 0002:000049C0 00000010 C=BSS      S=.bss     G=DGROUP   M=OnGifimage ACBP=A9
 0002:000049D0 00000004 C=BSS      S=.bss     G=DGROUP   M=OnGraphicLib ACBP=A9
 0002:000049D4 00000004 C=BSS      S=.bss     G=DGROUP   M=OnGrDBGrid ACBP=A9
 0002:000049D8 00000004 C=BSS      S=.bss     G=DGROUP   M=OnInsaRes ACBP=A9
 0002:000049DC 00000004 C=BSS      S=.bss     G=DGROUP   M=OnTmaxCodeEdit ACBP=A9
 0002:000049E0 00000004 C=BSS      S=.bss     G=DGROUP   M=OnTmaxDeptEdit ACBP=A9
 0002:000049E4 00000004 C=BSS      S=.bss     G=DGROUP   M=OnInsaCommon ACBP=A9
 0002:000049E8 00000004 C=BSS      S=.bss     G=DGROUP   M=OnTmaxPersonEdit ACBP=A9
 0002:000049EC 00000004 C=BSS      S=.bss     G=DGROUP   M=pepaser  ACBP=A9
 0002:000049F0 00000004 C=BSS      S=.bss     G=DGROUP   M=pemaxmin ACBP=A9
 0002:000049F4 00000004 C=BSS      S=.bss     G=DGROUP   M=peeditconst ACBP=A9
 0002:000049F8 00000004 C=BSS      S=.bss     G=DGROUP   M=pegraphic ACBP=A9
 0002:000049FC 00000004 C=BSS      S=.bss     G=DGROUP   M=pereg    ACBP=A9
 0002:00004A00 00000004 C=BSS      S=.bss     G=DGROUP   M=pebtnedit ACBP=A9
 0002:00004A04 00000004 C=BSS      S=.bss     G=DGROUP   M=peNumedit ACBP=A9
 0002:00004A08 00000008 C=BSS      S=.bss     G=DGROUP   M=peextcombo ACBP=A9
 0002:00004A10 00000004 C=BSS      S=.bss     G=DGROUP   M=peoutlookbtn ACBP=A9
 0002:00004A14 00000004 C=BSS      S=.bss     G=DGROUP   M=pedballutil ACBP=A9
 0002:00004A18 00000004 C=BSS      S=.bss     G=DGROUP   M=pedbgrid ACBP=A9
 0002:00004A1C 00000004 C=BSS      S=.bss     G=DGROUP   M=pegradpanl ACBP=A9
 0002:00004A20 00000004 C=BSS      S=.bss     G=DGROUP   M=pecodeform ACBP=A9
 0002:00004A24 00000004 C=BSS      S=.bss     G=DGROUP   M=PeJeonLabel ACBP=A9
 0002:00004A28 00000008 C=BSS      S=.bss     G=DGROUP   M=pecodebtnedit ACBP=A9
 0002:00004A30 00000004 C=BSS      S=.bss     G=DGROUP   M=CRParser ACBP=A9
 0002:00004A34 00000004 C=BSS      S=.bss     G=DGROUP   M=DAConsts ACBP=A9
 0002:00004A38 00000044 C=BSS      S=.bss     G=DGROUP   M=MemData  ACBP=A9
 0002:00004A7C 00000004 C=BSS      S=.bss     G=DGROUP   M=MemDS    ACBP=A9
 0002:00004A80 00000004 C=BSS      S=.bss     G=DGROUP   M=CRAccess ACBP=A9
 0002:00004A84 00000008 C=BSS      S=.bss     G=DGROUP   M=DASQLMonitor ACBP=A9
 0002:00004A8C 00000004 C=BSS      S=.bss     G=DGROUP   M=DBAccess ACBP=A9
 0002:00004A90 00000004 C=BSS      S=.bss     G=DGROUP   M=WinSock  ACBP=A9
 0002:00004A94 00000004 C=BSS      S=.bss     G=DGROUP   M=SyncObjs ACBP=A9
 0002:00004A98 00000004 C=BSS      S=.bss     G=DGROUP   M=ScktComp ACBP=A9
 0002:00004A9C 00000004 C=BSS      S=.bss     G=DGROUP   M=OraError ACBP=A9
 0002:00004AA0 00000334 C=BSS      S=.bss     G=DGROUP   M=OraCall  ACBP=A9
 0002:00004DD4 0000000C C=BSS      S=.bss     G=DGROUP   M=OraCrypt ACBP=A9
 0002:00004DE0 00000090 C=BSS      S=.bss     G=DGROUP   M=OraParser ACBP=A9
 0002:00004E70 00000004 C=BSS      S=.bss     G=DGROUP   M=OraNet   ACBP=A9
 0002:00004E74 00000004 C=BSS      S=.bss     G=DGROUP   M=OraConsts ACBP=A9
 0002:00004E78 00000004 C=BSS      S=.bss     G=DGROUP   M=OraObjects ACBP=A9
 0002:00004E7C 00000008 C=BSS      S=.bss     G=DGROUP   M=OraClasses ACBP=A9
 0002:00004E84 00000004 C=BSS      S=.bss     G=DGROUP   M=ConnectForm ACBP=A9
 0002:00004E88 00000004 C=BSS      S=.bss     G=DGROUP   M=OraSQLMonitor ACBP=A9
 0002:00004E8C 0000000C C=BSS      S=.bss     G=DGROUP   M=Ora      ACBP=A9
 0002:00004E98 00000004 C=BSS      S=.bss     G=DGROUP   M=ComConst ACBP=A9
 0002:00004E9C 00000011 C=BSS      S=.bss     G=DGROUP   M=ComObj   ACBP=A9
 0002:00004EB0 00000004 C=BSS      S=.bss     G=DGROUP   M=RegStr   ACBP=A9
 0002:00004EB4 00000004 C=BSS      S=.bss     G=DGROUP   M=WinInet  ACBP=A9
 0002:00004EB8 00000004 C=BSS      S=.bss     G=DGROUP   M=UrlMon   ACBP=A9
 0002:00004EBC 00000004 C=BSS      S=.bss     G=DGROUP   M=ShlObj   ACBP=A9
 0002:00004EC0 00000004 C=BSS      S=.bss     G=DGROUP   M=FileCtrl ACBP=A9
 0002:00004EC4 00000004 C=BSS      S=.bss     G=DGROUP   M=Datelib  ACBP=A9
 0002:00004EC8 00000004 C=BSS      S=.bss     G=DGROUP   M=codetext ACBP=A9
 0002:00004ECC 00000004 C=BSS      S=.bss     G=DGROUP   M=Pass     ACBP=A9
 0002:00004ED0 00000004 C=BSS      S=.bss     G=DGROUP   M=OraAlerter ACBP=A9
 0002:00004ED4 0000000C C=BSS      S=.bss     G=DGROUP   M=OraSmart ACBP=A9
 0002:00004EE0 000000EC C=BSS      S=.bss     G=DGROUP   M=Func     ACBP=A9
 0002:00004FCC 00000004 C=BSS      S=.bss     G=DGROUP   M=pedeptform ACBP=A9
 0002:00004FD0 00000008 C=BSS      S=.bss     G=DGROUP   M=pedeptbtnedit ACBP=A9
 0002:00004FD8 00000004 C=BSS      S=.bss     G=DGROUP   M=pevalueform ACBP=A9
 0002:00004FDC 00000008 C=BSS      S=.bss     G=DGROUP   M=pevaluebtnedit ACBP=A9
 0002:00004FE4 00000004 C=BSS      S=.bss     G=DGROUP   M=peempnoform ACBP=A9
 0002:00004FE8 00000008 C=BSS      S=.bss     G=DGROUP   M=peempnobtnedit ACBP=A9
 0002:00004FF0 00000004 C=BSS      S=.bss     G=DGROUP   M=peDblBtnedit ACBP=A9
 0002:00004FF4 0000000C C=BSS      S=.bss     G=DGROUP   M=peextdblbtnedit ACBP=A9
 0002:00005000 00000004 C=BSS      S=.bss     G=DGROUP   M=pedbutil ACBP=A9
 0002:00005004 00000004 C=BSS      S=.bss     G=DGROUP   M=OnSkinBtn ACBP=A9
 0002:00005008 00000008 C=BSS      S=.bss     G=DGROUP   M=TmaxFunc ACBP=A9
 0002:00005010 00000004 C=BSS      S=.bss     G=DGROUP   M=Tmax_DmlSet ACBP=A9
 0002:00005014 00000004 C=BSS      S=.bss     G=DGROUP   M=OnOneInstance ACBP=A9
 0002:00005018 00000004 C=BSS      S=.bss     G=DGROUP   M=OnTmaxInsaData ACBP=A9
 0002:0000501C 00000004 C=BSS      S=.bss     G=DGROUP   M=OnDBGridEdit ACBP=A9
 0002:00005020 00000004 C=BSS      S=.bss     G=DGROUP   M=OnDBGrid ACBP=A9
 0002:00005024 0000001C C=BSS      S=.bss     G=DGROUP   M=AxCtrls  ACBP=A9
 0002:00005040 00000004 C=BSS      S=.bss     G=DGROUP   M=OleConst ACBP=A9
 0002:00005044 00000004 C=BSS      S=.bss     G=DGROUP   M=OleCtrls ACBP=A9
 0002:00005048 00000004 C=BSS      S=.bss     G=DGROUP   M=NotesHana_TLB ACBP=A9
 0002:0000504C 00000018 C=BSS      S=.bss     G=DGROUP   M=HMainForm ACBP=A9
 0002:00005064 00000008 C=BSS      S=.bss     G=DGROUP   M=Hinsa_TmaxDM ACBP=A9
 0002:0000506C 0000003C C=BSS      S=.bss     G=DGROUP   M=HSubForm ACBP=A9


  Address         Publics by Name

 0001:000AADDC       .
 0001:000AA91C       .
 0002:00001AE0       .
 0001:00005000       .
 0002:00004908       .
 0002:00001E90       .
 0002:00001D80       .
 0001:00094680       .
 0001:000ACD6C       .
 0001:000AD904       .
 0001:0000C614       .
 0002:00001E10       .
 0001:000AE55C       .
 0001:000AB510       .
 0001:000AD358       .
 0001:000A9754       .
 0001:000BA7D0       .
 0001:000B9368       .
 0001:000AF864       .
 0001:000B15B8       .
 0002:000000BC       .
 0002:0000253C       .
 0001:000052E0       .
 0002:00001F9C       .
 0001:000B8DE8       .
 0001:000B84C0       .
 0001:000B12CC       .
 0001:000B0FD8       .
 0001:000B7E38       .
 0001:000B7608       .
 0001:000B70CC       .
 0002:00000F6C       .
 0001:000979E4       .
 0002:00001D90       .
 0001:000AA3B4       .
 0001:000B6F70       .
 0001:000B6438       .
 0001:000AC2DC       .
 0001:000B5C4C       .
 0002:0000219C       .
 0001:000B4DC0       .
 0001:000B4CAC       .
 0001:000AFF3C       .
 0001:000B3070       .
 0002:00004808       .01
 0002:00004A08       .01
 0002:00004E94       .02
 0002:000049C4       .02
 0002:00005024       .02
 0002:00004E74       .1
 0002:000047FC       .1
 0002:00004708       .1
 0002:000046D8       .1
 0002:00004A14       .1
 0002:000046C4       .1
 0002:000049F0       .1
 0002:000049A4       .1
 0002:00004EC4       .1
 0002:00004904       .1
 0002:00004698       .1
 0002:00004974       .1
 0002:000049A8       .1
 0002:000049B0       .1
 0002:000048EC       .1
 0002:00004EBC       .1
 0002:000044EC       .1
 0002:00005040       .1
 0002:000044F0       .1
 0002:00004EB8       .1
 0002:00004A34       .1
 0002:000049D0       .1
 0002:00004804       .1
 0002:000049FC       .1
 0002:00004A90       .1
 0002:00004EB4       .1
 0002:000049F8       .1
 0002:000049D8       .1
 0002:000049B4       .1
 0002:00004EB0       .1
 0002:00004934       .1
 0002:00005000       .1
 0002:00004ECC       .1
 0002:000048D4       .1
 0002:000048F4       .1
 0002:00004EC8       .1
 0002:00004928       .1
 0002:00004924       .1
 0002:000048B4       .1
 0002:000044E0       .1
 0002:0000487C       .1
 0002:00004E98       .1
 0002:00004884       .1
 0002:000049E4       .1
 0002:000048C4       .1
 0002:00004890       .1
 0002:000049F4       .1
 0002:0000460C       .1
 0002:000045FC       .14
 0002:00004888       .15
 0002:00004FDC       .2
 0002:000048B8       .2
 0002:00004A9C       .2
 0002:00004FD0       .2
 0002:00005018       .2
 0002:00004DE0       .2
 0002:000044E8       .2
 0002:00005068       .2
 0002:00004A1C       .2
 0002:0000492C       .2
 0002:00004930       .2
 0002:00005004       .2
 0002:00004A24       .2
 0002:00005060       .2
 0002:00004A28       .2
 0002:000049EC       .2
 0002:00004724       .2
 0002:000050A4       .2
 0002:0000500C       .2
 0002:000048E4       .2
 0002:000046DC       .2
 0002:000048E8       .2
 0002:00004A30       .2
 0002:000049A0       .2
 0002:00004988       .2
 0002:00005048       .2
 0002:00004998       .2
 0002:0000499C       .2
 0002:00005014       .2
 0002:00004900       .2
 0002:00004E84       .2
 0002:00004E88       .2
 0002:00004FE8       .2
 0002:00004738       .22
 0002:00004898       .22
 0002:00004894       .25
 0002:00004994       .3
 0002:00004A18       .3
 0002:00004608       .3
 0002:00004610       .3
 0002:00004FCC       .3
 0002:000049B8       .3
 0002:00004A20       .3
 0002:0000484C       .3
 0002:00004FD8       .3
 0002:000047A4       .3
 0002:00004FE4       .3
 0002:000046E4       .3
 0002:000046E0       .3
 0002:0000442C       .3
 0002:00004DB4       .3
 0002:0000496C       .3
 0002:00004A84       .3
 0002:00004978       .3
 0002:00004A10       .3
 0002:000048F8       .3
 0002:00004FF4       .3
 0002:000047C0       .31
 0002:0000472C       .31
 0002:00004A3C       .31
 0002:00004A00       .31
 0002:00004944       .32
 0002:0000471C       .32
 0002:000049E8       .4
 0002:000048BC       .4
 0002:000049E0       .4
 0002:000049DC       .4
 0002:000048A8       .4
 0002:00004880       .4
 0002:00004920       .4
 0002:00004970       .4
 0002:0000497C       .4
 0002:00004984       .4
 0002:00004A7C       .4
 0002:00005010       .4
 0002:00004A98       .41
 0002:000049D4       .5
 0002:00004EC0       .5
 0002:00004FC8       .5
 0002:00005044       .5
 0002:000048AC       .5
 0002:000048C8       .51
 0002:00004E9C       .51
 0002:000048E0       .53
 0002:00004844       .6
 0002:00004A94       .6
 0002:0000501C       .6
 0002:000048DC       .6
 0002:00004A8C       .61
 0002:00004800       .61
 0002:000049BC       .7
 0002:000047A0       .7
 0002:00004A80       .7
 0002:000047A8       .7
 0002:00005020       .71
 0002:000048C0       .8
 0002:000048D8       .8
 0002:00004E80       .8
 0002:00004E78       .8
 0002:000048FC       .8
 0002:0000463C       .81
 0002:0000461C       .84
 0002:000048B0       .9
 0002:00004848       .9
 0002:00004A04       .9
 0002:00004FF0       .9
 0002:0000489C       .9
 0001:00001998       @AbstractError
 0001:000035A4       @AddRef
 0001:000034E4       @AddRefArray
 0001:000034B8       @AddRefRecord
 0001:00002210       @AfterConstruction
 0001:00005329       @Append
 0001:00002008       @AsClass
 0001:00005202       @Assign
 0001:00001AB4       @AStrCmp
 0001:00002218       @BeforeDestruction
 0001:00002054       @CallDynaInst
 0001:000021B8       @ClassCreate
 0001:00002208       @ClassDestroy
 0001:000052A4       @Close
 0001:000018B0       @Copy
 0001:000036CC       @CopyArray
 0001:000035B0       @CopyRecord
 0001:00003918       @DispInvokeError
 0001:000037D4       @Dispose
 0001:000025D4       @DoneExcept
 0001:00004B10       @DynArrayAddRef
 0001:00004AE8       @DynArrayAsg
 0001:00004AAC       @DynArrayClear
 0001:000048EC       @DynArrayHigh
 0001:000048E4       @DynArrayLength
 0001:00004AA0       @DynArraySetLength
 0001:000026C8       @ExceptionHandler
 0001:00001B24       @FillChar
 0001:000034AC       @Finalize
 0001:000033CC       @FinalizeArray
 0001:000033A0       @FinalizeRecord
 0001:0000206C       @FindDynaInst
 0001:0000527D       @Flush
 0001:00001DB4       @FpuInit
 0001:00001CF0       @FpuMaskInit
 0001:000017C8       @FreeMem
 0001:000017B0       @GetMem
 0001:00005BDC       @GetTls
 0001:00002A70       @Halt
 0001:00002958       @Halt0
 0001:00002324       @HandleAnyException
 0001:0000252C       @HandleFinally
 0001:000023F4       @HandleOnException
 0001:00005C6C       @InitExe
 0001:00003394       @Initialize
 0001:00003300       @InitializeArray
 0001:000032D4       @InitializeRecord
 0001:00002898       @InitImports
 0001:0000287C       @InitResStringImports
 0001:000028B8       @InitWideStrings
 0001:00004F78       @IntfAddRef
 0001:00004F4C       @IntfCast
 0001:00004F18       @IntfClear
 0001:00004F30       @IntfCopy
 0001:00001FF0       @IsClass
 0001:00001CC0       @isNECWindows
 0001:000B4C20       @jcopy_block_row
 0001:000B4BD4       @jcopy_sample_rows
 0001:000AE4C8       @jinit_1pass_quantizer
 0001:000AF744       @jinit_2pass_quantizer
 0001:000B8274       @jinit_color_converter
 0001:000AD738       @jinit_color_deconverter
 0001:000B5B9C       @jinit_compress_master
 0001:000B7D70       @jinit_c_coef_controller
 0001:000B7048       @jinit_c_main_controller
 0001:000B6EA8       @jinit_c_master_control
 0001:000B7560       @jinit_c_prep_controller
 0001:000B8C60       @jinit_downsampler
 0001:000B0EC4       @jinit_d_coef_controller
 0001:000AFE5C       @jinit_d_main_controller
 0001:000B1238       @jinit_d_post_controller
 0001:000B92D8       @jinit_forward_dct
 0001:000ACD2C       @jinit_huff_decoder
 0001:000BB310       @jinit_huff_encoder
 0001:000AA8D4       @jinit_input_controller
 0001:000B153C       @jinit_inverse_dct
 0001:000B4B50       @jinit_marker_reader
 0001:000B63EC       @jinit_marker_writer
 0001:000AB4D8       @jinit_master_decompress
 0001:000AA284       @jinit_memory_mgr
 0001:000AD2D8       @jinit_merged_upsampler
 0001:000AC268       @jinit_phuff_decoder
 0001:000B9E10       @jinit_phuff_encoder
 0001:000B1A9C       @jinit_upsampler
 0001:000B4C30       @jpeg_abort
 0001:000B4C94       @jpeg_alloc_huff_table
 0001:000B4C7C       @jpeg_alloc_quant_table
 0001:000BA4A4       @jpeg_fdct_float
 0001:000BA238       @jpeg_fdct_ifast
 0001:000B9E54       @jpeg_fdct_islow
 0001:000AC614       @jpeg_fill_bit_buffer
 0001:000AA388       @jpeg_free_large
 0001:000AA378       @jpeg_free_small
 0001:000BB054       @jpeg_gen_optimal_table
 0001:000AA380       @jpeg_get_large
 0001:000AA370       @jpeg_get_small
 0001:000AC724       @jpeg_huff_decode
 0001:000B3034       @jpeg_idct_1x1
 0001:000B2E58       @jpeg_idct_2x2
 0001:000B2AC4       @jpeg_idct_4x4
 0001:000B1CB4       @jpeg_idct_float
 0001:000B20E4       @jpeg_idct_ifast
 0001:000B24F0       @jpeg_idct_islow
 0001:000BA99C       @jpeg_make_c_derived_tbl
 0001:000AC3FC       @jpeg_make_d_derived_tbl
 0001:000AA390       @jpeg_mem_available
 0001:000AA3AC       @jpeg_mem_init
 0001:000AA3B0       @jpeg_mem_term
 0001:000AA39C       @jpeg_open_backing_store
 0001:000B4A24       @jpeg_resync_to_restart
 0001:000B59D0       @jpeg_suppress_tables
 0001:000B4BBC       @jround_up
 0001:00002F3C       @LStrAddRef
 0001:00002B30       @LStrArrayClr
 0001:00002B60       @LStrAsg
 0001:00002D90       @LStrCat
 0001:00002DD4       @LStrCat3
 0001:00002E48       @LStrCatN
 0001:00002B0C       @LStrClr
 0001:00002E98       @LStrCmp
 0001:00002F8C       @LStrCopy
 0001:00002FCC       @LStrDelete
 0001:00002D38       @LStrFromArray
 0001:00002CB0       @LStrFromChar
 0001:00002CC0       @LStrFromPChar
 0001:00002BF0       @LStrFromPCharLen
 0001:00002CF0       @LStrFromPWChar
 0001:00002C20       @LStrFromPWCharLen
 0001:00002D2C       @LStrFromString
 0001:00002D50       @LStrFromWStr
 0001:00003014       @LStrInsert
 0001:00002BA4       @LStrLAsg
 0001:00002D88       @LStrLen
 0001:00003070       @LStrPos
 0001:000030B8       @LStrSetLength
 0001:00002F4C       @LStrToPChar
 0001:00002D64       @LStrToString
 0001:000037C0       @New
 0001:00002BCC       @NewAnsiString
 0001:00003258       @NewWideString
 0001:00003F84       @OleVarFromVar
 0001:000054A8       @Pow10
 0001:00001A30       @PStrCmp
 0001:000019E4       @PStrCpy
 0001:000019B4       @PStrNCat
 0001:00001A00       @PStrNCpy
 0001:00002580       @RaiseAgain
 0001:00002564       @RaiseExcept
 0001:000017E0       @ReallocMem
 0001:0000531B       @ResetText
 0001:00005322       @RewritText
 0001:00001970       @ROUND
 0001:00002A7C       @RunError
 0001:0000194C       @SetLength
 0001:0000284C       @StartExe
 0001:000046A4       @Str0Int64
 0001:00001BA4       @Str0Long
 0001:000045E4       @StrInt64
 0001:00001B44       @StrLong
 0001:0000197C       @TRUNC
 0001:00002604       @TryFinallyExit
 0001:000046C0       @ValInt64
 0001:00001BB0       @ValLong
 0001:00004204       @VarAddRef
 0001:0000444C       @VarArrayGet
 0001:000044E0       @VarArrayPut
 0001:00003B84       @VarCast
 0001:00003930       @VarClear
 0001:000041FC       @VarClr
 0001:000040EC       @VarCmp
 0001:00003974       @VarCopy
 0001:00003E5C       @VarFromBool
 0001:00003E94       @VarFromCurr
 0001:00003E44       @VarFromInt
 0001:00003EAC       @VarFromLStr
 0001:00003E7C       @VarFromReal
 0001:00003EEC       @VarFromWStr
 0001:00003CE4       @VarToBool
 0001:00003D74       @VarToCurr
 0001:00003C78       @VarToInt
 0001:00003DD0       @VarToLStr
 0001:00003D18       @VarToReal
 0001:00003E0C       @VarToWStr
 0001:0000540F       @Write0Char
 0001:00005478       @Write0CString
 0001:000053D4       @Write0String
 0001:00005330       @WriteBytes
 0001:00005461       @WriteChar
 0001:0000547C       @WriteCString
 0001:000053FB       @WriteLn
 0001:0000539B       @WriteSpaces
 0001:000053DE       @WriteString
 0001:000032B4       @WStrAddRef
 0001:0000314C       @WStrArrayClr
 0001:00003170       @WStrAsg
 0001:00003134       @WStrClr
 0001:0000323C       @WStrFromLStr
 0001:00003194       @WStrFromPCharLen
 0001:00003218       @WStrFromPWCharLen
 0001:0000324C       @WStrLen
 0001:00003270       @WStrSetLength
 0001:00001C94       @_CLenToPasStr
 0001:00001C7C       @_CToPasStr
 0001:00005258       @_Flush
 0001:00001880       @_IOTest
 0001:000057C2       @_lldiv
 0001:0000583A       @_lldivo
 0001:000058B5       @_llmod
 0001:0000592F       @_llmodo
 0001:0000577C       @_llmul
 0001:0000579F       @_llmulo
 0001:000059AF       @_llshl
 0001:0000586C       @_lludiv
 0001:00005961       @_llumod
 0001:000059E7       @_llushr
 0001:0000AD60       Abort
 0001:00029948       AbsMin
 0001:0000B0CC       AbstractErrorHandler
 0002:0000401C       AbstractErrorProc
 0002:00000190       AccessMode
 0001:00006228       ActivateKeyboardLayout
 0002:00004760       ActiveDrag
 0001:0000D160       ActiveX
 0001:00037394       ActnList
 0001:000004E8       AddBlockAfter
 0001:0000786C       AddExitProc
 0001:00065A4C       AddFieldDefs
 0001:00065CA4       AddFields
 0001:000758D8       AddFields
 0001:00012F9C       AddFinished
 0001:000C46C4       AddIconMask
 0001:0003A44C       AddIn
 0001:000C4508       AddMask
 0001:000C465C       AddMaskOnly
 0001:0009D8B4       AddMessage
 0001:000C4790       AddMetafileMask
 0001:00004D64       AddModuleUnloadProc
 0001:00012FD4       AddNotFinished
 0001:00016CE4       AddThread
 0001:0004CA9C       AdjustColors
 0001:0006D59C       AdjustFirstRecord
 0001:00007BC0       AdjustLineBreaks
 0001:00040408       Adjustment
 0001:00006230       AdjustWindowRectEx
 0001:0000C044       AL1
 0002:00000340       AL1s
 0001:0000C054       AL2
 0002:0000034C       AL2s
 0001:000BC498       AlignBit
 0002:00000EA4       AlignFlags
 0002:00000E70       AlignFlags
 0002:00000E1C       AlignFlags
 0002:00000EF8       AlignmentFlags
 0002:00000ADC       Alignments
 0002:00000974       Alignments
 0002:00000720       Alignments
 0002:00000964       Alignments
 0002:000006DC       Alignments
 0002:00000EC0       Alignments
 0002:00000C80       AlignStyles
 0001:00047394       AlignWork
 0001:0002E5EC       AlignWork
 0001:0003FE3C       AllocateHWnd
 0001:00016C54       AllocateWindow
 0001:0004E36C       AllocFilterStr
 0001:00007820       AllocMem
 0002:00004424       AllocMemCount
 0002:00004428       AllocMemSize
 0001:00020DB0       AllocPatternBitmap
 0001:0000C0C0       ALR
 0001:0000C06C       ALV
 0001:00015C88       AncestorValid
 0002:00000770       AnchorAlign
 0001:000079F8       AnsiCompareText
 0001:00007AC0       AnsiExtractQuotedStr
 0001:00007EF8       AnsiLastChar
 0001:00006238       AnsiLower
 0001:000079C4       AnsiLowerCase
 0001:0000B8F8       AnsiLowerCaseFileName
 0001:0000B8C0       AnsiPos
 0001:00007A30       AnsiStrComp
 0001:00007A50       AnsiStrLIComp
 0001:0000BA10       AnsiStrPos
 0001:0000BAB0       AnsiStrRScan
 0001:0000BAD8       AnsiStrScan
 0001:0009D540       AnsiToNative
 0001:0009D5CC       AnsiToNativeBuf
 0001:00007990       AnsiUpperCase
 0001:0000B984       AnsiUpperCaseFileName
 0001:00003A0C       AnyChangeType
 0001:00004058       AnyCmp
 0001:000090BC       AppendChars
 0001:00009484       AppendFormat
 0001:00009120       AppendNumber
 0001:00009100       AppendString
 0002:000026F0       AppExtensionList
 0002:000047B4       Application
 0002:00000ACC       AppVisible
 0002:00000BFC       ArrowKey
 0001:0000B0B0       AssertErrorHandler
 0002:00004018       AssertErrorProc
 0001:0000D9A8       AssignLongStr
 0001:0000DCF0       AssignVariant
 0001:0000DA3C       AssignWideStr
 0001:00066520       AttributeSetStored
 0002:00004478       avail
 0001:000D8AAC       AxCtrls
 0001:00007FF8       BackfillGetDiskFreeSpaceEx
 0001:0002C140       BackgroundClipped
 0001:000CB7A8       BarDraw
 0002:00000DCC       BaseFieldTypes
 0002:00000064       BaseTypeMap
 0001:0009835C       Bde
 0001:0009D34C       BdeCallBack
 0001:0009BCA4       BdeConst
 0002:00004960       BDEInitProcs
 0001:0000FA48       BeginGlobalLoading
 0001:00006240       BeginPaint
 0001:00002AC0       BeginThread
 0001:0004C58C       BevelLine
 0001:0004C49C       BevelRect
 0001:00005F78       BitBlt
 0002:00000C08       BitBtnCaptions
 0002:00004850       BitBtnGlyphs
 0002:00002690       BitBucketMask
 0002:00000684       BitCounts
 0002:0000067C       BitmapCanvasList
 0002:00004654       BitmapImageLock
 0001:0005A5F8       BlankStr
 0002:00001BF4       BlobTypeMap
 0002:000009B4       BlockCode
 0002:00004450       blockDescBlockList
 0002:00004454       blockDescFreeList
 0002:00000368       BooleanIdents
 0002:00001C34       BoolFalse
 0002:00004A40       BoolLexems
 0002:00000E60       Borders
 0002:00000AD4       BorderStyles
 0002:00000A24       BorderStyles
 0002:000006D4       BorderStyles
 0001:0000F418       Bounds
 0002:0000090C       Breaks
 0002:0000468C       BrushManager
 0002:00000DEC       BtnHintId
 0001:0005335C       Build
 0001:000A88E4       BuildColorMap
 0001:0003C0DC       BuildImage
 0001:000A883C       BuildPalette
 0002:00000B98       ButtonCaptions
 0002:00000C38       ButtonCount
 0002:00000B6C       ButtonNames
 0001:0005CFD8       Buttons
 0002:00000988       Buttons
 0002:00000718       ButtonStyles
 0002:00004818       ButtonWidths
 0001:0001B1EC       BytesPerScanline
 0001:000BCAB8       ByteSwapColors
 0001:0001B544       ByteSwapColors
 0001:0000B6C0       ByteToCharIndex
 0001:0000B698       ByteToCharLen
 0001:0000B65C       ByteType
 0001:0000B5E4       ByteTypeTest
 0002:00000374       C10000
 0002:000000B8       C10000
 0001:00056384       CalcAxis
 0001:000556C4       CalcAxis
 0001:00055900       CalcAxisState
 0001:00055748       CalcFixedAxis
 0001:0003FD78       CalcJmpOffset
 0001:0005585C       CalcMaxCell
 0001:00057814       CalcPageExtents
 0001:00057110       CalcScroll
 0001:00056788       CalcScrollBar
 0001:00057474       CalcSizeInfo
 0001:000358D8       CalcSplitterPos
 0001:0006B06C       CalcTotalSize
 0001:00066560       CalculatedStored
 0001:00006248       CallNextHookEx
 0001:0000C008       CallTerminateProcs
 0001:00006250       CallWindowProc
 0001:0002A874       CancelDrag
 0001:0006E244       CancelNestedDataSets
 0001:000C5824       CanMakeTransparent
 0002:00004690       CanvasList
 0002:00004770       CanvasList
 0002:00000B44       Captions
 0002:00000828       CaptureControl
 0002:00001CA4       CBRetCode
 0001:0004DCB4       CenterWindow
 0002:00004722       CF_COMPONENT
 0002:000049C0       CF_GIF
 0002:00004720       CF_PICTURE
 0002:000043EC       ChangeAnyProc
 0001:00028FEC       ChangeBiDiModeAlignment
 0002:00002728       ChangeCursor
 0001:00003A78       ChangeSourceAny
 0002:000006FC       CharCases
 0002:00000ECC       CharCases
 0001:00006258       CharLowerBuff
 0001:00006260       CharNext
 0001:00019774       CharsetToIdent
 0001:0000B784       CharToByteIndex
 0001:0000B7E8       CharToByteLen
 0001:00006268       CharToOem
 0001:00006270       CharToOemBuff
 0001:00006278       CharUpperBuff
 0001:0009D850       Check
 0001:0001BEE4       CheckBool
 0001:0007851C       CheckForPassthroughs
 0002:00005080       CheckGubun
 0001:000A4144       CheckIfParentScrolled
 0001:000022A0       CheckJmp
 0001:000A6D50       CheckLst
 0001:00006280       CheckMenuItem
 0001:0006D1D8       CheckNestedBrowseMode
 0002:000008FC       Checks
 0001:0007C248       CheckScreenPosition
 0001:0003F980       CheckTaskWindow
 0001:0002A5A4       CheckUndock
 0002:00004624       ClassAliasList
 0001:00017EA4       Classes
 0002:00004620       ClassList
 0001:0000F440       ClassNotFound
 0002:00001C70       Class_SMClient
 0002:000043E8       ClearAnyProc
 0001:000C72A4       ClearBackup
 0001:000190EC       ClearColor
 0001:000D5084       ClearExcepInfo
 0001:0005A3C4       ClearItem
 0001:00077B6C       ClearSelection
 0001:00006288       ClientToScreen
 0001:000332D8       ClientToWindow
 0001:00026FA4       Clipboard
 0002:00000674       ClipboardFormats
 0001:00027000       Clipbrd
 0002:00000E7C       ClipFlags
 0001:00006290       CloseClipboard
 0001:00005D10       CloseHandle
 0001:000002A4       CloseHandle
 0002:00004030       CmdLine
 0002:0000402C       CmdShow
 0002:000027C4       CoAddRefServerProcess
 0001:0000D10C       CoCreateInstance
 0002:000027BC       CoCreateInstanceEx
 0002:00004A2C       CodeBitmap
 0001:000D5524       codetext
 0002:000027D4       CoInitFlags
 0001:0000D0FC       CoInitialize
 0002:000027C0       CoInitializeEx
 0001:0000FCF0       CollectionsEqual
 0002:00000444       Colors
 0001:000BC4A8       Colors2bpp
 0001:0001956C       ColorToIdent
 0001:0001955C       ColorToRGB
 0001:00005F80       CombineRgn
 0002:00004A0C       ComboBitmap
 0002:00004EA4       ComClassManagerVar
 0001:000D4530       ComConst
 0002:0000469C       ComCtl32DLL
 0001:000605B0       ComCtrls
 0002:000047AC       CommandPool
 0001:00021148       Commctrl
 0001:00049CD8       CommDlg
 0001:000007C8       Commit
 0002:00004494       committedRoot
 0001:000D5350       ComObj
 0001:000536CC       CompareExtents
 0001:00039B0C       CompareFront
 0001:0000791C       CompareMem
 0001:00005D18       CompareString
 0001:0000793C       CompareText
 0002:00000F64       ComponentClassList
 0001:000139A0       ComponentCreated
 0001:0001BCD4       ComputeAldusChecksum
 0001:0005D0E0       ComStrs
 0002:000027B8       CondStop
 0001:000D3B10       ConnectForm
 0001:0000D598       Consts
 0002:0000473E       ControlAtom
 0001:0003655C       Controls
 0001:0000AB4C       ConvertAddr
 0001:00009210       ConvertEraString
 0001:000077E4       ConvertError
 0001:000077FC       ConvertErrorFmt
 0001:0000937C       ConvertYearString
 0001:000048F4       CopyArray
 0001:0001E24C       CopyBitmap
 0001:0001E8E0       CopyBitmapAsMask
 0001:00005F88       CopyEnhMetaFile
 0001:0005CE00       CopyImage
 0001:0001E87C       CopyPalette
 0002:000027C8       CoReleaseServerProcess
 0002:000027CC       CoResumeClassObjects
 0002:0000270C       CornerHitTest
 0002:0000271C       CornerHitTest
 0002:00002724       Corners
 0002:000027D0       CoSuspendClassObjects
 0001:0000D104       CoUninitialize
 0001:0000B710       CountChars
 0002:0000466C       CounterLock
 0001:0005A154       CountItem
 0001:000D2B4C       CRAccess
 0001:0000AFF4       CreateAssertException
 0001:0009D2A4       CreateAttribute
 0001:0000B1CC       CreateAVObject
 0001:00005F90       CreateBitmap
 0001:00005F98       CreateBrushIndirect
 0001:00005FA0       CreateCompatibleBitmap
 0001:00005FA8       CreateCompatibleDC
 0001:00013A20       CreateComponent
 0001:00005FB8       CreateDIBitmap
 0001:00005FB0       CreateDIBSection
 0001:0007CCB0       CreateEllipsisGlyph
 0001:00005D20       CreateEvent
 0001:00005D28       CreateFile
 0001:000002AC       CreateFileA
 0001:00005FC0       CreateFontIndirect
 0001:00005FC8       CreateHalftonePalette
 0001:00006298       CreateIcon
 0001:0000AEEC       CreateInOutError
 0001:000062A0       CreateMenu
 0001:0004EC00       CreateMessageDialog
 0001:00005D30       CreateMutexA
 0001:000BF518       CreateOptimizedPaletteFromSingleBitmap
 0001:00005FD0       CreatePalette
 0001:00005FD8       CreatePenIndirect
 0001:000062A8       CreatePopupMenu
 0002:00001C80       CreateProviderProc
 0001:00005FE0       CreateRectRgn
 0001:00005FE8       CreateRectRgnIndirect
 0001:00005FF0       CreateSolidBrush
 0001:0001B59C       CreateSystemPalette
 0001:00005D38       CreateThread
 0001:000002FC       CreateThread
 0001:00006874       CreateWindow
 0001:000062B0       CreateWindowEx
 0002:00000AEC       CreationControl
 0002:0000076C       CreationControl
 0002:000048D0       crOnHandDown
 0002:000048CC       crOnHandOn
 0001:000D2988       CRParser
 0002:000048F0       crTmaxSql
 0002:0000504C       Csel_SQL
 0002:000047D8       Ctl3DAutoSubclass
 0002:0000098C       Ctl3DBtnWndProc
 0002:000047E0       Ctl3DColorChange
 0002:00000994       Ctl3DCtlColorEx
 0002:00000990       Ctl3DDlgFramePaint
 0002:000047C4       Ctl3DHandle
 0002:000047C8       Ctl3DRegister
 0002:00000864       Ctl3DStyles
 0002:000047D0       Ctl3DSubclassCtl
 0002:000047D4       Ctl3DSubclassDlg
 0002:000047DC       Ctl3DUnAutoSubclass
 0002:000047CC       Ctl3DUnregister
 0001:00053900       Ctrl
 0002:0000448C       curAlloc
 0002:000044FC       CurrencyDecimals
 0002:000044F8       CurrencyFormat
 0002:000044F4       CurrencyString
 0001:000090A8       CurrentYear
 0001:000987B4       CurrToFMTBCD
 0001:00008930       CurrToStr
 0001:00008998       CurrToStrF
 0002:00000A50       CursorMap
 0002:00000778       Cursors
 0001:00029298       CursorToIdent
 0002:00000028       cwChop
 0002:00001C08       CWNear
 0001:000D29C0       DAConsts
 0002:00002900       Danh
 0002:00002868       Dans
 0001:000D2B84       DASQLMonitor
 0001:00064818       DatabaseError
 0001:000648C4       DatabaseErrorFmt
 0002:00005064       DataModule_Tmax
 0002:00001BDC       DataTypeMap
 0001:0007AFCC       DataTypeToRegData
 0001:000D54EC       Datelib
 0002:000044FD       DateSeparator
 0001:00009C14       DateTimeToStr
 0001:00009BB8       DateTimeToString
 0001:00008C08       DateTimeToTimeStamp
 0002:00001CE8       DayNames
 0001:00009080       DayOfWeek
 0001:0006EC0C       Db
 0001:000D2D30       DBAccess
 0001:0009B6E8       DBCommon
 0001:00060818       DbConsts
 0001:00071778       DBCtrls
 0001:0007B4A0       DBGridEH
 0001:0007AE14       DBGrids
 0001:00096D72       DbiAcqPersistTableLock
 0001:00096D84       DbiAcqTableLock
 0001:00096682       DbiActivateFilter
 0001:00095FDA       DbiAddAlias
 0001:00095F44       DbiAddDriver
 0001:0009668E       DbiAddFilter
 0001:00096BAA       DbiAddIndex
 0001:00096D36       DbiAddPassword
 0001:0009625C       DbiAnsiToNative
 0001:00096B50       DbiAppendRecord
 0001:00096088       DbiApplyDelayedUpdates
 0001:00096670       DbiBatchMove
 0001:0009622C       DbiBcdFromFloat
 0001:00096232       DbiBcdToFloat
 0001:00095ED8       DbiBeginConstraintLayer
 0001:00096094       DbiBeginDelayedUpdates
 0001:00096DC0       DbiBeginLinkMode
 0001:0009665E       DbiBeginTran
 0001:00096A54       DbiCfgAddRecord
 0001:00096A6C       DbiCfgBuildPath
 0001:00096A48       DbiCfgDropRecord
 0001:00096A3C       DbiCfgGetHelp
 0001:00096A60       DbiCfgGetNextNode
 0001:00096A5A       DbiCfgGetRecord
 0001:00096A36       DbiCfgMerge
 0001:00096A4E       DbiCfgModifyRecord
 0001:00096A66       DbiCfgPosition
 0001:00096A72       DbiCfgSave
 0001:00096A42       DbiCfgTranslate
 0001:00096AE4       DbiCheckRefresh
 0001:00095EC0       DbiCheckSQLExpression
 0001:00096BDA       DbiCloneCursor
 0001:0009627A       DbiCloseConfigFile
 0001:00096E86       DbiCloseCursor
 0001:00096E9E       DbiCloseDatabase
 0001:000961DE       DbiCloseFieldXlt
 0001:00096C04       DbiCloseIndex
 0001:00096D3C       DbiCloseSession
 0001:00096BE0       DbiCompareBookMarks
 0001:00096B4A       DbiCompareKeys
 0001:00096BBC       DbiCopyTable
 0001:00096DD2       DbiCreateInMemTable
 0001:00096BC2       DbiCreateTable
 0001:00096B20       DbiCreateTempTable
 0001:00095EA8       DbiDatabaseFlush
 0001:00096C10       DbiDateDecode
 0001:00096C16       DbiDateEncode
 0001:0009667C       DbiDeactivateFilter
 0001:00096A0C       DbiDebugLayerOptions
 0001:00095FC2       DbiDeleteAlias
 0001:00095F3E       DbiDeleteDriver
 0001:00096BA4       DbiDeleteIndex
 0001:00096E44       DbiDeleteRecord
 0001:00096BB0       DbiDeleteTable
 0001:000982C5       DbiDLLExit
 0001:00096B8C       DbiDoRestructure
 0001:00095F68       DbiDRAdd
 0001:0009605E       DbiDRAddAttr
 0001:00096076       DbiDRClose
 0001:00095FF8       DbiDRCreate
 0001:00095FBC       DbiDRCreateEnumAttrDomain
 0001:00096064       DbiDRCreateObjectType
 0001:00096052       DbiDRCreateRelationType
 0001:00095FF2       DbiDRDelete
 0001:00095FB0       DbiDRDeleteEnumAttrDomain
 0001:00096046       DbiDRDeleteObjectType
 0001:0009604C       DbiDRDeleteRelationType
 0001:00095F62       DbiDRDrop
 0001:00096058       DbiDRDropAttr
 0001:0009606A       DbiDRExportToFile
 0001:00096028       DbiDRGetAttrDescs
 0001:00096082       DbiDRGetDesc
 0001:00095FAA       DbiDRGetEnumAttrDomain
 0001:00096010       DbiDRGetObjID
 0001:0009602E       DbiDRGetObjTypeInfo
 0001:00095F6E       DbiDRGetRelatedObject
 0001:00096022       DbiDRGetRelTypeInfo
 0001:00096070       DbiDRImportFromFile
 0001:00095FFE       DbiDRLoadDBObject
 0001:00095FB6       DbiDRModifyEnumAttrDomain
 0001:0009607C       DbiDROpen
 0001:0009603A       DbiDROpenAttrTypeList
 0001:00096040       DbiDROpenObjectTypeList
 0001:0009601C       DbiDROpenObjSet
 0001:00096016       DbiDROpenRelSet
 0001:00096034       DbiDROpenRelTypeList
 0001:00096688       DbiDropFilter
 0001:00096D30       DbiDropPassword
 0001:0009600A       DbiDRSetToObjID
 0001:00096004       DbiDRSetToObjName
 0001:00096B68       DbiEmptyTable
 0001:00095EC6       DbiEndConstraintLayer
 0001:0009608E       DbiEndDelayedUpdates
 0001:00096DBA       DbiEndLinkMode
 0001:00096658       DbiEndTran
 0001:0009D838       DbiError
 0001:00098245       DbiExit
 0001:00096BF2       DbiExtractKey
 0001:00096D54       DbiForceRecordReread
 0001:00096D60       DbiForceReread
 0001:00096B14       DbiFormFullName
 0001:00096CA0       DbiFreeBlob
 0001:00096130       DbiFreeSQLRequest
 0001:00096CB2       DbiGetBlob
 0001:00096C9A       DbiGetBlobHeading
 0001:00096CB8       DbiGetBlobSize
 0001:00096BEC       DbiGetBookMark
 0001:00096ADE       DbiGetCallBack
 0001:000966B2       DbiGetClientInfo
 0001:00096D42       DbiGetCurrSession
 0001:00096D5A       DbiGetCursorForTable
 0001:00096E92       DbiGetCursorProps
 0001:00096D00       DbiGetDatabaseDesc
 0001:00096A30       DbiGetDateFormat
 0001:00095F86       DbiGetDefaultRepository
 0001:00096E26       DbiGetDirectory
 0001:00096D0C       DbiGetDriverDesc
 0001:00096B08       DbiGetErrorContext
 0001:00096B02       DbiGetErrorEntry
 0001:00096B38       DbiGetErrorInfo
 0001:00096B0E       DbiGetErrorString
 0001:0009660A       DbiGetExactRecordCount
 0001:00096C22       DbiGetField
 0001:00096E8C       DbiGetFieldDescs
 0001:00096CE8       DbiGetFieldTypeDesc
 0001:000961F0       DbiGetFilterInfo
 0001:00096BF8       DbiGetIndexDesc
 0001:0009626E       DbiGetIndexDescs
 0001:00096B9E       DbiGetIndexForField
 0001:00096B98       DbiGetIndexSeqNo
 0001:00096CDC       DbiGetIndexTypeDesc
 0001:0009669A       DbiGetLdName
 0001:0009663A       DbiGetLdNameFromDb
 0001:00096B2C       DbiGetLdObj
 0001:00096DA8       DbiGetLinkStatus
 0001:00096C70       DbiGetNetUserName
 0001:00096E6E       DbiGetNextRecord
 0001:00096A18       DbiGetNumberFormat
 0001:0009624A       DbiGetObjFromName
 0001:000961FC       DbiGetObjFromObj
 0001:00096E68       DbiGetPriorRecord
 0001:00096256       DbiGetProp
 0001:00096E62       DbiGetRecord
 0001:00096E56       DbiGetRecordCount
 0001:00096B44       DbiGetRecordForKey
 0001:00096E5C       DbiGetRelativeRecord
 0001:000961B4       DbiGetRintDesc
 0001:00096E3E       DbiGetSeqNo
 0001:00096C76       DbiGetSesInfo
 0001:00096136       DbiGetSQLRequest
 0001:00096C88       DbiGetSysConfig
 0001:00096C82       DbiGetSysInfo
 0001:00096C8E       DbiGetSysVersion
 0001:00096CC4       DbiGetTableOpenCount
 0001:00096CF4       DbiGetTableTypeDesc
 0001:00096A24       DbiGetTimeFormat
 0001:00096652       DbiGetTranInfo
 0001:000961BA       DbiGetVchkDesc
 0001:00095F38       DbiImportODBC
 0001:00094668       DbiInit
 0001:0009814A       DbiInitFn
 0001:00096BD4       DbiInitRecord
 0001:00096E50       DbiInsertRecord
 0001:00096DA2       DbiIsRecordLocked
 0001:00096D9C       DbiIsTableLocked
 0001:00096D96       DbiIsTableShared
 0001:00096DB4       DbiLinkDetail
 0001:00096D90       DbiLinkDetailToExp
 0001:00096CCA       DbiLoadDriver
 0001:00096268       DbiMakePermanent
 0001:00096E4A       DbiModifyRecord
 0001:00096262       DbiNativeToAnsi
 0001:00096CBE       DbiOpenBlob
 0001:00096286       DbiOpenCfgInfoList
 0001:00096280       DbiOpenConfigFile
 0001:00096EA4       DbiOpenDatabase
 0001:00096D06       DbiOpenDatabaseList
 0001:00096D12       DbiOpenDriverList
 0001:00096DF0       DbiOpenFamilyList
 0001:00096E08       DbiOpenFieldList
 0001:00096CEE       DbiOpenFieldTypesList
 0001:000961CC       DbiOpenFieldXlt
 0001:00096E14       DbiOpenFileList
 0001:00095FE6       DbiOpenFunctionArgList
 0001:00095FEC       DbiOpenFunctionList
 0001:00096C0A       DbiOpenIndex
 0001:00096E0E       DbiOpenIndexList
 0001:00096CE2       DbiOpenIndexTypesList
 0001:00096E02       DbiOpenLdList
 0001:00096D24       DbiOpenLockList
 0001:00095EBA       DbiOpenNestedTable
 0001:00095EAE       DbiOpenRef
 0001:00095F92       DbiOpenRepositoryList
 0001:00096DF6       DbiOpenRintList
 0001:00096DD8       DbiOpenSecurityList
 0001:00095F74       DbiOpenSessionRepository
 0001:0009615A       DbiOpenSPList
 0001:00096154       DbiOpenSPParamList
 0001:00096E98       DbiOpenTable
 0001:00096E1A       DbiOpenTableList
 0001:00096CFA       DbiOpenTableTypesList
 0001:00096D2A       DbiOpenUserList
 0001:00096DFC       DbiOpenVchkList
 0001:00096B6E       DbiPackTable
 0001:00096CAC       DbiPutBlob
 0001:00096C1C       DbiPutField
 0001:00096C34       DbiQAlloc
 0001:00096C4C       DbiQExec
 0001:00096C58       DbiQExecDirect
 0001:00096142       DbiQExecProcDirect
 0001:00096C3A       DbiQFree
 0001:00096C2E       DbiQGetBaseDescs
 0001:00096C40       DbiQInstantiateAnswer
 0001:00096C52       DbiQPrepare
 0001:0009613C       DbiQPrepareExt
 0001:0009614E       DbiQPrepareProc
 0001:00096C46       DbiQSetParams
 0001:00096148       DbiQSetProcParams
 0001:00096DCC       DbiReadBlock
 0001:00096B62       DbiRegenIndex
 0001:00096B5C       DbiRegenIndexes
 0001:00096C28       DbiRegisterCallBack
 0001:00096D6C       DbiRelPersistTableLock
 0001:00096D78       DbiRelRecordLock
 0001:00096D7E       DbiRelTableLock
 0001:00096BB6       DbiRenameTable
 0001:00096E32       DbiResetRange
 0001:00096D66       DbiSaveChanges
 0001:00095F5C       DbiSchemaCacheFlush
 0001:00096D48       DbiSetCurrSession
 0001:00096A2A       DbiSetDateFormat
 0001:00095F8C       DbiSetDefaultRepository
 0001:00096E20       DbiSetDirectory
 0001:00096B3E       DbiSetFieldMap
 0001:00096D18       DbiSetLockRetry
 0001:00096A12       DbiSetNumberFormat
 0001:00096D1E       DbiSetPrivateDir
 0001:00096250       DbiSetProp
 0001:00096E38       DbiSetRange
 0001:00096A1E       DbiSetTimeFormat
 0001:00096E80       DbiSetToBegin
 0001:00096BE6       DbiSetToBookMark
 0001:00096E74       DbiSetToCursor
 0001:00096E7A       DbiSetToEnd
 0001:00096E2C       DbiSetToKey
 0001:00096B92       DbiSetToRecordNo
 0001:00096BCE       DbiSetToSeqNo
 0001:0009664C       DbiSortTable
 0001:00095EE4       DbiSQLTextToCanEx
 0001:00096D4E       DbiStartSession
 0001:00096BFE       DbiSwitchToIndex
 0001:00096B80       DbiTimeDecode
 0001:00096B86       DbiTimeEncode
 0001:00096B74       DbiTimeStampDecode
 0001:00096B7A       DbiTimeStampEncode
 0001:000961E4       DbiTranslateField
 0001:000961EA       DbiTranslateRecordStructure
 0001:00096CA6       DbiTruncateBlob
 0001:000966A6       DbiUndeleteRecord
 0001:00096DAE       DbiUnlinkDetail
 0001:00096B26       DbiUseIdleTime
 0001:000961D2       DbiValidateProp
 0001:00096BC8       DbiVerifyField
 0001:00096DC6       DbiWriteBlock
 0001:0009BBBC       DBLogDlg
 0001:0009B7F0       DBPWDlg
 0001:000A531C       DBTables
 0001:0006F9B0       DBUseRightToLeftAlignment
 0002:000027E8       DB_Name
 0002:00000440       DDBsOnly
 0001:0003FEF8       DeallocateHWnd
 0002:00000008       DebugHook
 0002:00002984       DecimalChar
 0002:000044FB       DecimalSeparator
 0001:00008F5C       DecodeDate
 0001:00008D88       DecodeTime
 0001:0000085C       Decommit
 0001:00000E78       DecommitFree
 0002:00004468       decommittedRoot
 0001:00042958       Default
 0001:00047DF0       Default
 0002:00000000       Default8087CW
 0002:00000BF0       DefaultBlank
 0002:00000CB4       DefaultFieldClasses
 0002:00004D80       DefaultOracleHome
 0001:0009D29C       DefaultSession
 0002:00000644       DefBrushData
 0002:00000414       DefFontData
 0001:000062B8       DefFrameProc
 0001:000874BC       DefineCursor
 0002:00000240       DefLongDayNames
 0002:000001F4       DefLongMonthNames
 0001:000062C0       DefMDIChildProc
 0002:00000624       DefPenData
 0002:00004E8C       DefSession
 0002:00000224       DefShortDayNames
 0002:000001C4       DefShortMonthNames
 0001:000062C8       DefWindowProc
 0001:00000518       DeleteBlock
 0001:00005D40       DeleteCriticalSection
 0001:00000488       DeleteCriticalSection
 0001:00005FF8       DeleteDC
 0001:00006000       DeleteEnhMetaFile
 0001:00000CC0       DeleteFree
 0001:000062D0       DeleteMenu
 0001:00006008       DeleteObject
 0001:00077F5C       DeletePrompt
 0002:00004FD4       DeptBitmap
 0001:0001DE10       DeselectBitmap
 0002:000049C8       DesktopDC
 0001:000062D8       DestroyCursor
 0001:000062E0       DestroyIcon
 0001:0005CF08       DestroyLocals
 0001:000062E8       DestroyMenu
 0001:0007BFD4       DestroyObjects
 0001:000062F0       DestroyWindow
 0001:00059DB4       Detector
 0001:0004DD4C       DialogHook
 0001:0004F438       Dialogs
 0002:00000680       DIBPalSizes
 0002:00000054       dig
 0002:00000E18       Direction
 0001:0003F7D4       DisableTaskWindows
 0001:000D40E0       DisconnectSessions
 0001:000D4A84       DispatchInvoke
 0001:000D5078       DispatchInvokeError
 0001:000062F8       DispatchMessage
 0001:00045A98       DispatchShortCut
 0001:000D5094       DispCall
 0001:000D517C       DispCallByID
 0002:00000010       DispCallByIDProc
 0001:000D4FA4       DispCallError
 0001:00064998       DisposeMem
 0001:000598E8       DisposeStrItem
 0001:000CAE00       DispTypeValue
 0001:000077C8       DivMod
 0002:00004DDC       dk
 0001:0004D648       Dlgs
 0001:0009D36C       DLLDetachCallBack
 0001:0002E48C       DoAlign
 0001:00047244       DoAlign
 0002:00002630       DoAutoDither
 0001:0006C898       DoBindFields
 0001:00055560       DoCalc
 0001:000322DC       DoCalcConstraints
 0001:000555C8       DoCalcRightToLeft
 0001:00055D34       DoChange
 0002:00004768       DockSiteList
 0001:0003BEF0       DoClick
 0001:0005471C       DoColWidths
 0001:0002F85C       DoControlMsg
 0001:000BF400       doCreateOptimizedPaletteFromSingleBitmap
 0001:0003F784       DoDisableWindow
 0001:00029EC8       DoDragOver
 0001:0007C818       DoDrawText
 0001:00008E20       DoEncodeDate
 0001:00008CA0       DoEncodeTime
 0001:00007840       DoExitProc
 0001:00033E38       DoFindControlZone
 0001:0003F8C0       DoFindWindow
 0001:0003439C       DoFindZone
 0001:00033EBC       DoForEach
 0001:00035730       DoGetNextLimit
 0001:0003F74C       DoneApplication
 0001:00036384       DoneControls
 0001:0003FC6C       DoneCtl3D
 0001:0000B520       DoneExceptions
 0001:00044088       DoNestedActivation
 0001:0002E220       DoPosition
 0001:00047094       DoPosition
 0001:00034DB0       DoPrune
 0001:0007C124       DoRect
 0001:0004BB90       DoRect
 0001:00054760       DoRowHeights
 0001:00035260       DoSaveZone
 0001:00077BA0       DoSelection
 0001:00035464       DoSetNewBounds
 0001:000541C8       DoSizeAdjust
 0002:00000370       DotSep
 0001:000573E0       DoUpdate
 0002:00004FFC       DownBitmap
 0002:00000C3C       DownStyles
 0001:00038784       DoWrite
 0001:000111D4       DoWrite
 0001:0001CF90       DoWrite
 0001:0001C13C       DoWrite
 0001:0002D080       DoWrite
 0001:000463DC       DoWriteHeight
 0001:00046374       DoWriteHorizontalOffset
 0001:000463A8       DoWriteVerticalOffset
 0001:0004634C       DoWriteWidth
 0002:0000474C       DragCapture
 0002:00004740       DragControl
 0001:0002A614       DragDone
 0001:00029E78       DragFindTarget
 0001:00029E4C       DragFindWindow
 0002:00004748       DragFreeObject
 0002:00004764       DragImageList
 0001:0002A26C       DragInit
 0001:0002A3DC       DragInitControl
 0001:00029DD0       DragMessage
 0002:00004744       DragObject
 0002:00004758       DragSaveCursor
 0002:00004750       DragStartPos
 0002:0000475C       DragThreshold
 0001:00029F98       DragTo
 0001:00047E2C       DrawAppIcon
 0001:00054B04       DrawAxisLines
 0002:000048A0       DrawBitmap
 0001:0007C0C4       DrawBitmapRect
 0001:0007D2A4       DrawBitmapTransparent
 0001:000890B8       DrawButton
 0001:00054D40       DrawCells
 0001:000349F4       DrawCloseBtn
 0001:0007B528       DrawCloseButton
 0001:00006300       DrawEdge
 0001:00006308       DrawFocusRect
 0001:0007C1E8       DrawFrame3D
 0001:00006310       DrawFrameControl
 0001:00034908       DrawGrabber
 0001:000CB80C       DrawHost
 0001:00006318       DrawIcon
 0002:0000089C       DrawingStyles
 0001:00054CB0       DrawLines
 0001:00006320       DrawMenuBar
 0001:000C46F4       DrawMetafile
 0001:0007C058       DrawOnButton
 0001:0007B69C       DrawSizeGrip
 0001:00006328       DrawText
 0001:00006330       DrawTextEx
 0001:0007C414       DrawTextRect
 0001:000C9AB8       DrawTile
 0001:000CB9C4       DrawTitle
 0001:00076F5C       DrawTitleCell
 0001:0008AFC4       DsgnIntf
 0001:00095ED2       DsProviderGetDataPacket
 0001:00095ECC       DsResolver
 0002:000049CC       DummyThread
 0001:0001B06C       DupBits
 0001:0000490C       DynArrayClear
 0001:00004914       DynArraySetLength
 0002:00005050       E1ValconYN
 0002:00005054       E2ValconYN
 0001:0009D950       EDBEngineError.Create
 0001:0009DC30       EDBEngineError.Destroy
 0001:0009DC84       EDBEngineError.GetError
 0002:0000096C       EdgeStyle
 0002:00000854       EdgeStyles
 0002:00000EB0       EditAlignmentFlags
 0002:00000F30       EditorGroupList
 0001:0000AEC0       EHeapException.FreeInstance
 0002:00004DD8       ek
 0001:00006010       Ellipse
 0002:00000E84       EllipsisFlags
 0001:000A7EE8       EmitMessage
 0002:00004FEC       EmpnoBitmap
 0002:00001CCC       Empty
 0001:00006338       EmptyClipboard
 0002:00004414       EmptyParam
 0002:00000118       EmptyStr
 0001:00006340       EnableMenuItem
 0002:00000904       Enables
 0001:00006348       EnableScrollBar
 0001:0003F888       EnableTaskWindows
 0001:00006350       EnableWindow
 0001:00008EE8       EncodeDate
 0001:00008D10       EncodeTime
 0002:00000F04       EndEllipsisFlag
 0001:0000FAE0       EndGlobalLoading
 0001:00006358       EndPaint
 0001:00002B04       EndThread
 0001:00000478       EnterCriticalSection
 0001:00005D48       EnterCriticalSection
 0001:00005D50       EnumCalendarInfoA
 0001:00006360       EnumClipboardFormats
 0002:000046C0       EnumDisplayMonitors
 0001:0000A7E8       EnumEraNames
 0001:0000A824       EnumEraYearOffsets
 0001:00006018       EnumFontFamiliesEx
 0001:00006020       EnumFonts
 0001:000466BC       EnumFontsProc
 0001:00046754       EnumMonitorsProc
 0001:00006368       EnumThreadWindows
 0001:000133E4       EnumValue
 0001:00006370       EnumWindows
 0001:000D47B4       EOleException.Create
 0001:000D46E4       EOleSysError.Create
 0001:00006378       EqualRect
 0002:000045C0       EraNames
 0001:00009E80       EraToYear
 0002:000045DC       EraYearOffsets
 0002:0000004C       errCaption
 0001:00094660       ErrCat
 0001:0000183C       Error
 0001:00039808       Error
 0001:0001AC30       Error
 0001:000BC440       Error
 0001:00012CE0       Error
 0002:00004040       ErrorAddr
 0001:0000AFB0       ErrorHandler
 0002:0000025C       ErrorMap
 0002:00004004       ErrorProc
 0002:00000DC4       Events
 0001:0000AB34       ExceptAddr
 0002:00004008       ExceptClsProc
 0001:0000B44C       ExceptHandler
 0001:0000ADBC       Exception.Create
 0001:0000ADF8       Exception.CreateFmt
 0001:0000AE78       Exception.CreateHelp
 0002:00004010       ExceptionClass
 0001:0000AB58       ExceptionErrorMessage
 0002:00000294       ExceptMap
 0001:0000AB1C       ExceptObject
 0002:0000400C       ExceptObjProc
 0002:00004000       ExceptProc
 0001:00006028       ExcludeClipRect
 0002:00004038       ExitCode
 0001:00002924       ExitDll
 0002:0000403C       ExitProc
 0001:0000030C       ExitProcess
 0002:0000018C       ExitProcList
 0001:00000304       ExitThread
 0001:00059B18       ExpandDir
 0001:0004E050       ExplorerHook
 0001:00006030       ExtCreatePen
 0001:0004D610       ExtCtrls
 0002:0000074C       ExtendSelects
 0002:000026D4       ExtensionList
 0001:000649AC       ExtractFieldName
 0001:00007FB0       ExtractFileExt
 0001:0004E5D4       ExtractFileName
 0001:00007F78       ExtractFileName
 0001:0004E61C       ExtractFileNames
 0001:000CACFC       ExtractWord
 0001:000CAD80       ExtractWordPos
 0002:00001CB8       Exts
 0001:00006038       ExtTextOut
 0001:00005D58       FatalAppExitA
 0002:00004990       FCheckHeight
 0002:0000498C       FCheckWidth
 0002:00004728       FClipboard
 0002:00001C04       FConst10
 0002:00004948       FCSect
 0001:000784C8       FieldIsMapped
 0002:00000D2C       FieldTypeNames
 0001:00007E80       FileAge
 0001:00007E78       FileClose
 0001:00007DF0       FileCreate
 0001:000D54B4       FileCtrl
 0001:00007EE8       FileExists
 0002:00000678       FileFormats
 0002:0000404A       FileMode
 0001:00007DB0       FileOpen
 0001:00007E14       FileRead
 0002:00000378       FilerSignature
 0001:00007E6C       FileSeek
 0001:00005D60       FileTimeToDosDateTime
 0001:00005D68       FileTimeToLocalFileTime
 0001:00007E40       FileWrite
 0001:00000DA8       FillAfterGap
 0001:00000D54       FillBeforeGap
 0001:00054AB0       FillDWord
 0001:00000E40       FillerSizeAfterGap
 0001:00000DD0       FillerSizeBeforeGap
 0001:00006380       FillRect
 0002:00000C44       FillStyles
 0001:00017DF8       Finalization
 0001:00020DE8       Finalization
 0001:00021118       Finalization
 0001:00021894       Finalization
 0001:000218E4       Finalization
 0001:0002192C       Finalization
 0001:00021964       Finalization
 0001:0002199C       Finalization
 0001:00021CC0       Finalization
 0001:000269AC       Finalization
 0001:00026FC4       Finalization
 0001:0002717C       Finalization
 0001:00036508       Finalization
 0001:00037364       Finalization
 0001:00038D40       Finalization
 0001:0003D214       Finalization
 0001:00049C24       Finalization
 0001:00049CA8       Finalization
 0001:0004D5E0       Finalization
 0001:0004D618       Finalization
 0001:0004F3DC       Finalization
 0001:00051E14       Finalization
 0001:0005CFA0       Finalization
 0001:0005D000       Finalization
 0001:0005D038       Finalization
 0001:0005D0B0       Finalization
 0001:0006054C       Finalization
 0001:000607E8       Finalization
 0001:0006EBC4       Finalization
 0001:000716CC       Finalization
 0001:0007ADE4       Finalization
 0001:0007AE34       Finalization
 0001:0007B420       Finalization
 0001:0007B470       Finalization
 0001:0007B894       Finalization
 0001:0007D2F4       Finalization
 0001:0007EFD0       Finalization
 0001:0008198C       Finalization
 0001:00081C28       Finalization
 0001:00087484       Finalization
 0001:000875A0       Finalization
 0001:0008AB98       Finalization
 0001:0008ABD0       Finalization
 0001:0008AF54       Finalization
 0001:0008B034       Finalization
 0001:0008B06C       Finalization
 0001:0008C70C       Finalization
 0001:0008C88C       Finalization
 0001:0008E2B4       Finalization
 0001:00093588       Finalization
 0001:00094628       Finalization
 0001:0000DDFC       Finalization
 0001:0000D568       Finalization
 0001:0000D130       Finalization
 0001:0000CEC4       Finalization
 0001:00006CE0       Finalization
 0001:000069D8       Finalization
 0001:000069A0       Finalization
 0001:0009832C       Finalization
 0001:0009B6B8       Finalization
 0001:0009B720       Finalization
 0001:0009B788       Finalization
 0001:0009B7C0       Finalization
 0001:0009BB8C       Finalization
 0001:0009BC74       Finalization
 0001:000A52A8       Finalization
 0001:000A538C       Finalization
 0001:000A69DC       Finalization
 0001:000A6A84       Finalization
 0001:000A6B10       Finalization
 0001:000A6B68       Finalization
 0001:000A6C48       Finalization
 0001:000A6D20       Finalization
 0001:000A6D60       Finalization
 0001:000A6D98       Finalization
 0001:000A7930       Finalization
 0001:000A7968       Finalization
 0001:000A79A0       Finalization
 0001:000A79D8       Finalization
 0001:000A7B98       Finalization
 0001:000A7BF4       Finalization
 0001:000BB354       Finalization
 0001:000BB444       Finalization
 0001:000CA18C       Finalization
[...]
   338 0001:000D9F11   340 0001:000D9F18   342 0001:000D9F1F   343 0001:000D9F2C
   355 0001:000D9F67   358 0001:000DA584   359 0001:000DA59E   360 0001:000DA5A5
   362 0001:000DA5AC   363 0001:000DA5CF   364 0001:000DA5DF   365 0001:000DA5EC
   366 0001:000DA611   368 0001:000DA624   369 0001:000DA632   371 0001:000DA64E
   372 0001:000DA666   373 0001:000DA672   377 0001:000DA67E   378 0001:000DA694
   379 0001:000DA6A8   380 0001:000DA6E8   381 0001:000DA716   385 0001:000DA778
   386 0001:000DA77D   391 0001:000DA780   397 0001:000DA784   398 0001:000DA7A7
   399 0001:000DA7AF   400 0001:000DA7C7   401 0001:000DA7CC   403 0001:000DA7D0
   404 0001:000DA7DF   405 0001:000DA7E3   406 0001:000DA7E4   401 0001:000DA7F3
   408 0001:000DA7F7   409 0001:000DA807   410 0001:000DA815   411 0001:000DA845
   415 0001:000DA86C   419 0001:000DA886   420 0001:000DA892   421 0001:000DA899
   423 0001:000DA8A9   425 0001:000DA8AF   426 0001:000DA8BA   431 0001:000DA8CA
   432 0001:000DA8D1   433 0001:000DA8E1   434 0001:000DA8E8   435 0001:000DA8FA
   437 0001:000DA901   439 0001:000DA922   442 0001:000DA929   444 0001:000DA92F
   445 0001:000DA936   446 0001:000DA946   447 0001:000DA94D   448 0001:000DA962
   449 0001:000DA969   456 0001:000DA9A8   457 0001:000DA9AF   458 0001:000DA9CB
   459 0001:000DA9E7   460 0001:000DAA03   461 0001:000DAA1F   464 0001:000DAA3B
   465 0001:000DAA5C   467 0001:000DAA7D   469 0001:000DAA83   470 0001:000DAA8E
   474 0001:000DAAC9   475 0001:000DAAD0   476 0001:000DAAE0   477 0001:000DAAE7
   478 0001:000DAAF9   480 0001:000DAB00   481 0001:000DAB21   484 0001:000DAB28
   485 0001:000DAB49   486 0001:000DAB6F   491 0001:000DAE40   492 0001:000DAE5E
   493 0001:000DAE62   494 0001:000DAE7A   496 0001:000DAE9F   497 0001:000DAEA3
   498 0001:000DAEA5   493 0001:000DAEA6   499 0001:000DAEC9   505 0001:000DAEDC
   506 0001:000DAEF9   509 0001:000DAF05   510 0001:000DAF21   511 0001:000DAF35
   510 0001:000DAF48   511 0001:000DAF4B   509 0001:000DAF4E   513 0001:000DAF53
   515 0001:000DAF58   528 0001:000DAF84   529 0001:000DAF96   533 0001:000DAFA4
   534 0001:000DAFA7   535 0001:000DAFD2   538 0001:000DAFFC   531 0001:000DB00B
   541 0001:000DB01E   542 0001:000DB03A   543 0001:000DB052   542 0001:000DB065
   543 0001:000DB068   541 0001:000DB06B   544 0001:000DB070   546 0001:000DB088
   567 0001:000DB0EE   569 0001:000DB0F4   570 0001:000DB0FB   571 0001:000DB10B
   572 0001:000DB112   573 0001:000DB127   574 0001:000DB12E   575 0001:000DB13C
   581 0001:000DB148   582 0001:000DB168   584 0001:000DB17A   585 0001:000DB1A3
   586 0001:000DB1CF   587 0001:000DB1FB   588 0001:000DB227   589 0001:000DB253
   590 0001:000DB27F   591 0001:000DB29B   579 0001:000DB2A6   595 0001:000DB2B9
   597 0001:000DB2C0   598 0001:000DB2DC   599 0001:000DB2F0   598 0001:000DB303
   599 0001:000DB306   597 0001:000DB309   600 0001:000DB30E   602 0001:000DB326
   603 0001:000DB342   604 0001:000DB356   603 0001:000DB369   604 0001:000DB36C
   602 0001:000DB36F   605 0001:000DB374   607 0001:000DB38C   609 0001:000DB399
   611 0001:000DB3C1   612 0001:000DB3CD   614 0001:000DB3D3   616 0001:000DB3F7
   617 0001:000DB409   621 0001:000DB41B   622 0001:000DB44F   623 0001:000DB480
   625 0001:000DB4B4   626 0001:000DB4CA   627 0001:000DB4E3   628 0001:000DB4FC
   629 0001:000DB515   632 0001:000DB52E   633 0001:000DB57D   634 0001:000DB5D5
   635 0001:000DB62D   636 0001:000DB682   638 0001:000DB6D5   609 0001:000DB6D8
   639 0001:000DB70B   645 0001:000DBE24   646 0001:000DBE42   647 0001:000DBE4E
   648 0001:000DBE6A   649 0001:000DBE82   648 0001:000DBE95   649 0001:000DBE98
   647 0001:000DBE9B   650 0001:000DBEA0   652 0001:000DBEB8   679 0001:000DBF1E
   681 0001:000DBF24   682 0001:000DBF2B   683 0001:000DBF3B   684 0001:000DBF42
   685 0001:000DBF57   686 0001:000DBF5E   687 0001:000DBF6C   693 0001:000DBF78
   694 0001:000DBF98   696 0001:000DBFAA   697 0001:000DBFD3   698 0001:000DBFFF
   699 0001:000DC02B   700 0001:000DC057   701 0001:000DC083   702 0001:000DC0AF
   703 0001:000DC0CB   691 0001:000DC0D6   707 0001:000DC0E9   709 0001:000DC0F0
   710 0001:000DC10C   711 0001:000DC120   710 0001:000DC133   711 0001:000DC136
   709 0001:000DC139   712 0001:000DC13E   714 0001:000DC156   715 0001:000DC165
   716 0001:000DC177   717 0001:000DC186   719 0001:000DC196   720 0001:000DC1B2
   721 0001:000DC1C6   720 0001:000DC1D9   721 0001:000DC1DC   719 0001:000DC1DF
   722 0001:000DC1E4   724 0001:000DC1FC   726 0001:000DC209   728 0001:000DC225
   729 0001:000DC231   731 0001:000DC237   733 0001:000DC25B   734 0001:000DC26D
   737 0001:000DC27F   738 0001:000DC2D4   739 0001:000DC308   741 0001:000DC33C
   742 0001:000DC352   743 0001:000DC36B   744 0001:000DC384   745 0001:000DC39D
   748 0001:000DC3B6   749 0001:000DC405   750 0001:000DC457   751 0001:000DC4AF
   752 0001:000DC504   754 0001:000DC557   726 0001:000DC55A   755 0001:000DC58D
   761 0001:000DC954   762 0001:000DC972   763 0001:000DC97E   764 0001:000DC99A
   765 0001:000DC9B2   764 0001:000DC9C5   765 0001:000DC9C8   763 0001:000DC9CB
   766 0001:000DC9D0   768 0001:000DC9E8   796 0001:000DCA4E   798 0001:000DCA54
   799 0001:000DCA5B   800 0001:000DCA6B   801 0001:000DCA72   802 0001:000DCA87
   803 0001:000DCA8E   804 0001:000DCA9C   810 0001:000DCAA8   811 0001:000DCAC8
   813 0001:000DCADA   814 0001:000DCB03   815 0001:000DCB2F   816 0001:000DCB5B
   817 0001:000DCB87   818 0001:000DCBB3   819 0001:000DCBDF   820 0001:000DCBFB
   808 0001:000DCC06   824 0001:000DCC19   826 0001:000DCC20   827 0001:000DCC3C
   828 0001:000DCC50   827 0001:000DCC63   828 0001:000DCC66   826 0001:000DCC69
   829 0001:000DCC6E   831 0001:000DCC86   832 0001:000DCCA2   833 0001:000DCCB6
   832 0001:000DCCC9   833 0001:000DCCCC   831 0001:000DCCCF   834 0001:000DCCD4
   836 0001:000DCCEC   838 0001:000DCCF9   840 0001:000DCD15   841 0001:000DCD21
   843 0001:000DCD27   845 0001:000DCD4B   846 0001:000DCD5D   849 0001:000DCD6F
   850 0001:000DCDC4   851 0001:000DCDF8   853 0001:000DCE2C   854 0001:000DCE42
   855 0001:000DCE5B   856 0001:000DCE74   857 0001:000DCE8D   860 0001:000DCEA6
   861 0001:000DCEF5   862 0001:000DCF47   863 0001:000DCF9F   864 0001:000DCFF4
   866 0001:000DD047   838 0001:000DD04A   867 0001:000DD07D   875 0001:000DD444
   876 0001:000DD47B   878 0001:000DD481   879 0001:000DD49A   880 0001:000DD4B0
   883 0001:000DD4C9   884 0001:000DD4DD   887 0001:000DD4F1   889 0001:000DD4F5
   891 0001:000DD509   892 0001:000DD52F   895 0001:000DD564   897 0001:000DD57C
   899 0001:000DD5A2   901 0001:000DD5CB   902 0001:000DD5E5   903 0001:000DD5FE
   907 0001:000DD61A   908 0001:000DD61E   909 0001:000DD622   910 0001:000DD626
   920 0001:000DD656   921 0001:000DD66D   928 0001:000DD684   929 0001:000DD691
   930 0001:000DD69E   931 0001:000DD6AB   932 0001:000DD6B8   935 0001:000DD6C5
   936 0001:000DD716   937 0001:000DD767   938 0001:000DD7B8   939 0001:000DD806
   941 0001:000DD852   943 0001:000DD85F   944 0001:000DD892   954 0001:000DD8DC
   955 0001:000DD90F   956 0001:000DD92C   957 0001:000DD940   959 0001:000DD95A
   960 0001:000DD973   961 0001:000DD975   956 0001:000DD976   963 0001:000DD979
   964 0001:000DD98B   966 0001:000DD9AD   968 0001:000DD9C7   969 0001:000DD9DB
   970 0001:000DD9F0   972 0001:000DDA16   974 0001:000DDA3E   975 0001:000DDA7D
   979 0001:000DDA88   980 0001:000DDA96   985 0001:000DDA98   986 0001:000DDAB4
   987 0001:000DDAE1   988 0001:000DDB0C   989 0001:000DDB34   990 0001:000DDB5C
   993 0001:000DDB91   994 0001:000DDBAD   996 0001:000DDBBA   997 0001:000DDBDD
   998 0001:000DDBF8   999 0001:000DDC16  1000 0001:000DDC34  1001 0001:000DDC52
  1004 0001:000DDC70  1005 0001:000DDCA2  1006 0001:000DDCD7  1007 0001:000DDD0C
  1008 0001:000DDD41  1012 0001:000DDD7A  1013 0001:000DDD9B  1014 0001:000DDDB6
  1015 0001:000DDDD4  1016 0001:000DDDF2  1017 0001:000DDE10  1019 0001:000DDE2E
  1021 0001:000DDE5A  1026 0001:000DDEF4  1027 0001:000DDF15  1029 0001:000DDF1F
  1031 0001:000DDF37  1033 0001:000DDF5C  1034 0001:000DDF5F  1038 0001:000DDF80
  1029 0001:000DDF81  1040 0001:000DDF84  1041 0001:000DDFAC  1043 0001:000DDFC5
  1044 0001:000DDFDF  1046 0001:000DE031  1047 0001:000DE066  1052 0001:000DE09C
  1053 0001:000DE0BD  1055 0001:000DE0C7  1057 0001:000DE0DF  1059 0001:000DE104
  1060 0001:000DE107  1064 0001:000DE128  1055 0001:000DE129  1066 0001:000DE12C
  1067 0001:000DE154  1069 0001:000DE16D  1070 0001:000DE187  1072 0001:000DE1D9
  1073 0001:000DE20E  1078 0001:000DE244  1079 0001:000DE265  1081 0001:000DE26F
  1083 0001:000DE287  1085 0001:000DE2AC  1086 0001:000DE2AF  1090 0001:000DE2D2
  1081 0001:000DE2D3  1092 0001:000DE2D6  1093 0001:000DE2FE  1095 0001:000DE317
  1096 0001:000DE331  1098 0001:000DE383  1099 0001:000DE3B8  1109 0001:000DE3EC
  1110 0001:000DE41F  1111 0001:000DE43C  1112 0001:000DE450  1114 0001:000DE46A
  1115 0001:000DE483  1116 0001:000DE485  1111 0001:000DE486  1118 0001:000DE489
  1119 0001:000DE49B  1121 0001:000DE4BD  1123 0001:000DE4D7  1124 0001:000DE4EB
  1125 0001:000DE500  1127 0001:000DE526  1129 0001:000DE54E  1130 0001:000DE58D
  1135 0001:000DE598  1136 0001:000DE5A6  1143 0001:000DE5A8  1144 0001:000DE5DF
  1146 0001:000DE5EC  1148 0001:000DE5F2  1149 0001:000DE60B  1150 0001:000DE621
  1153 0001:000DE63A  1154 0001:000DE64E  1157 0001:000DE662  1159 0001:000DE666
  1161 0001:000DE67A  1162 0001:000DE6A0  1165 0001:000DE6D5  1167 0001:000DE6ED
  1169 0001:000DE713  1171 0001:000DE73C  1172 0001:000DE756  1173 0001:000DE76F
  1177 0001:000DE78B  1178 0001:000DE78F  1179 0001:000DE793  1180 0001:000DE797
  1190 0001:000DE7C7  1191 0001:000DE7DE  1198 0001:000DE7F5  1199 0001:000DE802
  1200 0001:000DE80F  1201 0001:000DE81C  1202 0001:000DE829  1205 0001:000DE836
  1206 0001:000DE887  1207 0001:000DE8D8  1208 0001:000DE929  1209 0001:000DE977
  1211 0001:000DE9C3  1213 0001:000DE9D0  1214 0001:000DEA03  1220 0001:000DEA4C
  1221 0001:000DEA68  1222 0001:000DEA95  1223 0001:000DEAC0  1224 0001:000DEAE8
  1225 0001:000DEB10  1228 0001:000DEB45  1229 0001:000DEB61  1231 0001:000DEB6E
  1232 0001:000DEB91  1233 0001:000DEBAC  1234 0001:000DEBCA  1235 0001:000DEBE8
  1236 0001:000DEC06  1239 0001:000DEC24  1240 0001:000DEC56  1241 0001:000DEC8B
  1242 0001:000DECC0  1243 0001:000DECF5  1247 0001:000DED2E  1248 0001:000DED4F
  1249 0001:000DED6A  1250 0001:000DED88  1251 0001:000DEDA6  1252 0001:000DEDC4
  1255 0001:000DEDE2  1256 0001:000DEE0E  1262 0001:000DEEA8  1263 0001:000DEEC6
  1266 0001:000DEEF1  1268 0001:000DEF05  1270 0001:000DEF5C  1272 0001:000DEF66
  1274 0001:000DEF6B  1266 0001:000DEF6C  1277 0001:000DEF6F  1284 0001:000DEFC1
  1285 0001:000DEFD3  1286 0001:000DEFDF  1292 0001:000DEFF0  1295 0001:000DF00C
  1305 0001:000DF0BF  1306 0001:000DF0D1  1307 0001:000DF0DD  1311 0001:000DF0EE
  1292 0001:000DF0EF  1312 0001:000DF0F6  1313 0001:000DF10E  1312 0001:000DF126
  1314 0001:000DF129  1315 0001:000DF13E  1318 0001:000DF14A  1321 0001:000DF175
  1323 0001:000DF189  1325 0001:000DF1E0  1327 0001:000DF1EA  1329 0001:000DF1EF
  1321 0001:000DF1F0  1332 0001:000DF1F3  1338 0001:000DF240  1339 0001:000DF252
  1340 0001:000DF25E  1346 0001:000DF26F  1349 0001:000DF28B  1359 0001:000DF33E
  1360 0001:000DF350  1361 0001:000DF35C  1365 0001:000DF36D  1346 0001:000DF36E
  1366 0001:000DF375  1367 0001:000DF38D  1366 0001:000DF3A5  1368 0001:000DF3A8
  1369 0001:000DF3BD  1372 0001:000DF3C9  1375 0001:000DF3F4  1377 0001:000DF408
  1379 0001:000DF45F  1381 0001:000DF469  1383 0001:000DF46E  1375 0001:000DF46F
  1386 0001:000DF472  1392 0001:000DF4BF  1393 0001:000DF4D1  1394 0001:000DF4DD
  1400 0001:000DF4EE  1403 0001:000DF50A  1413 0001:000DF5BD  1414 0001:000DF5CF
  1415 0001:000DF5DB  1419 0001:000DF5EC  1400 0001:000DF5ED  1422 0001:000DF5F4
  1424 0001:000DF611  1425 0001:000DF61B  1430 0001:000DF620  1436 0001:000DF67D
  1437 0001:000DF68F  1438 0001:000DF69B  1443 0001:000DF6A8  1444 0001:000DF6C0
  1443 0001:000DF6D8  1445 0001:000DF6DB  1446 0001:000DF6F0  1448 0001:000DF721
  1453 0001:000DFBE0  1454 0001:000DFBFE  1456 0001:000DFC02  1458 0001:000DFC13
  1459 0001:000DFC2F  1461 0001:000DFC54  1462 0001:000DFC58  1463 0001:000DFC5A
  1458 0001:000DFC5B  1466 0001:000DFC60  1468 0001:000DFC71  1469 0001:000DFC89
  1471 0001:000DFCAE  1472 0001:000DFCB2  1473 0001:000DFCB4  1468 0001:000DFCB5
  1475 0001:000DFCD8  1480 0001:000DFD14  1528 0001:000DFD32  1546 0001:000DFD9D
  1548 0001:000DFDA7  1549 0001:000DFDAE  1550 0001:000DFDBE  1551 0001:000DFDC5
  1552 0001:000DFDDA  1553 0001:000DFDE1  1554 0001:000DFDEF  1555 0001:000DFDF6
  1557 0001:000DFE04  1559 0001:000DFE32  1561 0001:000DFE3C  1562 0001:000DFE43
  1563 0001:000DFE50  1568 0001:000DFE55  1569 0001:000DFE5F  1573 0001:000DFE64
  1575 0001:000DFEA2  1576 0001:000DFEAF  1577 0001:000DFEB9  1578 0001:000DFEC7
  1581 0001:000DFECC  1587 0001:000DFF29  1588 0001:000DFF3B  1589 0001:000DFF47
  1594 0001:000DFF58  1600 0001:000DFF79  1601 0001:000DFF9F  1604 0001:000DFFA4
  1614 0001:000E0022  1615 0001:000E0034  1616 0001:000E0040  1621 0001:000E004D
  1622 0001:000E005A  1623 0001:000E0067  1624 0001:000E0074  1626 0001:000E00B3
  1630 0001:000E0798  1631 0001:000E07A3  1635 0001:000E07A4  1636 0001:000E07AF
  1639 0001:000E07B0  1641 0001:000E07B3  1644 0001:000E07CA  1646 0001:000E07E3
  1647 0001:000E07F4  1648 0001:000E080A  1649 0001:000E081F  1651 0001:000E0830
  1654 0001:000E0832  1656 0001:000E0846  1657 0001:000E0854  1658 0001:000E0864
  1659 0001:000E0874  1662 0001:000E0885  1664 0001:000E088D  1665 0001:000E089B
  1666 0001:000E08AB  1667 0001:000E08BB  1669 0001:000E08CA  1676 0001:000E0998
  1677 0001:000E09CD  1679 0001:000E09D3  1680 0001:000E09EC  1681 0001:000E0A02
  1684 0001:000E0A1B  1685 0001:000E0A2F  1688 0001:000E0A43  1690 0001:000E0A47
  1692 0001:000E0A5B  1693 0001:000E0A81  1696 0001:000E0AB6  1698 0001:000E0ACE
  1700 0001:000E0AF4  1702 0001:000E0B1A  1703 0001:000E0B34  1704 0001:000E0B4D
  1708 0001:000E0B68  1709 0001:000E0B6C  1710 0001:000E0B70  1711 0001:000E0B74
  1716 0001:000E0BA4  1717 0001:000E0BBA  1718 0001:000E0BC5  1719 0001:000E0BDD
  1721 0001:000E0BFA  1722 0001:000E0C11  1725 0001:000E0C28  1729 0001:000E0C57
  1730 0001:000E0C64  1731 0001:000E0C71  1732 0001:000E0C7E  1733 0001:000E0C8B
  1736 0001:000E0C98  1737 0001:000E0CE9  1738 0001:000E0D3A  1739 0001:000E0D8B
  1740 0001:000E0DD9  1742 0001:000E0E25  1743 0001:000E0E5C  1752 0001:000E0EA8
  1753 0001:000E0EDB  1754 0001:000E0EF8  1755 0001:000E0F0C  1757 0001:000E0F26
  1758 0001:000E0F3F  1759 0001:000E0F41  1754 0001:000E0F42  1761 0001:000E0F45
  1762 0001:000E0F57  1764 0001:000E0F79  1766 0001:000E0F93  1767 0001:000E0FA7
  1768 0001:000E0FBC  1770 0001:000E0FE2  1772 0001:000E100A  1773 0001:000E1049
  1777 0001:000E1054  1778 0001:000E1062  1783 0001:000E1064  1784 0001:000E1080
  1785 0001:000E10AD  1786 0001:000E10D8  1787 0001:000E1100  1788 0001:000E1128
  1791 0001:000E115D  1792 0001:000E1179  1794 0001:000E1186  1795 0001:000E11A9
  1796 0001:000E11C4  1797 0001:000E11E2  1798 0001:000E1200  1799 0001:000E121E
  1802 0001:000E123C  1803 0001:000E126E  1804 0001:000E12A3  1805 0001:000E12D8
  1806 0001:000E130D  1810 0001:000E1346  1811 0001:000E136A  1812 0001:000E1385
  1813 0001:000E13A3  1814 0001:000E13C1  1815 0001:000E13DF  1818 0001:000E13FD
  1819 0001:000E1429  1822 0001:000E14C0  1823 0001:000E14C3  1825 0001:000E14D4
  1828 0001:000E14DD  1829 0001:000E14EE  1831 0001:000E14F7  1832 0001:000E1508
  1833 0001:000E150F  1839 0001:000E154C  1840 0001:000E1567  1864 0001:000E160B
  1866 0001:000E1611  1867 0001:000E1618  1868 0001:000E1628  1869 0001:000E162F
  1870 0001:000E1644  1871 0001:000E164B  1872 0001:000E1659  1874 0001:000E1660
  1877 0001:000E1667  1879 0001:000E16A4  1880 0001:000E16A5  1875 0001:000E16B0
  1882 0001:000E16BF  1883 0001:000E16EC  1889 0001:000E1A14  1890 0001:000E1A2F
  1914 0001:000E1AD3  1916 0001:000E1AD9  1917 0001:000E1AE0  1918 0001:000E1AF0
  1919 0001:000E1AF7  1920 0001:000E1B0C  1921 0001:000E1B13  1922 0001:000E1B21
  1924 0001:000E1B28  1927 0001:000E1B2F  1929 0001:000E1B6C  1930 0001:000E1B6D
  1925 0001:000E1B78  1932 0001:000E1B87  1933 0001:000E1BB4  1936 0001:000E1EDC
  1937 0001:000E1EF8  1938 0001:000E1F05  1940 0001:000E1F12  1941 0001:000E1F1D
  1943 0001:000E1F46  1944 0001:000E1F4E  1945 0001:000E1F59  1946 0001:000E1F5E
  1947 0001:000E1F67  1948 0001:000E1F92  1951 0001:000E1FA8  1952 0001:000E1FAE
  1954 0001:000E1FB7  1957 0001:000E1FCE  1958 0001:000E1FE7  1962 0001:000E1FEA
  1963 0001:000E1FF9  1965 0001:000E200D  1966 0001:000E201B  1967 0001:000E202B
  1969 0001:000E203B  1970 0001:000E2044  1974 0001:000E20D4  1975 0001:000E20E1
  1979 0001:000E20E4  1980 0001:000E20ED  1984 0001:000E2102  1985 0001:000E2109
  1986 0001:000E211B  1988 0001:000E2122  1992 0001:000E213F  1993 0001:000E2146
  1994 0001:000E2153  1996 0001:000E2158  2003 0001:000E2160  2004 0001:000E218F
  2006 0001:000E2195  2007 0001:000E21AE  2008 0001:000E21C4  2011 0001:000E21DD
  2012 0001:000E21F1  2015 0001:000E2205  2017 0001:000E2209  2019 0001:000E221D
  2020 0001:000E2243  2023 0001:000E2278  2025 0001:000E2290  2027 0001:000E22B6
  2029 0001:000E22DC  2030 0001:000E22F6  2031 0001:000E230F  2035 0001:000E232A
  2036 0001:000E232E  2037 0001:000E2332  2038 0001:000E2336  2041 0001:000E2383
  2044 0001:000E2390  2045 0001:000E23A6  2047 0001:000E23C5  2048 0001:000E23D2
  2050 0001:000E23FF  2056 0001:000E241C  2057 0001:000E2434  2058 0001:000E2438
  2060 0001:000E243D  2061 0001:000E2452  2062 0001:000E248A  2063 0001:000E2495
  2065 0001:000E24CE  2069 0001:000E2508  2070 0001:000E250D  2074 0001:000E2510
  2075 0001:000E2513  2077 0001:000E25BC  2077 0001:000E25C3

Line numbers for PED1020D(D:\source\3Tier\Esrc\PED1020D\PED1020D.DPR) segment .text

     9 0001:000E2B2C    10 0001:000E2B3C    11 0001:000E2B48    12 0001:000E2B59
    13 0001:000E2B71    14 0001:000E2B89    15 0001:000E2B95

Bound resource files

c:\program files\borland\delphi4\Lib\CONTROLS.RES
c:\program files\borland\delphi4\Lib\BUTTONS.RES
c:\program files\borland\delphi4\Lib\DBCTRLS.RES
c:\program files\borland\delphi4\Lib\DBGRIDS.RES
C:\insa\CompLib\UserComp\DBGRIDEH.RES
C:\insa\CompLib\Onitek4\OnEdit.res
C:\insa\CompLib\Onitek4\OnCursor.res
C:\insa\CompLib\Onitek4\OnButton.res
c:\insa\complib\tmax4\TmaxCursors.res
c:\program files\borland\delphi4\Lib\DBPWDlg.DFM
c:\program files\borland\delphi4\Lib\DBLogDlg.DFM
C:\insa\CompLib\Onitek4\OnDateButton.res
C:\insa\CompLib\Onitek4\OnGrgrid.res
C:\insa\CompLib\Onitek4\mis\OnInsaBtn.RES
C:\insa\CompLib\Onitek4\mis\OnTmaxCodeEdit.DFM
C:\insa\CompLib\Onitek4\mis\OnTmaxDeptEdit.DFM
C:\insa\CompLib\Onitek4\mis\OnTmaxPersonEdit.DFM
C:\insa\CompLib\PeComp\Pebtnedit.Res
C:\insa\CompLib\PeComp\peextcomboedit.Res
C:\insa\CompLib\PeComp\pecodeform.DFM
C:\insa\CompLib\PeComp\Pecodebtnedit.Res
C:\insa\CompLib\OraNet4\DBAccess.res
C:\insa\CompLib\OraNet4\ConnectForm.dfm
C:\insa\CompLib\OraNet4\Ora.res
c:\program files\borland\delphi4\Lib\FileCtrl.RES
C:\insa\CompLib\PeComp\pedeptform.DFM
C:\insa\CompLib\PeComp\Pedeptbtnedit.Res
C:\insa\CompLib\PeComp\pevalueform.DFM
C:\insa\CompLib\PeComp\Pevaluerbtnedit.Res
C:\insa\CompLib\PeComp\peempnoform.DFM
C:\insa\CompLib\PeComp\PeEmpnobtnedit.Res
C:\insa\CompLib\PeComp\PeDblbtnedit.Res
C:\insa\CompLib\PeComp\peextdblbtnedit.Res
C:\insa\CompLib\Onitek4\OnSkinBtn.RES
C:\insa\CompLib\UserLib2\TmaxFunc.DFM
C:\insa\CompLib\Onitek4\OnDBGrid.res
HMainForm.DFM
Hinsa_TmaxDM.DFM
HSubForm.DFM
PED1020D.RES
PED1020D.drf


Program entry point at 0001:000E2B2C
