
 Start         Length     Name                   Class
 0001:00000000 000C111CH .text                   CODE
 0002:00000000 00002E8CH .data                   DATA
 0002:00002E8C 00000FE1H .bss                    BSS


Detailed map of segments

 0001:00000000 000059D0 C=CODE     S=.text    G=(none)   M=System   ACBP=A9
 0001:000059D0 00000174 C=CODE     S=.text    G=(none)   M=SysInit  ACBP=A9
 0001:00005B44 00000CD8 C=CODE     S=.text    G=(none)   M=Windows  ACBP=A9
 0001:0000681C 00000038 C=CODE     S=.text    G=(none)   M=Messages ACBP=A9
 0001:00006854 00000308 C=CODE     S=.text    G=(none)   M=SysConst ACBP=A9
 0001:00006B5C 00006270 C=CODE     S=.text    G=(none)   M=SysUtils ACBP=A9
 0001:0000CDCC 000000D8 C=CODE     S=.text    G=(none)   M=ActiveX  ACBP=A9
 0001:0000CEA4 00000408 C=CODE     S=.text    G=(none)   M=Consts   ACBP=A9
 0001:0000D2AC 00000544 C=CODE     S=.text    G=(none)   M=TypInfo  ACBP=A9
 0001:0000D7F0 00008821 C=CODE     S=.text    G=(none)   M=Classes  ACBP=A9
 0001:00016014 00009047 C=CODE     S=.text    G=(none)   M=Graphics ACBP=A9
 0001:0001F05C 00000190 C=CODE     S=.text    G=(none)   M=Commctrl ACBP=A9
 0001:0001F1EC 00000783 C=CODE     S=.text    G=(none)   M=MultiMon ACBP=A9
 0001:0001F970 00000048 C=CODE     S=.text    G=(none)   M=Imm      ACBP=A9
 0001:0001F9B8 00000048 C=CODE     S=.text    G=(none)   M=Math     ACBP=A9
 0001:0001FA00 00000038 C=CODE     S=.text    G=(none)   M=WinSpool ACBP=A9
 0001:0001FA38 00000044 C=CODE     S=.text    G=(none)   M=Printers ACBP=A9
 0001:0001FA7C 0000031F C=CODE     S=.text    G=(none)   M=FlatSB   ACBP=A9
 0001:0001FD9C 00002E74 C=CODE     S=.text    G=(none)   M=StdCtrls ACBP=A9
 0001:00022C10 00000674 C=CODE     S=.text    G=(none)   M=Clipbrd  ACBP=A9
 0001:00023284 0000015C C=CODE     S=.text    G=(none)   M=StdActns ACBP=A9
 0001:000233E0 0000F1EB C=CODE     S=.text    G=(none)   M=Controls ACBP=A9
 0001:000325CC 00000E1C C=CODE     S=.text    G=(none)   M=ActnList ACBP=A9
 0001:000333E8 0000163C C=CODE     S=.text    G=(none)   M=ImgList  ACBP=A9
 0001:00034A24 00004546 C=CODE     S=.text    G=(none)   M=Menus    ACBP=A9
 0001:00038F6C 0000C26F C=CODE     S=.text    G=(none)   M=Forms    ACBP=A9
 0001:000451DC 00000048 C=CODE     S=.text    G=(none)   M=CommDlg  ACBP=A9
 0001:00045224 000029C0 C=CODE     S=.text    G=(none)   M=ExtCtrls ACBP=A9
 0001:00047BE4 00000038 C=CODE     S=.text    G=(none)   M=Dlgs     ACBP=A9
 0001:00047C1C 00001E01 C=CODE     S=.text    G=(none)   M=Dialogs  ACBP=A9
 0001:00049A20 00000038 C=CODE     S=.text    G=(none)   M=RichEdit ACBP=A9
 0001:00049A58 00000038 C=CODE     S=.text    G=(none)   M=ToolWin  ACBP=A9
 0001:00049A90 00000038 C=CODE     S=.text    G=(none)   M=ComStrs  ACBP=A9
 0001:00049AC8 000018C0 C=CODE     S=.text    G=(none)   M=ComCtrls ACBP=A9
 0001:0004B388 000000F5 C=CODE     S=.text    G=(none)   M=Buttons  ACBP=A9
 0001:0004B480 00000060 C=CODE     S=.text    G=(none)   M=OnCommon ACBP=A9
 0001:0004B4E0 000017C8 C=CODE     S=.text    G=(none)   M=OnEditUtils ACBP=A9
 0001:0004CCA8 00001CDC C=CODE     S=.text    G=(none)   M=OnScheme ACBP=A9
 0001:0004E984 00000160 C=CODE     S=.text    G=(none)   M=OnCursors ACBP=A9
 0001:0004EAE4 000010A0 C=CODE     S=.text    G=(none)   M=OnFocusButton ACBP=A9
 0001:0004FB84 00000068 C=CODE     S=.text    G=(none)   M=IniFiles ACBP=A9
 0001:0004FBEC 000005EC C=CODE     S=.text    G=(none)   M=Registry ACBP=A9
 0001:000501D8 00000038 C=CODE     S=.text    G=(none)   M=ShellAPI ACBP=A9
 0001:00050210 00000038 C=CODE     S=.text    G=(none)   M=TLHelp32 ACBP=A9
 0001:00050248 000001CC C=CODE     S=.text    G=(none)   M=OnRegistry ACBP=A9
 0001:00050414 000001B0 C=CODE     S=.text    G=(none)   M=OnOneInstance ACBP=A9
 0001:000505C4 000003C4 C=CODE     S=.text    G=(none)   M=DsgnIntf ACBP=A9
 0001:00050988 000000A0 C=CODE     S=.text    G=(none)   M=Tmax_atmi ACBP=A9
 0001:00050A28 00000228 C=CODE     S=.text    G=(none)   M=DbConsts ACBP=A9
 0001:00050C50 000029F8 C=CODE     S=.text    G=(none)   M=Mask     ACBP=A9
 0001:00053648 0000D574 C=CODE     S=.text    G=(none)   M=Db       ACBP=A9
 0001:00060BBC 000016A0 C=CODE     S=.text    G=(none)   M=Tmax_common ACBP=A9
 0001:0006225C 000001A0 C=CODE     S=.text    G=(none)   M=TmaxCursors ACBP=A9
 0001:000623FC 00001A08 C=CODE     S=.text    G=(none)   M=Tmax_session ACBP=A9
 0001:00063E04 00000038 C=CODE     S=.text    G=(none)   M=OnLineLabel ACBP=A9
 0001:00063E3C 00000B98 C=CODE     S=.text    G=(none)   M=OnShapeLabel ACBP=A9
 0001:000649D4 00002918 C=CODE     S=.text    G=(none)   M=OnEditBaseCtrl ACBP=A9
 0001:000672EC 000003C8 C=CODE     S=.text    G=(none)   M=OnStringUtils ACBP=A9
 0001:000676B4 00006294 C=CODE     S=.text    G=(none)   M=OnEditStdCtrl ACBP=A9
 0001:0006D948 00000038 C=CODE     S=.text    G=(none)   M=OnEditBtnCtrl ACBP=A9
 0001:0006D980 00008E3C C=CODE     S=.text    G=(none)   M=Grids    ACBP=A9
 0001:000767BC 000000C0 C=CODE     S=.text    G=(none)   M=DBCtrls  ACBP=A9
 0001:0007687C 00000038 C=CODE     S=.text    G=(none)   M=DBGrids  ACBP=A9
 0001:000768B4 00000050 C=CODE     S=.text    G=(none)   M=jconsts  ACBP=A9
 0001:00076904 00013810 C=CODE     S=.text    G=(none)   M=jpeg     ACBP=A9
 0001:0008A114 00000040 C=CODE     S=.text    G=(none)   M=MMSystem ACBP=A9
 0001:0008A154 0000EED0 C=CODE     S=.text    G=(none)   M=OnGifimage ACBP=A9
 0001:00099024 00000038 C=CODE     S=.text    G=(none)   M=OnGraphicLib ACBP=A9
 0001:0009905C 00000038 C=CODE     S=.text    G=(none)   M=OnGrDBGrid ACBP=A9
 0001:00099094 00000038 C=CODE     S=.text    G=(none)   M=OnInsaRes ACBP=A9
 0001:000990CC 00000038 C=CODE     S=.text    G=(none)   M=Tmax_fdl ACBP=A9
 0001:00099104 000052D4 C=CODE     S=.text    G=(none)   M=Tmax_DataSetText ACBP=A9
 0001:0009E3D8 00000038 C=CODE     S=.text    G=(none)   M=OnTmaxPersonEdit ACBP=A9
 0001:0009E410 00002830 C=CODE     S=.text    G=(none)   M=OnEditNumCtl ACBP=A9
 0001:000A0C40 00001174 C=CODE     S=.text    G=(none)   M=OnSkinBtn ACBP=A9
 0001:000A1DB4 00000038 C=CODE     S=.text    G=(none)   M=pegraphic ACBP=A9
 0001:000A1DEC 00000038 C=CODE     S=.text    G=(none)   M=pemaxmin ACBP=A9
 0001:000A1E24 00000038 C=CODE     S=.text    G=(none)   M=PeJeonLabel ACBP=A9
 0001:000A1E5C 00003D04 C=CODE     S=.text    G=(none)   M=Bde      ACBP=A9
 0001:000A5B60 0000338C C=CODE     S=.text    G=(none)   M=DBCommon ACBP=A9
 0001:000A8EEC 00000068 C=CODE     S=.text    G=(none)   M=SMIntf   ACBP=A9
 0001:000A8F54 00000068 C=CODE     S=.text    G=(none)   M=StdVCL   ACBP=A9
 0001:000A8FBC 00000038 C=CODE     S=.text    G=(none)   M=DBPWDlg  ACBP=A9
 0001:000A8FF4 000003CC C=CODE     S=.text    G=(none)   M=DBLogDlg ACBP=A9
 0001:000A93C0 000000E8 C=CODE     S=.text    G=(none)   M=BdeConst ACBP=A9
 0001:000A94A8 000096E0 C=CODE     S=.text    G=(none)   M=DBTables ACBP=A9
 0001:000B2B88 00000038 C=CODE     S=.text    G=(none)   M=OnEditMemo ACBP=A9
 0001:000B2BC0 00000038 C=CODE     S=.text    G=(none)   M=OnEditCombo ACBP=A9
 0001:000B2BF8 000000A8 C=CODE     S=.text    G=(none)   M=OnCalendarUtil ACBP=A9
 0001:000B2CA0 000000AB C=CODE     S=.text    G=(none)   M=OnPopupCalendar ACBP=A9
 0001:000B2D4C 000000E0 C=CODE     S=.text    G=(none)   M=OnEditMdate ACBP=A9
 0001:000B2E2C 00000054 C=CODE     S=.text    G=(none)   M=OnPopupEdit ACBP=A9
 0001:000B2E80 000000C3 C=CODE     S=.text    G=(none)   M=CheckLst ACBP=A9
 0001:000B2F44 00000038 C=CODE     S=.text    G=(none)   M=OnListbox ACBP=A9
 0001:000B2F7C 00000038 C=CODE     S=.text    G=(none)   M=OnCheckBox ACBP=A9
 0001:000B2FB4 00000038 C=CODE     S=.text    G=(none)   M=OnTmaxCodeEdit ACBP=A9
 0001:000B2FEC 00000038 C=CODE     S=.text    G=(none)   M=OnTmaxDeptEdit ACBP=A9
 0001:000B3024 000003C4 C=CODE     S=.text    G=(none)   M=OnInsaCommon ACBP=A9
 0001:000B33E8 00000078 C=CODE     S=.text    G=(none)   M=OnTmaxInsaData ACBP=A9
 0001:000B3460 00000038 C=CODE     S=.text    G=(none)   M=kpaylib  ACBP=A9
 0001:000B3498 00000038 C=CODE     S=.text    G=(none)   M=OnDBGridEdit ACBP=A9
 0001:000B34D0 000000E7 C=CODE     S=.text    G=(none)   M=OnDBGrid ACBP=A9
 0001:000B35B8 00000038 C=CODE     S=.text    G=(none)   M=Tmax_DmlSet ACBP=A9
 0001:000B35F0 00000050 C=CODE     S=.text    G=(none)   M=ComConst ACBP=A9
 0001:000B3640 00000E69 C=CODE     S=.text    G=(none)   M=ComObj   ACBP=A9
 0001:000B44AC 000007CF C=CODE     S=.text    G=(none)   M=AxCtrls  ACBP=A9
 0001:000B4C7C 00000038 C=CODE     S=.text    G=(none)   M=OleConst ACBP=A9
 0001:000B4CB4 00000038 C=CODE     S=.text    G=(none)   M=OleCtrls ACBP=A9
 0001:000B4CEC 00000038 C=CODE     S=.text    G=(none)   M=NotesHana_TLB ACBP=A9
 0001:000B4D24 00000038 C=CODE     S=.text    G=(none)   M=Datelib  ACBP=A9
 0001:000B4D5C 00000038 C=CODE     S=.text    G=(none)   M=codetext ACBP=A9
 0001:000B4D94 00000038 C=CODE     S=.text    G=(none)   M=Pass     ACBP=A9
 0001:000B4DCC 00000038 C=CODE     S=.text    G=(none)   M=WinSock  ACBP=A9
 0001:000B4E04 00000038 C=CODE     S=.text    G=(none)   M=SyncObjs ACBP=A9
 0001:000B4E3C 00000038 C=CODE     S=.text    G=(none)   M=ScktComp ACBP=A9
 0001:000B4E74 00000038 C=CODE     S=.text    G=(none)   M=RegStr   ACBP=A9
 0001:000B4EAC 00000038 C=CODE     S=.text    G=(none)   M=WinInet  ACBP=A9
 0001:000B4EE4 00000038 C=CODE     S=.text    G=(none)   M=UrlMon   ACBP=A9
 0001:000B4F1C 00000038 C=CODE     S=.text    G=(none)   M=ShlObj   ACBP=A9
 0001:000B4F54 00000038 C=CODE     S=.text    G=(none)   M=FileCtrl ACBP=A9
 0001:000B4F8C 00000038 C=CODE     S=.text    G=(none)   M=CRParser ACBP=A9
 0001:000B4FC4 00000038 C=CODE     S=.text    G=(none)   M=DAConsts ACBP=A9
 0001:000B4FFC 0000011C C=CODE     S=.text    G=(none)   M=MemData  ACBP=A9
 0001:000B5118 00000038 C=CODE     S=.text    G=(none)   M=MemDS    ACBP=A9
 0001:000B5150 00000038 C=CODE     S=.text    G=(none)   M=CRAccess ACBP=A9
 0001:000B5188 00000041 C=CODE     S=.text    G=(none)   M=DASQLMonitor ACBP=A9
 0001:000B51CC 000001A0 C=CODE     S=.text    G=(none)   M=DBAccess ACBP=A9
 0001:000B536C 00000038 C=CODE     S=.text    G=(none)   M=OraError ACBP=A9
 0001:000B53A4 00000918 C=CODE     S=.text    G=(none)   M=OraCall  ACBP=A9
 0001:000B5CBC 00000074 C=CODE     S=.text    G=(none)   M=OraCrypt ACBP=A9
 0001:000B5D30 00000250 C=CODE     S=.text    G=(none)   M=OraParser ACBP=A9
 0001:000B5F80 00000038 C=CODE     S=.text    G=(none)   M=OraNet   ACBP=A9
 0001:000B5FB8 00000038 C=CODE     S=.text    G=(none)   M=OraConsts ACBP=A9
 0001:000B5FF0 00000038 C=CODE     S=.text    G=(none)   M=OraObjects ACBP=A9
 0001:000B6028 00000041 C=CODE     S=.text    G=(none)   M=OraClasses ACBP=A9
 0001:000B606C 00000038 C=CODE     S=.text    G=(none)   M=ConnectForm ACBP=A9
 0001:000B60A4 00000038 C=CODE     S=.text    G=(none)   M=OraSQLMonitor ACBP=A9
 0001:000B60DC 00000998 C=CODE     S=.text    G=(none)   M=Ora      ACBP=A9
 0001:000B6A74 00000038 C=CODE     S=.text    G=(none)   M=OraAlerter ACBP=A9
 0001:000B6AAC 00000070 C=CODE     S=.text    G=(none)   M=OraSmart ACBP=A9
 0001:000B6B1C 0000073C C=CODE     S=.text    G=(none)   M=Func     ACBP=A9
 0001:000B7258 000005C4 C=CODE     S=.text    G=(none)   M=TmaxFunc ACBP=A9
 0001:000B781C 000093E0 C=CODE     S=.text    G=(none)   M=HMainForm ACBP=A9
 0001:000C0BFC 00000520 C=CODE     S=.text    G=(none)   M=PET1010B ACBP=A9
 0002:00000000 000000FE C=DATA     S=.data    G=DGROUP   M=System   ACBP=A9
 0002:00000100 00000018 C=DATA     S=.data    G=DGROUP   M=SysInit  ACBP=A9
 0002:00000118 00000240 C=DATA     S=.data    G=DGROUP   M=SysUtils ACBP=A9
 0002:00000358 00000010 C=DATA     S=.data    G=DGROUP   M=ActiveX  ACBP=A9
 0002:00000368 00000010 C=DATA     S=.data    G=DGROUP   M=TypInfo  ACBP=A9
 0002:00000378 0000009C C=DATA     S=.data    G=DGROUP   M=Classes  ACBP=A9
 0002:00000414 000002BC C=DATA     S=.data    G=DGROUP   M=Graphics ACBP=A9
 0002:000006D0 00000004 C=DATA     S=.data    G=DGROUP   M=Printers ACBP=A9
 0002:000006D4 0000004C C=DATA     S=.data    G=DGROUP   M=StdCtrls ACBP=A9
 0002:00000720 00000128 C=DATA     S=.data    G=DGROUP   M=Controls ACBP=A9
 0002:00000848 00000020 C=DATA     S=.data    G=DGROUP   M=ImgList  ACBP=A9
 0002:00000868 000000D8 C=DATA     S=.data    G=DGROUP   M=Menus    ACBP=A9
 0002:00000940 00000148 C=DATA     S=.data    G=DGROUP   M=Forms    ACBP=A9
 0002:00000A88 00000014 C=DATA     S=.data    G=DGROUP   M=ExtCtrls ACBP=A9
 0002:00000A9C 00000104 C=DATA     S=.data    G=DGROUP   M=Dialogs  ACBP=A9
 0002:00000BA0 00000028 C=DATA     S=.data    G=DGROUP   M=ComCtrls ACBP=A9
 0002:00000BC8 0000002C C=DATA     S=.data    G=DGROUP   M=Buttons  ACBP=A9
 0002:00000BF4 00000040 C=DATA     S=.data    G=DGROUP   M=OnEditUtils ACBP=A9
 0002:00000C34 00000008 C=DATA     S=.data    G=DGROUP   M=IniFiles ACBP=A9
 0002:00000C3C 00000008 C=DATA     S=.data    G=DGROUP   M=Registry ACBP=A9
 0002:00000C44 00000004 C=DATA     S=.data    G=DGROUP   M=OnOneInstance ACBP=A9
 0002:00000C48 0000003C C=DATA     S=.data    G=DGROUP   M=DsgnIntf ACBP=A9
 0002:00000C84 00000010 C=DATA     S=.data    G=DGROUP   M=Mask     ACBP=A9
 0002:00000C94 00000136 C=DATA     S=.data    G=DGROUP   M=Db       ACBP=A9
 0002:00000DCC 00000074 C=DATA     S=.data    G=DGROUP   M=OnEditStdCtrl ACBP=A9
 0002:00000E40 00000006 C=DATA     S=.data    G=DGROUP   M=Grids    ACBP=A9
 0002:00000E48 00000028 C=DATA     S=.data    G=DGROUP   M=DBCtrls  ACBP=A9
 0002:00000E70 000008F8 C=DATA     S=.data    G=DGROUP   M=jpeg     ACBP=A9
 0002:00001768 00000103 C=DATA     S=.data    G=DGROUP   M=OnGifimage ACBP=A9
 0002:0000186C 00000004 C=DATA     S=.data    G=DGROUP   M=Tmax_DataSetText ACBP=A9
 0002:00001870 00000C50 C=DATA     S=.data    G=DGROUP   M=Bde      ACBP=A9
 0002:000024C0 000000B4 C=DATA     S=.data    G=DGROUP   M=DBCommon ACBP=A9
 0002:00002574 00000010 C=DATA     S=.data    G=DGROUP   M=SMIntf   ACBP=A9
 0002:00002584 0000004C C=DATA     S=.data    G=DGROUP   M=DBTables ACBP=A9
 0002:000025D0 0000001C C=DATA     S=.data    G=DGROUP   M=OnPopupCalendar ACBP=A9
 0002:000025EC 00000004 C=DATA     S=.data    G=DGROUP   M=OnInsaCommon ACBP=A9
 0002:000025F0 00000004 C=DATA     S=.data    G=DGROUP   M=OnTmaxInsaData ACBP=A9
 0002:000025F4 00000024 C=DATA     S=.data    G=DGROUP   M=OnDBGrid ACBP=A9
 0002:00002618 0000002C C=DATA     S=.data    G=DGROUP   M=ComObj   ACBP=A9
 0002:00002644 00000014 C=DATA     S=.data    G=DGROUP   M=DBAccess ACBP=A9
 0002:00002658 00000080 C=DATA     S=.data    G=DGROUP   M=Ora      ACBP=A9
 0002:000026D8 000001F4 C=DATA     S=.data    G=DGROUP   M=Func     ACBP=A9
 0002:00003000 000004D0 C=BSS      S=.bss     G=DGROUP   M=System   ACBP=A9
 0002:000034D0 00000018 C=BSS      S=.bss     G=DGROUP   M=SysInit  ACBP=A9
 0002:000034E8 00000004 C=BSS      S=.bss     G=DGROUP   M=Windows  ACBP=A9
 0002:000034EC 00000004 C=BSS      S=.bss     G=DGROUP   M=Messages ACBP=A9
 0002:000034F0 00000004 C=BSS      S=.bss     G=DGROUP   M=SysConst ACBP=A9
 0002:000034F4 00000114 C=BSS      S=.bss     G=DGROUP   M=SysUtils ACBP=A9
 0002:00003608 00000004 C=BSS      S=.bss     G=DGROUP   M=ActiveX  ACBP=A9
 0002:0000360C 00000004 C=BSS      S=.bss     G=DGROUP   M=Consts   ACBP=A9
 0002:00003610 00000004 C=BSS      S=.bss     G=DGROUP   M=TypInfo  ACBP=A9
 0002:00003614 00000024 C=BSS      S=.bss     G=DGROUP   M=Classes  ACBP=A9
 0002:00003638 00000060 C=BSS      S=.bss     G=DGROUP   M=Graphics ACBP=A9
 0002:00003698 0000000C C=BSS      S=.bss     G=DGROUP   M=Commctrl ACBP=A9
 0002:000036A4 00000031 C=BSS      S=.bss     G=DGROUP   M=MultiMon ACBP=A9
 0002:000036D8 00000004 C=BSS      S=.bss     G=DGROUP   M=Imm      ACBP=A9
 0002:000036DC 00000004 C=BSS      S=.bss     G=DGROUP   M=Math     ACBP=A9
 0002:000036E0 00000004 C=BSS      S=.bss     G=DGROUP   M=WinSpool ACBP=A9
 0002:000036E4 00000004 C=BSS      S=.bss     G=DGROUP   M=Printers ACBP=A9
 0002:000036E8 00000034 C=BSS      S=.bss     G=DGROUP   M=FlatSB   ACBP=A9
 0002:0000371C 00000004 C=BSS      S=.bss     G=DGROUP   M=StdCtrls ACBP=A9
 0002:00003720 0000000C C=BSS      S=.bss     G=DGROUP   M=Clipbrd  ACBP=A9
 0002:0000372C 00000004 C=BSS      S=.bss     G=DGROUP   M=StdActns ACBP=A9
 0002:00003730 00000070 C=BSS      S=.bss     G=DGROUP   M=Controls ACBP=A9
 0002:000037A0 00000004 C=BSS      S=.bss     G=DGROUP   M=ActnList ACBP=A9
 0002:000037A4 00000004 C=BSS      S=.bss     G=DGROUP   M=ImgList  ACBP=A9
 0002:000037A8 0000000C C=BSS      S=.bss     G=DGROUP   M=Menus    ACBP=A9
 0002:000037B4 00000044 C=BSS      S=.bss     G=DGROUP   M=Forms    ACBP=A9
 0002:000037F8 00000004 C=BSS      S=.bss     G=DGROUP   M=CommDlg  ACBP=A9
 0002:000037FC 00000004 C=BSS      S=.bss     G=DGROUP   M=ExtCtrls ACBP=A9
 0002:00003800 00000004 C=BSS      S=.bss     G=DGROUP   M=Dlgs     ACBP=A9
 0002:00003804 0000003C C=BSS      S=.bss     G=DGROUP   M=Dialogs  ACBP=A9
 0002:00003840 00000004 C=BSS      S=.bss     G=DGROUP   M=RichEdit ACBP=A9
 0002:00003844 00000004 C=BSS      S=.bss     G=DGROUP   M=ToolWin  ACBP=A9
 0002:00003848 00000004 C=BSS      S=.bss     G=DGROUP   M=ComStrs  ACBP=A9
 0002:0000384C 00000008 C=BSS      S=.bss     G=DGROUP   M=ComCtrls ACBP=A9
 0002:00003854 00000030 C=BSS      S=.bss     G=DGROUP   M=Buttons  ACBP=A9
 0002:00003884 00000004 C=BSS      S=.bss     G=DGROUP   M=OnCommon ACBP=A9
 0002:00003888 00000004 C=BSS      S=.bss     G=DGROUP   M=OnEditUtils ACBP=A9
 0002:0000388C 00000004 C=BSS      S=.bss     G=DGROUP   M=OnScheme ACBP=A9
 0002:00003890 0000000C C=BSS      S=.bss     G=DGROUP   M=OnCursors ACBP=A9
 0002:0000389C 00000004 C=BSS      S=.bss     G=DGROUP   M=OnFocusButton ACBP=A9
 0002:000038A0 00000004 C=BSS      S=.bss     G=DGROUP   M=IniFiles ACBP=A9
 0002:000038A4 00000004 C=BSS      S=.bss     G=DGROUP   M=Registry ACBP=A9
 0002:000038A8 00000004 C=BSS      S=.bss     G=DGROUP   M=ShellAPI ACBP=A9
 0002:000038AC 00000004 C=BSS      S=.bss     G=DGROUP   M=TLHelp32 ACBP=A9
 0002:000038B0 00000008 C=BSS      S=.bss     G=DGROUP   M=OnRegistry ACBP=A9
 0002:000038B8 00000004 C=BSS      S=.bss     G=DGROUP   M=OnOneInstance ACBP=A9
 0002:000038BC 00000004 C=BSS      S=.bss     G=DGROUP   M=DsgnIntf ACBP=A9
 0002:000038C0 00000004 C=BSS      S=.bss     G=DGROUP   M=Tmax_atmi ACBP=A9
 0002:000038C4 00000004 C=BSS      S=.bss     G=DGROUP   M=DbConsts ACBP=A9
 0002:000038C8 00000004 C=BSS      S=.bss     G=DGROUP   M=Mask     ACBP=A9
 0002:000038CC 00000004 C=BSS      S=.bss     G=DGROUP   M=Db       ACBP=A9
 0002:000038D0 00000004 C=BSS      S=.bss     G=DGROUP   M=Tmax_common ACBP=A9
 0002:000038D4 00000008 C=BSS      S=.bss     G=DGROUP   M=TmaxCursors ACBP=A9
 0002:000038DC 00000004 C=BSS      S=.bss     G=DGROUP   M=Tmax_session ACBP=A9
 0002:000038E0 00000004 C=BSS      S=.bss     G=DGROUP   M=OnLineLabel ACBP=A9
 0002:000038E4 00000004 C=BSS      S=.bss     G=DGROUP   M=OnShapeLabel ACBP=A9
 0002:000038E8 00000004 C=BSS      S=.bss     G=DGROUP   M=OnEditBaseCtrl ACBP=A9
 0002:000038EC 00000004 C=BSS      S=.bss     G=DGROUP   M=OnStringUtils ACBP=A9
 0002:000038F0 00000004 C=BSS      S=.bss     G=DGROUP   M=OnEditStdCtrl ACBP=A9
 0002:000038F4 00000004 C=BSS      S=.bss     G=DGROUP   M=OnEditBtnCtrl ACBP=A9
 0002:000038F8 00000004 C=BSS      S=.bss     G=DGROUP   M=Grids    ACBP=A9
 0002:000038FC 00000004 C=BSS      S=.bss     G=DGROUP   M=DBCtrls  ACBP=A9
 0002:00003900 00000004 C=BSS      S=.bss     G=DGROUP   M=DBGrids  ACBP=A9
 0002:00003904 00000004 C=BSS      S=.bss     G=DGROUP   M=jconsts  ACBP=A9
 0002:00003908 00000004 C=BSS      S=.bss     G=DGROUP   M=jpeg     ACBP=A9
 0002:0000390C 00000004 C=BSS      S=.bss     G=DGROUP   M=MMSystem ACBP=A9
 0002:00003910 00000010 C=BSS      S=.bss     G=DGROUP   M=OnGifimage ACBP=A9
 0002:00003920 00000004 C=BSS      S=.bss     G=DGROUP   M=OnGraphicLib ACBP=A9
 0002:00003924 00000004 C=BSS      S=.bss     G=DGROUP   M=OnGrDBGrid ACBP=A9
 0002:00003928 00000004 C=BSS      S=.bss     G=DGROUP   M=OnInsaRes ACBP=A9
 0002:0000392C 00000004 C=BSS      S=.bss     G=DGROUP   M=Tmax_fdl ACBP=A9
 0002:00003930 00000004 C=BSS      S=.bss     G=DGROUP   M=Tmax_DataSetText ACBP=A9
 0002:00003934 00000004 C=BSS      S=.bss     G=DGROUP   M=OnTmaxPersonEdit ACBP=A9
 0002:00003938 00000004 C=BSS      S=.bss     G=DGROUP   M=OnEditNumCtl ACBP=A9
 0002:0000393C 00000004 C=BSS      S=.bss     G=DGROUP   M=OnSkinBtn ACBP=A9
 0002:00003940 00000004 C=BSS      S=.bss     G=DGROUP   M=pegraphic ACBP=A9
 0002:00003944 00000004 C=BSS      S=.bss     G=DGROUP   M=pemaxmin ACBP=A9
 0002:00003948 00000004 C=BSS      S=.bss     G=DGROUP   M=PeJeonLabel ACBP=A9
 0002:0000394C 0000001C C=BSS      S=.bss     G=DGROUP   M=Bde      ACBP=A9
 0002:00003968 00000004 C=BSS      S=.bss     G=DGROUP   M=DBCommon ACBP=A9
 0002:0000396C 00000004 C=BSS      S=.bss     G=DGROUP   M=SMIntf   ACBP=A9
 0002:00003970 00000004 C=BSS      S=.bss     G=DGROUP   M=StdVCL   ACBP=A9
 0002:00003974 00000004 C=BSS      S=.bss     G=DGROUP   M=DBPWDlg  ACBP=A9
 0002:00003978 00000004 C=BSS      S=.bss     G=DGROUP   M=DBLogDlg ACBP=A9
 0002:0000397C 00000004 C=BSS      S=.bss     G=DGROUP   M=BdeConst ACBP=A9
 0002:00003980 00000031 C=BSS      S=.bss     G=DGROUP   M=DBTables ACBP=A9
 0002:000039B4 00000004 C=BSS      S=.bss     G=DGROUP   M=OnEditMemo ACBP=A9
 0002:000039B8 00000004 C=BSS      S=.bss     G=DGROUP   M=OnEditCombo ACBP=A9
 0002:000039BC 00000004 C=BSS      S=.bss     G=DGROUP   M=OnCalendarUtil ACBP=A9
 0002:000039C0 00000004 C=BSS      S=.bss     G=DGROUP   M=OnPopupCalendar ACBP=A9
 0002:000039C4 00000004 C=BSS      S=.bss     G=DGROUP   M=OnEditMdate ACBP=A9
 0002:000039C8 00000008 C=BSS      S=.bss     G=DGROUP   M=OnPopupEdit ACBP=A9
 0002:000039D0 0000000C C=BSS      S=.bss     G=DGROUP   M=CheckLst ACBP=A9
 0002:000039DC 00000004 C=BSS      S=.bss     G=DGROUP   M=OnListbox ACBP=A9
 0002:000039E0 00000004 C=BSS      S=.bss     G=DGROUP   M=OnCheckBox ACBP=A9
 0002:000039E4 00000004 C=BSS      S=.bss     G=DGROUP   M=OnTmaxCodeEdit ACBP=A9
 0002:000039E8 00000004 C=BSS      S=.bss     G=DGROUP   M=OnTmaxDeptEdit ACBP=A9
 0002:000039EC 00000004 C=BSS      S=.bss     G=DGROUP   M=OnInsaCommon ACBP=A9
 0002:000039F0 00000004 C=BSS      S=.bss     G=DGROUP   M=OnTmaxInsaData ACBP=A9
 0002:000039F4 00000004 C=BSS      S=.bss     G=DGROUP   M=kpaylib  ACBP=A9
 0002:000039F8 00000004 C=BSS      S=.bss     G=DGROUP   M=OnDBGridEdit ACBP=A9
 0002:000039FC 00000004 C=BSS      S=.bss     G=DGROUP   M=OnDBGrid ACBP=A9
 0002:00003A00 00000004 C=BSS      S=.bss     G=DGROUP   M=Tmax_DmlSet ACBP=A9
 0002:00003A04 00000004 C=BSS      S=.bss     G=DGROUP   M=ComConst ACBP=A9
 0002:00003A08 00000011 C=BSS      S=.bss     G=DGROUP   M=ComObj   ACBP=A9
 0002:00003A1C 0000001C C=BSS      S=.bss     G=DGROUP   M=AxCtrls  ACBP=A9
 0002:00003A38 00000004 C=BSS      S=.bss     G=DGROUP   M=OleConst ACBP=A9
 0002:00003A3C 00000004 C=BSS      S=.bss     G=DGROUP   M=OleCtrls ACBP=A9
 0002:00003A40 00000004 C=BSS      S=.bss     G=DGROUP   M=NotesHana_TLB ACBP=A9
 0002:00003A44 00000004 C=BSS      S=.bss     G=DGROUP   M=Datelib  ACBP=A9
 0002:00003A48 00000004 C=BSS      S=.bss     G=DGROUP   M=codetext ACBP=A9
 0002:00003A4C 00000004 C=BSS      S=.bss     G=DGROUP   M=Pass     ACBP=A9
 0002:00003A50 00000004 C=BSS      S=.bss     G=DGROUP   M=WinSock  ACBP=A9
 0002:00003A54 00000004 C=BSS      S=.bss     G=DGROUP   M=SyncObjs ACBP=A9
 0002:00003A58 00000004 C=BSS      S=.bss     G=DGROUP   M=ScktComp ACBP=A9
 0002:00003A5C 00000004 C=BSS      S=.bss     G=DGROUP   M=RegStr   ACBP=A9
 0002:00003A60 00000004 C=BSS      S=.bss     G=DGROUP   M=WinInet  ACBP=A9
 0002:00003A64 00000004 C=BSS      S=.bss     G=DGROUP   M=UrlMon   ACBP=A9
 0002:00003A68 00000004 C=BSS      S=.bss     G=DGROUP   M=ShlObj   ACBP=A9
 0002:00003A6C 00000004 C=BSS      S=.bss     G=DGROUP   M=FileCtrl ACBP=A9
 0002:00003A70 00000004 C=BSS      S=.bss     G=DGROUP   M=CRParser ACBP=A9
 0002:00003A74 00000004 C=BSS      S=.bss     G=DGROUP   M=DAConsts ACBP=A9
 0002:00003A78 00000044 C=BSS      S=.bss     G=DGROUP   M=MemData  ACBP=A9
 0002:00003ABC 00000004 C=BSS      S=.bss     G=DGROUP   M=MemDS    ACBP=A9
 0002:00003AC0 00000004 C=BSS      S=.bss     G=DGROUP   M=CRAccess ACBP=A9
 0002:00003AC4 00000008 C=BSS      S=.bss     G=DGROUP   M=DASQLMonitor ACBP=A9
 0002:00003ACC 00000004 C=BSS      S=.bss     G=DGROUP   M=DBAccess ACBP=A9
 0002:00003AD0 00000004 C=BSS      S=.bss     G=DGROUP   M=OraError ACBP=A9
 0002:00003AD4 00000334 C=BSS      S=.bss     G=DGROUP   M=OraCall  ACBP=A9
 0002:00003E08 0000000C C=BSS      S=.bss     G=DGROUP   M=OraCrypt ACBP=A9
 0002:00003E14 00000090 C=BSS      S=.bss     G=DGROUP   M=OraParser ACBP=A9
 0002:00003EA4 00000004 C=BSS      S=.bss     G=DGROUP   M=OraNet   ACBP=A9
 0002:00003EA8 00000004 C=BSS      S=.bss     G=DGROUP   M=OraConsts ACBP=A9
 0002:00003EAC 00000004 C=BSS      S=.bss     G=DGROUP   M=OraObjects ACBP=A9
 0002:00003EB0 00000008 C=BSS      S=.bss     G=DGROUP   M=OraClasses ACBP=A9
 0002:00003EB8 00000004 C=BSS      S=.bss     G=DGROUP   M=ConnectForm ACBP=A9
 0002:00003EBC 00000004 C=BSS      S=.bss     G=DGROUP   M=OraSQLMonitor ACBP=A9
 0002:00003EC0 0000000C C=BSS      S=.bss     G=DGROUP   M=Ora      ACBP=A9
 0002:00003ECC 00000004 C=BSS      S=.bss     G=DGROUP   M=OraAlerter ACBP=A9
 0002:00003ED0 0000000C C=BSS      S=.bss     G=DGROUP   M=OraSmart ACBP=A9
 0002:00003EDC 000000E8 C=BSS      S=.bss     G=DGROUP   M=Func     ACBP=A9
 0002:00003FC4 00000008 C=BSS      S=.bss     G=DGROUP   M=TmaxFunc ACBP=A9
 0002:00003FCC 00000014 C=BSS      S=.bss     G=DGROUP   M=HMainForm ACBP=A9


  Address         Publics by Name

 0001:0007C030       .
 0001:0007E53C       .
 0002:00001308       .
 0002:00000F7C       .
 0001:00087AC0       .
 0001:000A1E7C       .
 0001:0007C5DC       .
 0001:00087198       .
 0001:0007FFA4       .
 0001:00086B10       .
 0002:000016A8       .
 0001:00083A98       .
 0001:00083984       .
 0002:00000FFC       .
 0002:000000BC       .
 0001:00088040       .
 0001:000862E0       .
 0001:0007D234       .
 0001:000894A8       .
 0001:0007BA44       .
 0001:0007842C       .
 0002:00000EEC       .
 0001:0007FCB0       .
 0001:00004E6C       .
 0001:00085DA4       .
 0002:00001108       .
 0001:0000C350       .
 0001:0007908C       .
 0002:00003950       .
 0001:000795F4       .
 0002:000023E4       .
 0001:00085C48       .
 0001:000A51E0       .
 0002:00001870       .
 0001:0007EC14       .
 0001:00085110       .
 0001:00081D48       .
 0001:0000514C       .
 0001:00079AB4       .
 0001:0007A1E8       .
 0002:00000EFC       .
 0001:0007AFB4       .
 0001:00084924       .
 0001:00080290       .
 0002:00003804       .01
 0002:00003EC8       .02
 0002:00003914       .02
 0002:00003A1C       .02
 0002:00003A50       .1
 0002:00003A4C       .1
 0002:00003A48       .1
 0002:00003A5C       .1
 0002:00003A44       .1
 0002:0000394C       .1
 0002:00003A60       .1
 0002:00003A64       .1
 0002:00003A68       .1
 0002:00003A38       .1
 0002:00003A74       .1
 0002:00003A04       .1
 0002:000038D0       .1
 0002:000038D8       .1
 0002:000038C4       .1
 0002:000039F4       .1
 0002:00003708       .1
 0002:000039EC       .1
 0002:00003940       .1
 0002:00003928       .1
 0002:00003920       .1
 0002:000038B4       .1
 0002:000038EC       .1
 0002:000038AC       .1
 0002:000038A8       .1
 0002:000039BC       .1
 0002:0000360C       .1
 0002:000036D8       .1
 0002:000036C4       .1
 0002:0000397C       .1
 0002:00003898       .1
 0002:00003970       .1
 0002:0000396C       .1
 0002:00003698       .1
 0002:00003884       .1
 0002:00003848       .1
 0002:00003EA8       .1
 0002:00003904       .1
 0002:00003840       .1
 0002:000034EC       .1
 0002:000034F0       .1
 0002:000034E0       .1
 0002:000037F8       .1
 0002:00003800       .1
 0002:00003944       .1
 0002:000035FC       .14
 0002:0000384C       .15
 0002:00003E14       .2
 0002:000039D0       .2
 0002:000036DC       .2
 0002:00003A40       .2
 0002:000039E0       .2
 0002:0000389C       .2
 0002:00003FC8       .2
 0002:00003AD0       .2
 0002:00003A70       .2
 0002:0000392C       .2
 0002:00003978       .2
 0002:0000393C       .2
 0002:000034E8       .2
 0002:00003974       .2
 0002:00003FDC       .2
 0002:00003948       .2
 0002:00003EBC       .2
 0002:000038B8       .2
 0002:00003724       .2
 0002:000038E4       .2
 0002:000038C0       .2
 0002:000038E0       .2
 0002:000039F0       .2
 0002:00003EB8       .2
 0002:00003888       .2
 0002:000038FC       .22
 0002:00003738       .22
 0002:000038CC       .25
 0002:00003DE8       .3
 0002:000037A4       .3
 0002:000036E4       .3
 0002:00003938       .3
 0002:00003608       .3
 0002:0000342C       .3
 0002:000039C0       .3
 0002:00003AC4       .3
 0002:00003610       .3
 0002:00003908       .3
 0002:000039DC       .3
 0002:000038DC       .3
 0002:00003854       .3
 0002:000036E0       .3
 0002:000037BC       .31
 0002:00003A7C       .31
 0002:0000372C       .31
 0002:0000398C       .32
 0002:0000371C       .32
 0002:000039B4       .4
 0002:00003968       .4
 0002:000039C4       .4
 0002:000038A0       .4
 0002:000039CC       .4
 0002:00003844       .4
 0002:000039E4       .4
 0002:000039E8       .4
 0002:00003A00       .4
 0002:0000388C       .4
 0002:00003934       .4
 0002:00003ABC       .4
 0002:00003A58       .41
 0002:000038A4       .5
 0002:00003924       .5
 0002:00003FC0       .5
 0002:00003A3C       .5
 0002:00003A6C       .5
 0002:000038F0       .51
 0002:00003A08       .51
 0002:000038BC       .53
 0002:000039B8       .6
 0002:000039F8       .6
 0002:000038C8       .6
 0002:00003A54       .6
 0002:00003ACC       .61
 0002:000037FC       .61
 0002:00003AC0       .7
 0002:000037A0       .7
 0002:0000390C       .7
 0002:000037A8       .7
 0002:000039FC       .71
 0002:00003930       .8
 0002:000038F4       .8
 0002:00003EAC       .8
 0002:00003EB4       .8
 0002:000038E8       .8
 0002:0000363C       .81
 0002:0000361C       .84
 0002:00003900       .9
 0002:000038F8       .9
 0001:00001980       @AbstractError
 0001:000021C4       @AfterConstruction
 0001:00005195       @Append
 0001:00001FFC       @AsClass
 0001:0000506E       @Assign
 0001:00001A9C       @AStrCmp
 0001:000021CC       @BeforeDestruction
 0001:00002048       @CallDynaInst
 0001:0000216C       @ClassCreate
 0001:000021BC       @ClassDestroy
 0001:00005110       @Close
 0001:00001898       @Copy
 0001:00003594       @CopyArray
 0001:00003478       @CopyRecord
 0001:000037E0       @DispInvokeError
 0001:0000369C       @Dispose
 0001:00002588       @DoneExcept
 0001:0000497C       @DynArrayAddRef
 0001:00004954       @DynArrayAsg
 0001:00004918       @DynArrayClear
 0001:00004758       @DynArrayHigh
 0001:00004750       @DynArrayLength
 0001:0000490C       @DynArraySetLength
 0001:0000267C       @ExceptionHandler
 0001:00001B0C       @FillChar
 0001:0000346C       @Finalize
 0001:0000338C       @FinalizeArray
 0001:00003360       @FinalizeRecord
 0001:00002060       @FindDynaInst
 0001:000050E9       @Flush
 0001:00001DA8       @FpuInit
 0001:00001CE4       @FpuMaskInit
 0001:000017B0       @FreeMem
 0001:00001798       @GetMem
 0001:00005A48       @GetTls
 0001:00002A24       @Halt
 0001:0000290C       @Halt0
 0001:000022D8       @HandleAnyException
 0001:000024E0       @HandleFinally
 0001:000023A8       @HandleOnException
 0001:00005AD8       @InitExe
 0001:00003354       @Initialize
 0001:000032C0       @InitializeArray
 0001:00003294       @InitializeRecord
 0001:0000284C       @InitImports
 0001:00002830       @InitResStringImports
 0001:0000286C       @InitWideStrings
 0001:00004DE4       @IntfAddRef
 0001:00004DB8       @IntfCast
 0001:00004D84       @IntfClear
 0001:00004D9C       @IntfCopy
 0001:00001FE4       @IsClass
 0001:00001CB4       @isNECWindows
 0001:000838F8       @jcopy_block_row
 0001:000838AC       @jcopy_sample_rows
 0001:0007D1A0       @jinit_1pass_quantizer
 0001:0007E41C       @jinit_2pass_quantizer
 0001:00086F4C       @jinit_color_converter
 0001:0007C410       @jinit_color_deconverter
 0001:00084874       @jinit_compress_master
 0001:00086A48       @jinit_c_coef_controller
 0001:00085D20       @jinit_c_main_controller
 0001:00085B80       @jinit_c_master_control
 0001:00086238       @jinit_c_prep_controller
 0001:00087938       @jinit_downsampler
 0001:0007FB9C       @jinit_d_coef_controller
 0001:0007EB34       @jinit_d_main_controller
 0001:0007FF10       @jinit_d_post_controller
 0001:00087FB0       @jinit_forward_dct
 0001:0007BA04       @jinit_huff_decoder
 0001:00089FE8       @jinit_huff_encoder
 0001:000795AC       @jinit_input_controller
 0001:00080214       @jinit_inverse_dct
 0001:00083828       @jinit_marker_reader
 0001:000850C4       @jinit_marker_writer
 0001:0007A1B0       @jinit_master_decompress
 0001:00078F5C       @jinit_memory_mgr
 0001:0007BFB0       @jinit_merged_upsampler
 0001:0007AF40       @jinit_phuff_decoder
 0001:00088AE8       @jinit_phuff_encoder
 0001:00080774       @jinit_upsampler
 0001:00083908       @jpeg_abort
 0001:0008396C       @jpeg_alloc_huff_table
 0001:00083954       @jpeg_alloc_quant_table
 0001:0008917C       @jpeg_fdct_float
 0001:00088F10       @jpeg_fdct_ifast
 0001:00088B2C       @jpeg_fdct_islow
 0001:0007B2EC       @jpeg_fill_bit_buffer
 0001:00079060       @jpeg_free_large
 0001:00079050       @jpeg_free_small
 0001:00089D2C       @jpeg_gen_optimal_table
 0001:00079058       @jpeg_get_large
 0001:00079048       @jpeg_get_small
 0001:0007B3FC       @jpeg_huff_decode
 0001:00081D0C       @jpeg_idct_1x1
 0001:00081B30       @jpeg_idct_2x2
 0001:0008179C       @jpeg_idct_4x4
 0001:0008098C       @jpeg_idct_float
 0001:00080DBC       @jpeg_idct_ifast
 0001:000811C8       @jpeg_idct_islow
 0001:00089674       @jpeg_make_c_derived_tbl
 0001:0007B0D4       @jpeg_make_d_derived_tbl
 0001:00079068       @jpeg_mem_available
 0001:00079084       @jpeg_mem_init
 0001:00079088       @jpeg_mem_term
 0001:00079074       @jpeg_open_backing_store
 0001:000836FC       @jpeg_resync_to_restart
 0001:000846A8       @jpeg_suppress_tables
 0001:00083894       @jround_up
 0001:00002EF0       @LStrAddRef
 0001:00002AE4       @LStrArrayClr
 0001:00002B14       @LStrAsg
 0001:00002D44       @LStrCat
 0001:00002D88       @LStrCat3
 0001:00002DFC       @LStrCatN
 0001:00002AC0       @LStrClr
 0001:00002E4C       @LStrCmp
 0001:00002F40       @LStrCopy
 0001:00002F80       @LStrDelete
 0001:00002CEC       @LStrFromArray
 0001:00002C64       @LStrFromChar
 0001:00002C74       @LStrFromPChar
 0001:00002BA4       @LStrFromPCharLen
 0001:00002CA4       @LStrFromPWChar
 0001:00002BD4       @LStrFromPWCharLen
 0001:00002CE0       @LStrFromString
 0001:00002D04       @LStrFromWStr
 0001:00002FC8       @LStrInsert
 0001:00002B58       @LStrLAsg
 0001:00002D3C       @LStrLen
 0001:000030D0       @LStrOfChar
 0001:00003024       @LStrPos
 0001:0000306C       @LStrSetLength
 0001:00002F00       @LStrToPChar
 0001:00002D18       @LStrToString
 0001:00003688       @New
 0001:00002B80       @NewAnsiString
 0001:00003238       @NewWideString
 0001:00003E14       @OleVarFromVar
 0001:00005314       @Pow10
 0001:00001A18       @PStrCmp
 0001:000019CC       @PStrCpy
 0001:0000199C       @PStrNCat
 0001:000019E8       @PStrNCpy
 0001:00002534       @RaiseAgain
 0001:00002518       @RaiseExcept
 0001:000017C8       @ReallocMem
 0001:00005187       @ResetText
 0001:0000518E       @RewritText
 0001:00001958       @ROUND
 0001:00002A30       @RunError
 0001:00001934       @SetLength
 0001:00001CA0       @SetUnion
 0001:00002800       @StartExe
 0001:00004510       @Str0Int64
 0001:00001B8C       @Str0Long
 0001:00004450       @StrInt64
 0001:00001B2C       @StrLong
 0001:00001964       @TRUNC
 0001:000025B8       @TryFinallyExit
 0001:0000452C       @ValInt64
 0001:00001B98       @ValLong
 0001:00004094       @VarAddRef
 0001:000042B8       @VarArrayGet
 0001:0000434C       @VarArrayPut
 0001:00003A4C       @VarCast
 0001:000037F8       @VarClear
 0001:0000408C       @VarClr
 0001:00003F7C       @VarCmp
 0001:0000383C       @VarCopy
 0001:00003CEC       @VarFromBool
 0001:00003D24       @VarFromCurr
 0001:00003CD4       @VarFromInt
 0001:00003D3C       @VarFromLStr
 0001:00003D0C       @VarFromReal
 0001:00003D7C       @VarFromWStr
 0001:00003BAC       @VarToBool
 0001:00003C3C       @VarToCurr
 0001:00003B40       @VarToInt
 0001:00003C98       @VarToLStr
 0001:00003BE0       @VarToReal
 0001:0000527B       @Write0Char
 0001:000052E4       @Write0CString
 0001:00005240       @Write0String
 0001:0000519C       @WriteBytes
 0001:000052CD       @WriteChar
 0001:000052E8       @WriteCString
 0001:00005267       @WriteLn
 0001:00005207       @WriteSpaces
 0001:0000524A       @WriteString
 0001:0000312C       @WStrArrayClr
 0001:00003150       @WStrAsg
 0001:00003114       @WStrClr
 0001:0000321C       @WStrFromLStr
 0001:00003174       @WStrFromPCharLen
 0001:000031F8       @WStrFromPWCharLen
 0001:0000322C       @WStrLen
 0001:00003250       @WStrSetLength
 0001:00001C7C       @_CLenToPasStr
 0001:00001C64       @_CToPasStr
 0001:000050C4       @_Flush
 0001:00001868       @_IOTest
 0001:0000562E       @_lldiv
 0001:000056A6       @_lldivo
 0001:00005721       @_llmod
 0001:0000579B       @_llmodo
 0001:000055E8       @_llmul
 0001:0000560B       @_llmulo
 0001:0000581B       @_llshl
 0001:000056D8       @_lludiv
 0001:000057CD       @_llumod
 0001:00005853       @_llushr
 0001:0000AA9C       Abort
 0001:00025B74       AbsMin
 0001:0000AE08       AbstractErrorHandler
 0002:0000301C       AbstractErrorProc
 0002:00000190       AccessMode
 0001:0000607C       ActivateKeyboardLayout
 0002:00003760       ActiveDrag
 0001:0000CE9C       ActiveX
 0001:000333E0       ActnList
 0001:000004D0       AddBlockAfter
 0001:000076B0       AddExitProc
 0001:00058564       AddFieldDefs
 0001:00058794       AddFields
 0001:000126F8       AddFinished
 0001:0009339C       AddIconMask
 0001:000360F8       AddIn
 0001:000931E0       AddMask
 0001:00093334       AddMaskOnly
 0001:000AB0B0       AddMessage
 0001:00093468       AddMetafileMask
 0001:00004BD0       AddModuleUnloadProc
 0001:00012730       AddNotFinished
 0001:00014DE8       AddThread
 0001:000477B4       AdjustColors
 0001:0005F910       AdjustFirstRecord
 0001:0003BF58       Adjustment
 0001:00006084       AdjustWindowRectEx
 0001:0000BD80       AL1
 0002:00000340       AL1s
 0001:0000BD90       AL2
 0002:0000034C       AL2s
 0001:0008B170       AlignBit
 0002:00000BF4       AlignFlags
 0002:00000C28       AlignFlags
 0002:00000E14       AlignmentFlags
 0002:000006DC       Alignments
 0002:00000928       Alignments
 0002:00000918       Alignments
 0002:00000DDC       Alignments
 0002:00000A90       Alignments
 0001:000428D8       AlignWork
 0001:0002A800       AlignWork
 0001:0003B98C       AllocateHWnd
 0001:00014D58       AllocateWindow
 0001:00048938       AllocFilterStr
 0001:00007664       AllocMem
 0002:00003424       AllocMemCount
 0002:00003428       AllocMemSize
 0001:0001EE54       AllocPatternBitmap
 0001:0000BDFC       ALR
 0001:0000BDA8       ALV
 0002:00000724       AnchorAlign
 0001:00007800       AnsiCompareText
 0001:000078C8       AnsiExtractQuotedStr
 0001:00007C34       AnsiLastChar
 0001:0000608C       AnsiLower
 0001:000077CC       AnsiLowerCase
 0001:0000B634       AnsiLowerCaseFileName
 0001:0000B5FC       AnsiPos
 0001:00007838       AnsiStrComp
 0001:00007858       AnsiStrLIComp
 0001:0000B74C       AnsiStrPos
 0001:0000B7EC       AnsiStrRScan
 0001:0000B814       AnsiStrScan
 0001:000AAD3C       AnsiToNative
 0001:000AADC8       AnsiToNativeBuf
 0001:00007798       AnsiUpperCase
 0001:0000B6C0       AnsiUpperCaseFileName
 0001:000038D4       AnyChangeType
 0001:00003EE8       AnyCmp
 0001:00008DF8       AppendChars
 0001:000091C0       AppendFormat
 0001:00008E5C       AppendNumber
 0001:00008E3C       AppendString
 0002:0000185C       AppExtensionList
 0002:000037B4       Application
 0002:00000A80       AppVisible
 0002:00000C90       ArrowKey
 0001:0000ADEC       AssertErrorHandler
 0002:00003018       AssertErrorProc
 0001:0000D548       AssignLongStr
 0001:0000D70C       AssignVariant
 0001:0000D59C       AssignWideStr
 0001:00059010       AttributeSetStored
 0002:00003478       avail
 0001:000B4C58       AxCtrls
 0001:00007D34       BackfillGetDiskFreeSpaceEx
 0001:0002836C       BackgroundClipped
 0002:00000DAC       BaseFieldTypes
 0002:00000064       BaseTypeMap
 0001:000A5B58       Bde
 0001:000AAB48       BdeCallBack
 0001:000A94A0       BdeConst
 0002:000039A8       BDEInitProcs
 0001:0000F34C       BeginGlobalLoading
 0001:00006094       BeginPaint
 0001:00002A74       BeginThread
 0001:000472A4       BevelLine
 0001:000471B4       BevelRect
 0001:00005DE4       BitBlt
 0002:00000BC8       BitBtnCaptions
 0002:00003858       BitBtnGlyphs
 0002:000017FC       BitBucketMask
 0002:00000684       BitCounts
 0002:0000067C       BitmapCanvasList
 0002:00003654       BitmapImageLock
 0001:00075F74       BlankStr
 0002:000024F8       BlobTypeMap
 0002:00000968       BlockCode
 0002:00003450       blockDescBlockList
 0002:00003454       blockDescFreeList
 0002:00000368       BooleanIdents
 0002:00002538       BoolFalse
 0002:00003A80       BoolLexems
 0002:000006D4       BorderStyles
 0002:000009D8       BorderStyles
 0002:00000A88       BorderStyles
 0001:0000ED1C       Bounds
 0002:000008C0       Breaks
 0002:0000368C       BrushManager
 0002:00000E48       BtnHintId
 0001:0006EE90       Build
 0001:000775BC       BuildColorMap
 0001:00037D88       BuildImage
 0001:00077514       BuildPalette
 0002:00000B48       ButtonCaptions
 0002:00000B1C       ButtonNames
 0002:0000093C       Buttons
 0001:0004B458       Buttons
 0002:00000718       ButtonStyles
 0002:00003814       ButtonWidths
 0001:000192F0       BytesPerScanline
 0001:00019648       ByteSwapColors
 0001:0008B790       ByteSwapColors
 0001:0000B3FC       ByteToCharIndex
 0001:0000B3D4       ByteToCharLen
 0001:0000B398       ByteType
 0001:0000B320       ByteTypeTest
 0002:00000374       C10000
 0002:000000B8       C10000
 0001:00071174       CalcAxis
 0001:00071E34       CalcAxis
 0001:000713B0       CalcAxisState
 0001:000711F8       CalcFixedAxis
 0001:0003B8C8       CalcJmpOffset
 0001:0007130C       CalcMaxCell
 0001:0007324C       CalcPageExtents
 0001:00072B48       CalcScroll
 0001:000721C0       CalcScrollBar
 0001:00072EAC       CalcSizeInfo
 0001:00031A24       CalcSplitterPos
 0001:0005DAB0       CalcTotalSize
 0001:00059050       CalculatedStored
 0001:0000609C       CallNextHookEx
 0001:0000BD44       CallTerminateProcs
 0001:000060A4       CallWindowProc
 0001:00026AA0       CancelDrag
 0001:0006040C       CancelNestedDataSets
 0001:000944FC       CanMakeTransparent
 0002:00003690       CanvasList
 0002:00003770       CanvasList
 0002:00000AF4       Captions
 0002:000007DC       CaptureControl
 0002:000025A8       CBRetCode
 0001:00048280       CenterWindow
 0002:00003722       CF_COMPONENT
 0002:00003910       CF_GIF
 0002:00003720       CF_PICTURE
 0002:000033EC       ChangeAnyProc
 0001:00025218       ChangeBiDiModeAlignment
 0002:00002644       ChangeCursor
 0001:00003940       ChangeSourceAny
 0002:000006FC       CharCases
 0002:00000DE8       CharCases
 0001:000060AC       CharLowerBuff
 0001:000060B4       CharNext
 0001:00017878       CharsetToIdent
 0001:0000B4C0       CharToByteIndex
 0001:0000B524       CharToByteLen
 0001:000060BC       CharToOem
 0001:000060C4       CharToOemBuff
 0001:000060CC       CharUpperBuff
 0001:000AB04C       Check
 0001:00019FE8       CheckBool
 0001:000B1940       CheckIfParentScrolled
 0001:00002254       CheckJmp
 0001:000B2F34       CheckLst
 0001:000060D4       CheckMenuItem
 0001:0005F554       CheckNestedBrowseMode
 0002:000008B0       Checks
 0001:0003B508       CheckTaskWindow
 0001:000267D0       CheckUndock
 0002:00003624       ClassAliasList
 0001:00015FA8       Classes
 0002:00003620       ClassList
 0001:0000ED44       ClassNotFound
 0002:00002574       Class_SMClient
 0002:000033E8       ClearAnyProc
 0001:00095F7C       ClearBackup
 0001:000171F0       ClearColor
 0001:000B418C       ClearExcepInfo
 0001:00075D40       ClearItem
 0001:000060DC       ClientToScreen
 0001:0002F424       ClientToWindow
 0001:000231D0       Clipboard
 0002:00000674       ClipboardFormats
 0001:0002322C       Clipbrd
 0002:00000C00       ClipFlags
 0001:000060E4       CloseClipboard
 0001:0000028C       CloseHandle
 0001:00005B7C       CloseHandle
 0002:00003030       CmdLine
 0002:0000302C       CmdShow
 0002:00002620       CoAddRefServerProcess
 0001:0000CE48       CoCreateInstance
 0002:00002618       CoCreateInstanceEx
 0001:000B4D8C       codetext
 0002:00002630       CoInitFlags
 0001:0000CE38       CoInitialize
 0002:0000261C       CoInitializeEx
 0002:00000444       Colors
 0001:0008B180       Colors2bpp
 0001:00017670       ColorToIdent
 0001:00017660       ColorToRGB
 0001:00005DEC       CombineRgn
 0002:00003A10       ComClassManagerVar
 0001:000B3638       ComConst
 0002:0000369C       ComCtl32DLL
 0001:0004B380       ComCtrls
 0002:000037AC       CommandPool
 0001:0001F1E4       Commctrl
 0001:0004521C       CommDlg
 0001:000007B0       Commit
 0002:00003494       committedRoot
 0001:000B4458       ComObj
 0001:0006F200       CompareExtents
 0001:000357B8       CompareFront
 0001:00007724       CompareMem
 0001:00005B84       CompareString
 0001:00007744       CompareText
 0002:00000C80       ComponentClassList
 0001:000130FC       ComponentCreated
 0001:00019DD8       ComputeAldusChecksum
 0001:00049AC0       ComStrs
 0002:000026D4       CondStop
 0002:00003FD8       ConfirmYN
 0001:000B609C       ConnectForm
 0001:0000D2A4       Consts
 0002:0000373E       ControlAtom
 0001:000325A8       Controls
 0001:0000A888       ConvertAddr
 0001:00008F4C       ConvertEraString
 0001:00007628       ConvertError
 0001:00007640       ConvertErrorFmt
 0001:000090B8       ConvertYearString
 0001:00004760       CopyArray
 0001:0001C350       CopyBitmap
 0001:0001C9E4       CopyBitmapAsMask
 0001:00005DF4       CopyEnhMetaFile
 0001:0001C980       CopyPalette
 0002:00002624       CoReleaseServerProcess
 0002:00002628       CoResumeClassObjects
 0002:0000262C       CoSuspendClassObjects
 0001:0000CE40       CoUninitialize
 0001:0000B44C       CountChars
 0002:0000366C       CounterLock
 0001:00075AD0       CountItem
 0001:000B5180       CRAccess
 0001:0000AD30       CreateAssertException
 0001:000AAAA0       CreateAttribute
 0001:0000AF08       CreateAVObject
 0001:00005DFC       CreateBitmap
 0001:00005E04       CreateBrushIndirect
 0001:00005E0C       CreateCompatibleBitmap
 0001:00005E14       CreateCompatibleDC
 0001:0001317C       CreateComponent
 0001:00005E24       CreateDIBitmap
 0001:00005E1C       CreateDIBSection
 0001:00005B8C       CreateEvent
 0001:00005B94       CreateFile
 0001:00000294       CreateFileA
 0001:00005E2C       CreateFontIndirect
 0001:00005E34       CreateHalftonePalette
 0001:000060EC       CreateIcon
 0001:0000AC28       CreateInOutError
 0001:000060F4       CreateMenu
 0001:000491CC       CreateMessageDialog
 0001:00005B9C       CreateMutexA
 0001:0008E1F0       CreateOptimizedPaletteFromSingleBitmap
 0001:00005E3C       CreatePalette
 0001:00005E44       CreatePenIndirect
 0001:000060FC       CreatePopupMenu
 0002:00002584       CreateProviderProc
 0001:00005E4C       CreateRectRgn
 0001:00005E54       CreateRectRgnIndirect
 0001:00005E5C       CreateSolidBrush
 0001:000196A0       CreateSystemPalette
 0001:00005BA4       CreateThread
 0001:000002E4       CreateThread
 0001:000066B8       CreateWindow
 0001:00006104       CreateWindowEx
 0002:00000A9C       CreationControl
 0002:00000720       CreationControl
 0002:00003894       crOnHandDown
 0002:00003890       crOnHandOn
 0001:000B4FBC       CRParser
 0002:000038D4       crTmaxSql
 0002:000037D4       Ctl3DAutoSubclass
 0002:00000940       Ctl3DBtnWndProc
 0002:000037DC       Ctl3DColorChange
 0002:00000948       Ctl3DCtlColorEx
 0002:00000944       Ctl3DDlgFramePaint
 0002:000037C0       Ctl3DHandle
 0002:000037C4       Ctl3DRegister
 0002:00000818       Ctl3DStyles
 0002:000037CC       Ctl3DSubclassCtl
 0002:000037D0       Ctl3DSubclassDlg
 0002:000037D8       Ctl3DUnAutoSubclass
 0002:000037C8       Ctl3DUnregister
 0001:0006F434       Ctrl
 0002:0000348C       curAlloc
 0002:000034FC       CurrencyDecimals
 0002:000034F8       CurrencyFormat
 0002:000034F4       CurrencyString
 0001:00008DE4       CurrentYear
 0001:000A5FB0       CurrToFMTBCD
 0001:0000866C       CurrToStr
 0001:000086D4       CurrToStrF
 0002:00000A04       CursorMap
 0002:0000072C       Cursors
 0001:000254C4       CursorToIdent
 0002:00000028       cwChop
 0002:0000250C       CWNear
 0001:000B4FF4       DAConsts
 0002:000027F0       Danh
 0002:00002758       Dans
 0001:000B51B8       DASQLMonitor
 0001:000573A8       DatabaseError
 0001:00057454       DatabaseErrorFmt
 0002:000024E0       DataTypeMap
 0001:0004FD34       DataTypeToRegData
 0001:000B4D54       Datelib
 0002:000034FD       DateSeparator
 0001:00009950       DateTimeToStr
 0001:000098F4       DateTimeToString
 0001:00008944       DateTimeToTimeStamp
 0002:000025D0       DayNames
 0001:00008DBC       DayOfWeek
 0001:00060BB4       Db
 0001:000B5364       DBAccess
 0001:000A8EE4       DBCommon
 0001:00050C48       DbConsts
 0001:00076868       DBCtrls
 0001:000768AC       DBGrids
 0001:000A456E       DbiAcqPersistTableLock
 0001:000A4580       DbiAcqTableLock
 0001:000A3E7E       DbiActivateFilter
 0001:000A37D6       DbiAddAlias
 0001:000A3740       DbiAddDriver
 0001:000A3E8A       DbiAddFilter
 0001:000A43A6       DbiAddIndex
 0001:000A4532       DbiAddPassword
 0001:000A3A58       DbiAnsiToNative
 0001:000A434C       DbiAppendRecord
 0001:000A3884       DbiApplyDelayedUpdates
 0001:000A3E6C       DbiBatchMove
 0001:000A3A28       DbiBcdFromFloat
 0001:000A3A2E       DbiBcdToFloat
 0001:000A36D4       DbiBeginConstraintLayer
 0001:000A3890       DbiBeginDelayedUpdates
 0001:000A45BC       DbiBeginLinkMode
 0001:000A3E5A       DbiBeginTran
 0001:000A4250       DbiCfgAddRecord
 0001:000A4268       DbiCfgBuildPath
 0001:000A4244       DbiCfgDropRecord
 0001:000A4238       DbiCfgGetHelp
 0001:000A425C       DbiCfgGetNextNode
 0001:000A4256       DbiCfgGetRecord
 0001:000A4232       DbiCfgMerge
 0001:000A424A       DbiCfgModifyRecord
 0001:000A4262       DbiCfgPosition
 0001:000A426E       DbiCfgSave
 0001:000A423E       DbiCfgTranslate
 0001:000A42E0       DbiCheckRefresh
 0001:000A36BC       DbiCheckSQLExpression
 0001:000A43D6       DbiCloneCursor
 0001:000A3A76       DbiCloseConfigFile
 0001:000A4682       DbiCloseCursor
 0001:000A469A       DbiCloseDatabase
 0001:000A39DA       DbiCloseFieldXlt
 0001:000A4400       DbiCloseIndex
 0001:000A4538       DbiCloseSession
 0001:000A43DC       DbiCompareBookMarks
 0001:000A4346       DbiCompareKeys
 0001:000A43B8       DbiCopyTable
 0001:000A45CE       DbiCreateInMemTable
 0001:000A43BE       DbiCreateTable
 0001:000A431C       DbiCreateTempTable
 0001:000A36A4       DbiDatabaseFlush
 0001:000A440C       DbiDateDecode
 0001:000A4412       DbiDateEncode
 0001:000A3E78       DbiDeactivateFilter
 0001:000A4208       DbiDebugLayerOptions
 0001:000A37BE       DbiDeleteAlias
 0001:000A373A       DbiDeleteDriver
 0001:000A43A0       DbiDeleteIndex
 0001:000A4640       DbiDeleteRecord
 0001:000A43AC       DbiDeleteTable
 0001:000A5AC1       DbiDLLExit
 0001:000A4388       DbiDoRestructure
 0001:000A3764       DbiDRAdd
 0001:000A385A       DbiDRAddAttr
 0001:000A3872       DbiDRClose
 0001:000A37F4       DbiDRCreate
 0001:000A37B8       DbiDRCreateEnumAttrDomain
 0001:000A3860       DbiDRCreateObjectType
 0001:000A384E       DbiDRCreateRelationType
 0001:000A37EE       DbiDRDelete
 0001:000A37AC       DbiDRDeleteEnumAttrDomain
 0001:000A3842       DbiDRDeleteObjectType
 0001:000A3848       DbiDRDeleteRelationType
 0001:000A375E       DbiDRDrop
 0001:000A3854       DbiDRDropAttr
 0001:000A3866       DbiDRExportToFile
 0001:000A3824       DbiDRGetAttrDescs
 0001:000A387E       DbiDRGetDesc
 0001:000A37A6       DbiDRGetEnumAttrDomain
 0001:000A380C       DbiDRGetObjID
 0001:000A382A       DbiDRGetObjTypeInfo
 0001:000A376A       DbiDRGetRelatedObject
 0001:000A381E       DbiDRGetRelTypeInfo
 0001:000A386C       DbiDRImportFromFile
 0001:000A37FA       DbiDRLoadDBObject
 0001:000A37B2       DbiDRModifyEnumAttrDomain
 0001:000A3878       DbiDROpen
 0001:000A3836       DbiDROpenAttrTypeList
 0001:000A383C       DbiDROpenObjectTypeList
 0001:000A3818       DbiDROpenObjSet
 0001:000A3812       DbiDROpenRelSet
 0001:000A3830       DbiDROpenRelTypeList
 0001:000A3E84       DbiDropFilter
 0001:000A452C       DbiDropPassword
 0001:000A3806       DbiDRSetToObjID
 0001:000A3800       DbiDRSetToObjName
 0001:000A4364       DbiEmptyTable
 0001:000A36C2       DbiEndConstraintLayer
 0001:000A388A       DbiEndDelayedUpdates
 0001:000A45B6       DbiEndLinkMode
 0001:000A3E54       DbiEndTran
 0001:000AB034       DbiError
 0001:000A5A41       DbiExit
 0001:000A43EE       DbiExtractKey
 0001:000A4550       DbiForceRecordReread
 0001:000A455C       DbiForceReread
 0001:000A4310       DbiFormFullName
 0001:000A449C       DbiFreeBlob
 0001:000A392C       DbiFreeSQLRequest
 0001:000A44AE       DbiGetBlob
 0001:000A4496       DbiGetBlobHeading
 0001:000A44B4       DbiGetBlobSize
 0001:000A43E8       DbiGetBookMark
 0001:000A42DA       DbiGetCallBack
 0001:000A3EAE       DbiGetClientInfo
 0001:000A453E       DbiGetCurrSession
 0001:000A4556       DbiGetCursorForTable
 0001:000A468E       DbiGetCursorProps
 0001:000A44FC       DbiGetDatabaseDesc
 0001:000A422C       DbiGetDateFormat
 0001:000A3782       DbiGetDefaultRepository
 0001:000A4622       DbiGetDirectory
 0001:000A4508       DbiGetDriverDesc
 0001:000A4304       DbiGetErrorContext
 0001:000A42FE       DbiGetErrorEntry
 0001:000A4334       DbiGetErrorInfo
 0001:000A430A       DbiGetErrorString
 0001:000A3E06       DbiGetExactRecordCount
 0001:000A441E       DbiGetField
 0001:000A4688       DbiGetFieldDescs
 0001:000A44E4       DbiGetFieldTypeDesc
 0001:000A39EC       DbiGetFilterInfo
 0001:000A43F4       DbiGetIndexDesc
 0001:000A3A6A       DbiGetIndexDescs
 0001:000A439A       DbiGetIndexForField
 0001:000A4394       DbiGetIndexSeqNo
 0001:000A44D8       DbiGetIndexTypeDesc
 0001:000A3E96       DbiGetLdName
 0001:000A3E36       DbiGetLdNameFromDb
 0001:000A4328       DbiGetLdObj
 0001:000A45A4       DbiGetLinkStatus
 0001:000A446C       DbiGetNetUserName
 0001:000A466A       DbiGetNextRecord
 0001:000A4214       DbiGetNumberFormat
 0001:000A3A46       DbiGetObjFromName
 0001:000A39F8       DbiGetObjFromObj
 0001:000A4664       DbiGetPriorRecord
 0001:000A3A52       DbiGetProp
 0001:000A465E       DbiGetRecord
 0001:000A4652       DbiGetRecordCount
 0001:000A4340       DbiGetRecordForKey
 0001:000A4658       DbiGetRelativeRecord
 0001:000A39B0       DbiGetRintDesc
 0001:000A463A       DbiGetSeqNo
 0001:000A4472       DbiGetSesInfo
 0001:000A3932       DbiGetSQLRequest
 0001:000A4484       DbiGetSysConfig
 0001:000A447E       DbiGetSysInfo
 0001:000A448A       DbiGetSysVersion
 0001:000A44C0       DbiGetTableOpenCount
 0001:000A44F0       DbiGetTableTypeDesc
 0001:000A4220       DbiGetTimeFormat
 0001:000A3E4E       DbiGetTranInfo
 0001:000A39B6       DbiGetVchkDesc
 0001:000A3734       DbiImportODBC
 0001:000A1E64       DbiInit
 0001:000A5946       DbiInitFn
 0001:000A43D0       DbiInitRecord
 0001:000A464C       DbiInsertRecord
 0001:000A459E       DbiIsRecordLocked
 0001:000A4598       DbiIsTableLocked
 0001:000A4592       DbiIsTableShared
 0001:000A45B0       DbiLinkDetail
 0001:000A458C       DbiLinkDetailToExp
 0001:000A44C6       DbiLoadDriver
 0001:000A3A64       DbiMakePermanent
 0001:000A4646       DbiModifyRecord
 0001:000A3A5E       DbiNativeToAnsi
 0001:000A44BA       DbiOpenBlob
 0001:000A3A82       DbiOpenCfgInfoList
 0001:000A3A7C       DbiOpenConfigFile
 0001:000A46A0       DbiOpenDatabase
 0001:000A4502       DbiOpenDatabaseList
 0001:000A450E       DbiOpenDriverList
 0001:000A45EC       DbiOpenFamilyList
 0001:000A4604       DbiOpenFieldList
 0001:000A44EA       DbiOpenFieldTypesList
 0001:000A39C8       DbiOpenFieldXlt
 0001:000A4610       DbiOpenFileList
 0001:000A37E2       DbiOpenFunctionArgList
 0001:000A37E8       DbiOpenFunctionList
 0001:000A4406       DbiOpenIndex
 0001:000A460A       DbiOpenIndexList
 0001:000A44DE       DbiOpenIndexTypesList
 0001:000A45FE       DbiOpenLdList
 0001:000A4520       DbiOpenLockList
 0001:000A36B6       DbiOpenNestedTable
 0001:000A36AA       DbiOpenRef
 0001:000A378E       DbiOpenRepositoryList
 0001:000A45F2       DbiOpenRintList
 0001:000A45D4       DbiOpenSecurityList
 0001:000A3770       DbiOpenSessionRepository
 0001:000A3956       DbiOpenSPList
 0001:000A3950       DbiOpenSPParamList
 0001:000A4694       DbiOpenTable
 0001:000A4616       DbiOpenTableList
 0001:000A44F6       DbiOpenTableTypesList
 0001:000A4526       DbiOpenUserList
 0001:000A45F8       DbiOpenVchkList
 0001:000A436A       DbiPackTable
 0001:000A44A8       DbiPutBlob
 0001:000A4418       DbiPutField
 0001:000A4430       DbiQAlloc
 0001:000A4448       DbiQExec
 0001:000A4454       DbiQExecDirect
 0001:000A393E       DbiQExecProcDirect
 0001:000A4436       DbiQFree
 0001:000A442A       DbiQGetBaseDescs
 0001:000A443C       DbiQInstantiateAnswer
 0001:000A444E       DbiQPrepare
 0001:000A3938       DbiQPrepareExt
 0001:000A394A       DbiQPrepareProc
 0001:000A4442       DbiQSetParams
 0001:000A3944       DbiQSetProcParams
 0001:000A45C8       DbiReadBlock
 0001:000A435E       DbiRegenIndex
 0001:000A4358       DbiRegenIndexes
 0001:000A4424       DbiRegisterCallBack
 0001:000A4568       DbiRelPersistTableLock
 0001:000A4574       DbiRelRecordLock
 0001:000A457A       DbiRelTableLock
 0001:000A43B2       DbiRenameTable
 0001:000A462E       DbiResetRange
 0001:000A4562       DbiSaveChanges
 0001:000A3758       DbiSchemaCacheFlush
 0001:000A4544       DbiSetCurrSession
 0001:000A4226       DbiSetDateFormat
 0001:000A3788       DbiSetDefaultRepository
 0001:000A461C       DbiSetDirectory
 0001:000A433A       DbiSetFieldMap
 0001:000A4514       DbiSetLockRetry
 0001:000A420E       DbiSetNumberFormat
 0001:000A451A       DbiSetPrivateDir
 0001:000A3A4C       DbiSetProp
 0001:000A4634       DbiSetRange
 0001:000A421A       DbiSetTimeFormat
 0001:000A467C       DbiSetToBegin
 0001:000A43E2       DbiSetToBookMark
 0001:000A4670       DbiSetToCursor
 0001:000A4676       DbiSetToEnd
 0001:000A4628       DbiSetToKey
 0001:000A438E       DbiSetToRecordNo
 0001:000A43CA       DbiSetToSeqNo
 0001:000A3E48       DbiSortTable
 0001:000A36E0       DbiSQLTextToCanEx
 0001:000A454A       DbiStartSession
 0001:000A43FA       DbiSwitchToIndex
 0001:000A437C       DbiTimeDecode
 0001:000A4382       DbiTimeEncode
 0001:000A4370       DbiTimeStampDecode
 0001:000A4376       DbiTimeStampEncode
 0001:000A39E0       DbiTranslateField
 0001:000A39E6       DbiTranslateRecordStructure
 0001:000A44A2       DbiTruncateBlob
 0001:000A3EA2       DbiUndeleteRecord
 0001:000A45AA       DbiUnlinkDetail
 0001:000A4322       DbiUseIdleTime
 0001:000A39CE       DbiValidateProp
 0001:000A43C4       DbiVerifyField
 0001:000A45C2       DbiWriteBlock
 0001:000A93B8       DBLogDlg
 0001:000A8FEC       DBPWDlg
 0001:000B2B18       DBTables
 0002:000026D8       DB_Name
 0002:00000440       DDBsOnly
 0001:0003BA48       DeallocateHWnd
 0002:00000008       DebugHook
 0002:00002874       DecimalChar
 0002:000034FB       DecimalSeparator
 0001:00008C98       DecodeDate
 0001:00008AC4       DecodeTime
 0001:00000844       Decommit
 0001:00000E60       DecommitFree
 0002:00003468       decommittedRoot
 0001:0003E4A8       Default
 0001:00043334       Default
 0002:00000000       Default8087CW
 0002:00000C84       DefaultBlank
 0002:00000C94       DefaultFieldClasses
 0002:00003DB4       DefaultOracleHome
 0001:000AAA98       DefaultSession
 0002:00000644       DefBrushData
 0002:00000414       DefFontData
 0001:0000610C       DefFrameProc
 0001:0004E984       DefineCursor
 0002:00000240       DefLongDayNames
 0002:000001F4       DefLongMonthNames
 0001:00006114       DefMDIChildProc
 0002:00000624       DefPenData
 0002:00003EC0       DefSession
 0002:00000224       DefShortDayNames
 0002:000001C4       DefShortMonthNames
 0001:0000611C       DefWindowProc
 0001:00000500       DeleteBlock
 0001:00000470       DeleteCriticalSection
 0001:00005BAC       DeleteCriticalSection
 0001:00005E64       DeleteDC
 0001:00005E6C       DeleteEnhMetaFile
 0001:00000CA8       DeleteFree
 0001:00006124       DeleteMenu
 0001:00005E74       DeleteObject
 0001:0001BF14       DeselectBitmap
 0002:00003918       DesktopDC
 0001:0000612C       DestroyCursor
 0001:00006134       DestroyIcon
 0001:0004B388       DestroyLocals
 0001:0000613C       DestroyMenu
 0001:0004BB8C       DestroyObjects
 0001:00006144       DestroyWindow
 0002:00003FD0       DetailCnt
 0001:00075730       Detector
 0001:00048318       DialogHook
 0001:00049A04       Dialogs
 0002:00000680       DIBPalSizes
 0002:00000054       dig
 0001:0003B35C       DisableTaskWindows
 0001:000B666C       DisconnectSessions
 0001:000B3B8C       DispatchInvoke
 0001:000B4180       DispatchInvokeError
 0001:0000614C       DispatchMessage
 0001:000415E8       DispatchShortCut
 0001:000B419C       DispCall
 0001:000B4284       DispCallByID
 0002:00000010       DispCallByIDProc
 0001:000B40AC       DispCallError
 0001:000574B0       DisposeMem
 0001:00075264       DisposeStrItem
 0001:0000760C       DivMod
 0002:00003E10       dk
 0001:00047C14       Dlgs
 0001:000AAB68       DLLDetachCallBack
 0001:00042788       DoAlign
 0001:0002A6A0       DoAlign
 0002:0000179C       DoAutoDither
 0001:0005EC70       DoBindFields
 0001:00071010       DoCalc
 0001:0002E428       DoCalcConstraints
 0001:00071078       DoCalcRightToLeft
 0001:000717E4       DoChange
 0002:00003768       DockSiteList
 0001:00037B9C       DoClick
 0001:00070238       DoColWidths
 0001:0002BA70       DoControlMsg
 0001:0008E0D8       doCreateOptimizedPaletteFromSingleBitmap
 0001:0003B30C       DoDisableWindow
 0001:000260F4       DoDragOver
 0001:0004C2B8       DoDrawText
 0001:00008B5C       DoEncodeDate
 0001:000089DC       DoEncodeTime
 0001:00007684       DoExitProc
 0001:0002FF84       DoFindControlZone
 0001:0003B448       DoFindWindow
 0001:000304E8       DoFindZone
 0001:00030008       DoForEach
 0001:0003187C       DoGetNextLimit
 0001:0003B2D4       DoneApplication
 0001:000323D0       DoneControls
 0001:0003B7F4       DoneCtl3D
 0001:0000B25C       DoneExceptions
 0001:0003FBD8       DoNestedActivation
 0001:0002A434       DoPosition
 0001:000425D8       DoPosition
 0001:00030EFC       DoPrune
 0001:0004BC70       DoRect
 0001:000468A8       DoRect
 0001:0007027C       DoRowHeights
 0001:000313AC       DoSaveZone
 0001:000315B0       DoSetNewBounds
 0001:0006FCE4       DoSizeAdjust
 0002:00000370       DotSep
 0001:00072E18       DoUpdate
 0001:0001B094       DoWrite
 0001:00034430       DoWrite
 0001:0001A240       DoWrite
 0001:00029294       DoWrite
 0001:00010964       DoWrite
 0002:0000374C       DragCapture
 0002:00003740       DragControl
 0001:00026840       DragDone
 0001:000260A4       DragFindTarget
 0001:00026078       DragFindWindow
 0002:00003748       DragFreeObject
 0002:00003764       DragImageList
 0001:00026498       DragInit
 0001:00026608       DragInitControl
 0001:00025FFC       DragMessage
 0002:00003744       DragObject
 0002:00003758       DragSaveCursor
 0002:00003750       DragStartPos
 0002:0000375C       DragThreshold
 0001:000261C4       DragTo
 0001:00043370       DrawAppIcon
 0001:000705B4       DrawAxisLines
 0001:0004BC10       DrawBitmapRect
 0001:0004CC20       DrawBitmapTransparent
 0001:000707F0       DrawCells
 0001:00030B40       DrawCloseBtn
 0001:00006154       DrawEdge
 0001:0000615C       DrawFocusRect
 0001:0004BD34       DrawFrame3D
 0001:00006164       DrawFrameControl
 0001:00030A54       DrawGrabber
 0001:0000616C       DrawIcon
 0002:00000850       DrawingStyles
 0001:00070760       DrawLines
 0001:00006174       DrawMenuBar
 0001:000933CC       DrawMetafile
 0001:0000617C       DrawText
 0001:00006184       DrawTextEx
 0001:0004BEB4       DrawTextRect
 0001:00098790       DrawTile
 0001:00050980       DsgnIntf
 0001:000A36CE       DsProviderGetDataPacket
 0001:000A36C8       DsResolver
 0002:0000391C       DummyThread
 0001:00019170       DupBits
 0001:00004778       DynArrayClear
 0001:00004780       DynArraySetLength
 0001:000AB14C       EDBEngineError.Create
 0001:000AB42C       EDBEngineError.Destroy
 0001:000AB480       EDBEngineError.GetError
 0002:00000920       EdgeStyle
 0002:00000808       EdgeStyles
 0002:00000DCC       EditAlignmentFlags
 0002:00000C4C       EditorGroupList
 0001:0000ABFC       EHeapException.FreeInstance
 0002:00003E0C       ek
 0001:00005E7C       Ellipse
 0002:00000C08       EllipsisFlags
 0001:00076BC0       EmitMessage
 0001:0000618C       EmptyClipboard
 0002:00003414       EmptyParam
 0002:00000118       EmptyStr
 0001:00006194       EnableMenuItem
 0002:000008B8       Enables
 0001:0000619C       EnableScrollBar
 0001:0003B410       EnableTaskWindows
 0001:000061A4       EnableWindow
 0001:00008C24       EncodeDate
 0001:00008A4C       EncodeTime
 0002:00000E20       EndEllipsisFlag
 0001:0000F3E4       EndGlobalLoading
 0001:000061AC       EndPaint
 0001:00002AB8       EndThread
 0001:00005BB4       EnterCriticalSection
 0001:00000460       EnterCriticalSection
 0001:00005BBC       EnumCalendarInfoA
 0001:000061B4       EnumClipboardFormats
 0002:000036C0       EnumDisplayMonitors
 0001:0000A524       EnumEraNames
 0001:0000A560       EnumEraYearOffsets
 0001:00005E84       EnumFontFamiliesEx
 0001:00005E8C       EnumFonts
 0001:00041C18       EnumFontsProc
 0001:00041CB0       EnumMonitorsProc
 0001:000061BC       EnumThreadWindows
 0001:00012B40       EnumValue
 0001:000061C4       EnumWindows
 0001:000B38BC       EOleException.Create
 0001:000B37EC       EOleSysError.Create
 0001:000061CC       EqualRect
 0002:000035C0       EraNames
 0001:00009BBC       EraToYear
 0002:000035DC       EraYearOffsets
 0002:0000004C       errCaption
 0001:000A1E5C       ErrCat
 0001:00001824       Error
 0001:0001243C       Error
 0001:00018D34       Error
 0001:000354B4       Error
 0001:0008B118       Error
 0002:00003040       ErrorAddr
 0001:0000ACEC       ErrorHandler
 0002:0000025C       ErrorMap
 0002:00003004       ErrorProc
 0002:00000DA4       Events
 0001:0000A870       ExceptAddr
 0002:00003008       ExceptClsProc
 0001:0000B188       ExceptHandler
 0001:0000AAF8       Exception.Create
 0001:0000AB34       Exception.CreateFmt
 0001:0000ABB4       Exception.CreateHelp
 0002:00003010       ExceptionClass
 0001:0000A894       ExceptionErrorMessage
 0002:00000294       ExceptMap
 0001:0000A858       ExceptObject
 0002:0000300C       ExceptObjProc
 0002:00003000       ExceptProc
 0001:00005E94       ExcludeClipRect
 0002:00003038       ExitCode
 0001:000028D8       ExitDll
 0002:0000303C       ExitProc
 0001:000002F4       ExitProcess
 0002:0000018C       ExitProcList
 0001:000002EC       ExitThread
 0001:00075494       ExpandDir
 0001:0004861C       ExplorerHook
 0001:00005E9C       ExtCreatePen
 0001:00047BDC       ExtCtrls
 0002:00001840       ExtensionList
 0001:000574C4       ExtractFieldName
 0001:00007CEC       ExtractFileExt
 0001:00007CB4       ExtractFileName
 0001:00048BA0       ExtractFileName
 0001:00048BE8       ExtractFileNames
 0002:000025BC       Exts
 0001:00005EA4       ExtTextOut
 0001:00005BC4       FatalAppExitA
 0002:000039D8       FCheckHeight
 0002:000039D4       FCheckWidth
 0002:00003728       FClipboard
 0002:00002508       FConst10
 0002:00003990       FCSect
 0002:00000D0C       FieldTypeNames
 0001:00007BBC       FileAge
 0001:00007BB4       FileClose
 0001:00007B2C       FileCreate
 0001:000B4F84       FileCtrl
 0001:00007C24       FileExists
 0002:00000678       FileFormats
 0002:0000304A       FileMode
 0001:00007AEC       FileOpen
 0001:00007B50       FileRead
 0002:00000378       FilerSignature
 0001:00007BA8       FileSeek
 0001:00005BCC       FileTimeToDosDateTime
 0001:00005BD4       FileTimeToLocalFileTime
 0001:00007B7C       FileWrite
 0001:00000D90       FillAfterGap
 0001:00000D3C       FillBeforeGap
 0001:00070560       FillDWord
 0001:00000E28       FillerSizeAfterGap
 0001:00000DB8       FillerSizeBeforeGap
 0001:000061D4       FillRect
 0001:000B2AA4       Finalization
 0001:0004B4A8       Finalization
 0001:000B2B88       Finalization
 0001:0004B420       Finalization
 0001:00032554       Finalization
 0001:0004B31C       Finalization
 0001:000333B0       Finalization
 0001:000B5FF0       Finalization
 0001:0001FA00       Finalization
 0001:000B6980       Finalization
 0001:00049A90       Finalization
 0001:00049A58       Finalization
 0001:00049A20       Finalization
 0001:000B5FB8       Finalization
 0001:000B2BC0       Finalization
 0001:000A5B28       Finalization
 0001:000499A8       Finalization
 0001:000B5F80       Finalization
 0001:000A1D7C       Finalization
 0001:000A0C08       Finalization
 0001:00076784       Finalization
 0001:000B4FC4       Finalization
 0001:000B5D30       Finalization
 0001:0009E3D8       Finalization
 0001:000767BC       Finalization
 0001:000B2C68       Finalization
 0001:0009E3A0       Finalization
 0001:0004EA68       Finalization
 0001:00060B6C       Finalization
 0001:000B4F1C       Finalization
 0001:000990CC       Finalization
 0001:00062224       Finalization
 0001:000B5CD8       Finalization
 0001:000B5188       Finalization
 0001:00099094       Finalization
 0001:000623A4       Finalization
 0001:0009905C       Finalization
 0001:000B2CF4       Finalization
 0001:0001FA38       Finalization
 0001:0004FB4C       Finalization
 0001:00099024       Finalization
 0001:000B2D4C       Finalization
 0001:000B4EE4       Finalization
 0001:0004FB9C       Finalization
 0001:000B54A4       Finalization
 0001:000B2E2C       Finalization
 0001:00063DCC       Finalization
 0001:00050188       Finalization
 0001:0007687C       Finalization
 0001:000768CC       Finalization
 0001:000B77E4       Finalization
 0001:000C0BB0       Finalization
 0001:00098E64       Finalization
 0001:000B2F04       Finalization
 0001:000B4EAC       Finalization
 0001:00063E04       Finalization
 0001:000B4E74       Finalization
 0001:000501D8       Finalization
 0001:00050210       Finalization
 0001:000067E4       Finalization
 0001:000B2F44       Finalization
 0001:000349EC       Finalization
 0001:000B4FFC       Finalization
 0001:000B2F7C       Finalization
 0001:0000681C       Finalization
 0001:000B6A74       Finalization
 0001:000503D0       Finalization
 0001:000B2FB4       Finalization
 0001:000C0BFC       Finalization
 0001:00006B24       Finalization
 0001:00050580       Finalization
 0001:000B2FEC       Finalization
 0001:00022BD8       Finalization
 0001:000B4E3C       Finalization
 0001:000B6AAC       Finalization
 0001:000B33A4       Finalization
 0001:000B4E04       Finalization
 0001:00050910       Finalization
 0001:00005B0C       Finalization
 0001:000B341C       Finalization
 0001:000509F0       Finalization
 0001:000B3460       Finalization
 0001:0008A11C       Finalization
 0001:00050C18       Finalization
 0001:000B3498       Finalization
 0001:000B4DCC       Finalization
 0001:0000CE6C       Finalization
 0001:000B3560       Finalization
 0001:00015EFC       Finalization
 0001:00047BE4       Finalization
 0001:000B4D94       Finalization
 0001:000B532C       Finalization
 0001:000B35B8       Finalization
 0001:0001FD5C       Finalization
 0001:0006D948       Finalization
 0001:00053610       Finalization
 0001:000B3608       Finalization
 0001:00047BAC       Finalization
 0001:00005870       Finalization
 0001:0006D910       Finalization
 0001:0000D274       Finalization
 0001:000B7010       Finalization
 0001:000451EC       Finalization
 0001:00045168       Finalization
 0001:0006767C       Finalization
 0001:0008A02C       Finalization
 0001:000672B4       Finalization
 0001:0006499C       Finalization
 0001:000B536C       Finalization
 0001:000233A8       Finalization
 0001:000231F0       Finalization
 0001:000B43D8       Finalization
 0001:000B4D5C       Finalization
 0001:000B4BF8       Finalization
 0001:00038EC0       Finalization
 0001:000B4C7C       Finalization
 0001:000B4CB4       Finalization
 0001:000B4CEC       Finalization
 0001:000B4D24       Finalization
 0001:0001F9C8       Finalization
 0001:0001EE8C       Finalization
 0001:000B6028       Finalization
 0001:0001F980       Finalization
 0001:0001F1B4       Finalization
 0001:000A8EB4       Finalization
 0001:000A1E24       Finalization
 0001:0001F930       Finalization
 0001:000A1DEC       Finalization
 0001:000A8F1C       Finalization
 0001:000A1DB4       Finalization
 0001:000A8F84       Finalization
 0001:0000CC00       Finalization
 0001:000B5118       Finalization
 0001:000A8FBC       Finalization
 0001:000B4F54       Finalization
 0001:000B606C       Finalization
 0001:0004CC70       Finalization
 0001:000A9388       Finalization
 0001:000B60A4       Finalization
 0001:0004E94C       Finalization
 0001:000B5150       Finalization
 0001:0000D798       Finalization
 0001:000A9470       Finalization
 0001:000B4F8C       Finalization
 0001:00004770       FinalizeArray
 0001:000379E0       Find
 0001:0000EE78       FindClass
 0001:000049AC       FindClassHInstance
 0001:00005BDC       FindClose
 0001:00000D0C       FindCommitted
 0001:000252E4       FindControl
 0001:000306F0       FindControlAtPos
 0001:00026AEC       FindDragTarget
 0001:0001326C       FindExistingComponent
 0001:0000EE98       FindFieldClass
 0001:00005BEC       FindFirstFile
 0001:00005BE4       FindFirstFileA
 0002:00003618       FindGlobalComponent
 0001:0003B554       FindGlobalComponent
 0001:00004984       FindHInstance
 0002:0000380C       FindMsg
 0001:00035484       FindPopupControl
 0001:00005BF4       FindResource
 0001:000049B4       FindResourceHInstance
 0001:00044B28       FindScanline
 0001:0003B4AC       FindTopMostWindow
 0001:000141F0       FindUniqueName
 0001:00026AB8       FindVCLWindow
 0001:000061DC       FindWindow
 0001:000B5458       FinishOCI
 0001:00002740       FInitUnits
 0001:000964F8       FireEvent
 0001:0001C304       FixupBitFields
 0002:00000930       Flags
 0001:0001FD8C       FlatSB
 0002:000036E8       FlatSB_EnableScrollBar
 0002:000036F4       FlatSB_GetScrollInfo
 0002:000036F8       FlatSB_GetScrollPos
 0002:000036F0       FlatSB_GetScrollRange
 0002:00003700       FlatSB_SetScrollInfo
 0002:000036FC       FlatSB_SetScrollPos
 0001:0001FA7C       FlatSB_SetScrollProp
 0002:00003704       FlatSB_SetScrollRange
 0002:000036EC       FlatSB_ShowScrollBar
 0002:000024C0       FldTypeMap
 0001:0000C90E       FloatToDecimal
 0001:0000863C       FloatToStr
 0001:0000869C       FloatToStrF
 0001:0000C372       FloatToText
 0001:0000C63B       FloatToTextFmt
 0002:000026F8       FL_DBIp
 0002:00002700       FL_DBName
 0002:00002708       FL_DBPass
 0002:000026FC       FL_DBPort
 0002:00002704       FL_DBUser
 0002:000026E4       FL_FtpAddr
 0002:000026E8       FL_FtpPort
 0002:00003EF4       FL_HomeDir
 0002:000026F4       FL_HostDir
 0002:00002710       FL_RexecPass
 0002:0000270C       FL_Rexecuser
 0002:000026DC       FL_TMaxAddr
 0002:000026E0       FL_TMaxPort
 0002:000026F0       FL_UnixPass
 0002:00002714       FL_UnixSer
 0002:000026EC       FL_Unixuser
 0002:00003EEC       FL_UserID
 0002:00003EF0       FL_UserName
 0002:000001B8       FMSecsPerDay
 0001:000A5F18       FMTBCDToCurr
 0001:00008574       FmtStr
 0002:00003FCC       FM_Main
 0002:00003FC4       FM_Tmax
 0002:00000954       FocusCount
 0002:00000E28       FocusFlags
 0002:00000950       FocusMessages
 0002:00000594       FontCharsets
 0002:00003684       FontManager
 0001:0003B528       ForegroundTask
 0002:000001C0       Format
 0001:00008560       Format
 0001:00008100       FormatBuf
 0001:000080F4       FormatClearStr
 0001:000087AC       FormatCurr
 0001:00008088       FormatError
 0002:000001B0       FormatErrorStrs
 0001:0000870C       FormatFloat
 0001:0005178C       FormatMaskText
 0001:00005BFC       FormatMessage
 0001:00076BC8       FormatMessage
 0001:000080E0       FormatVarToStr
 0001:000451BC       Forms
 0001:0006F418       ForwardMovement
 0001:00005314       FPower10
 0002:000006D0       FPrinter
 0001:0004696C       Frame3D
 0001:000061E4       FrameRect
 0001:00000A78       FreeCommitted
 0001:00000F80       FreeCurAlloc
 0001:00026BA8       FreeDeviceContext
 0001:00026C64       FreeDeviceContexts
 0001:00015E88       FreeIntConstList
 0001:000761E8       FreeItem
 0001:00005C04       FreeLibrary
 0001:00000304       FreeLibrary
 0001:0001BE68       FreeMemoryContexts
 0001:0003B968       FreeObjectInstance
 0001:000B53E8       FreeOCI
 0001:00005C1C       FreeResource
 0001:000006F8       FreeSpace
 0001:0000BD60       FreeTerminateProcs
 0001:00014C8C       FreeThreadWindow
 0001:000AAAF0       FreeTimer
 0001:000B51CC       FreeTimer
 0002:00002658       ftBFile
 0001:000B7244       Func
 0001:0000BE7C       GDAL
 0001:0008B030       GDICheck
 0001:00019160       GDICheck
 0001:000190B8       GDIError
 0001:00005EAC       GdiFlush
 0001:000061EC       GetActiveWindow
 0001:00042C48       GetAnimation
 0001:000951F8       GetAppExtensionList
 0001:00048EEC       GetAveCharSize
 0001:00005EB4       GetBitmapBits
 0001:00000478       GetBlockDesc
 0001:00005EBC       GetBrushOrgEx
 0001:000061F4       GetCapture
 0001:0002556C       GetCaptureControl
 0001:000061FC       GetCaretPos
 0001:000B2E80       GetCheckSize
 0001:0000EDC8       GetClass
 0001:00006204       GetClassInfo
 0001:0000620C       GetClientRect
[...]
  2655 0001:000B56DE  2656 0001:000B56E8  2657 0001:000B56F2  2658 0001:000B56FC
  2659 0001:000B5706  2660 0001:000B5710  2661 0001:000B571A  2662 0001:000B5724
  2663 0001:000B572B  2666 0001:000B5732  2667 0001:000B573C  2668 0001:000B5746
  2669 0001:000B5750  2670 0001:000B575A  2671 0001:000B5764  2672 0001:000B576E
  2673 0001:000B5778  2674 0001:000B5782  2675 0001:000B578C  2676 0001:000B5796
  2677 0001:000B57A0  2678 0001:000B57AA  2679 0001:000B57B4  2680 0001:000B57BE
  2681 0001:000B57C8  2682 0001:000B57D2  2683 0001:000B57DC  2684 0001:000B57E6
  2685 0001:000B57F0  2686 0001:000B57FA  2687 0001:000B5804  2688 0001:000B580E
  2689 0001:000B5818  2690 0001:000B5822  2691 0001:000B582C  2692 0001:000B5836
  2693 0001:000B5840  2694 0001:000B584A  2695 0001:000B5854  2696 0001:000B585E
  2697 0001:000B5868  2698 0001:000B5872  2699 0001:000B587C  2700 0001:000B5886
  2701 0001:000B5890  2703 0001:000B589A  2704 0001:000B58A4  2705 0001:000B58AE
  2706 0001:000B58B8  2707 0001:000B58C2  2708 0001:000B58CC  2709 0001:000B58D6
  2710 0001:000B58E0  2711 0001:000B58EA  2712 0001:000B58F4  2713 0001:000B58FE
  2714 0001:000B5908  2715 0001:000B5912  2716 0001:000B591C  2717 0001:000B5926
  2718 0001:000B5930  2719 0001:000B593A  2720 0001:000B5944  2721 0001:000B594E
  2722 0001:000B5958  2723 0001:000B5962  2724 0001:000B596C  2726 0001:000B5976
  2727 0001:000B5980  2728 0001:000B598A  2729 0001:000B5994  2730 0001:000B599E
  2732 0001:000B59A8  2733 0001:000B59B2  2734 0001:000B59BC  2735 0001:000B59C6
  2736 0001:000B59D0  2737 0001:000B59DA  2738 0001:000B59E4  2739 0001:000B59EE
  2740 0001:000B59F8  2741 0001:000B5A02  2742 0001:000B5A0C  2743 0001:000B5A16
  2744 0001:000B5A20  2745 0001:000B5A2A  2746 0001:000B5A34  2747 0001:000B5A3E
  2748 0001:000B5A48  2749 0001:000B5A52  2750 0001:000B5A5C  2751 0001:000B5A66
  2752 0001:000B5A70  2753 0001:000B5A7A  2754 0001:000B5A84  2755 0001:000B5A8E
  2756 0001:000B5A98  2757 0001:000B5AA2  2759 0001:000B5AAC  2760 0001:000B5AB6
  2761 0001:000B5AC0  2762 0001:000B5ACA  2763 0001:000B5AD4  2764 0001:000B5ADE
  2765 0001:000B5AE8  2766 0001:000B5AF2  2767 0001:000B5AFC  2768 0001:000B5B06
  2769 0001:000B5B10  2770 0001:000B5B1A  2771 0001:000B5B24  2772 0001:000B5B2E
  2773 0001:000B5B38  2774 0001:000B5B42  2775 0001:000B5B4C  2776 0001:000B5B56
  2777 0001:000B5B60  2778 0001:000B5B6A  2779 0001:000B5B74  2780 0001:000B5B7E
  2781 0001:000B5B88  2782 0001:000B5B92  2783 0001:000B5B9C  2784 0001:000B5BA6
  2785 0001:000B5BB0  2786 0001:000B5BBA  2787 0001:000B5BC4  2788 0001:000B5BCE
  2789 0001:000B5BD8  2790 0001:000B5BE2  2791 0001:000B5BEC  2792 0001:000B5BF6
  2793 0001:000B5C00  2794 0001:000B5C0A  2795 0001:000B5C14  2796 0001:000B5C1E
  2798 0001:000B5C28  2800 0001:000B5C32  2801 0001:000B5C3C  2802 0001:000B5C46
  2803 0001:000B5C50  2804 0001:000B5C5A  2805 0001:000B5C64  2806 0001:000B5C6E
  2807 0001:000B5C78  2808 0001:000B5C82  2809 0001:000B5C8C  2811 0001:000B5C96
  2813 0001:000B5CB5

Line numbers for OraParser(OraParser.pas) segment .text

    94 0001:000B5D60    96 0001:000B5D72    97 0001:000B5D79    98 0001:000B5D81
    99 0001:000B5D89   100 0001:000B5D91   101 0001:000B5D99   102 0001:000B5DA1
   104 0001:000B5DA9   105 0001:000B5DB1   106 0001:000B5DB9   107 0001:000B5DC4
   108 0001:000B5DCC   109 0001:000B5DD4   110 0001:000B5DDC   111 0001:000B5DE4
   112 0001:000B5DEC   113 0001:000B5DF4   114 0001:000B5DFC   115 0001:000B5E04
   116 0001:000B5E0F   117 0001:000B5E17   118 0001:000B5E1F   119 0001:000B5E27
   120 0001:000B5E2F   121 0001:000B5E37   122 0001:000B5E3F   123 0001:000B5E47
   124 0001:000B5E4F   125 0001:000B5E57   126 0001:000B5E5F   127 0001:000B5E67
   128 0001:000B5E6F   129 0001:000B5E7A   130 0001:000B5E82   131 0001:000B5E8A
   132 0001:000B5E92

Line numbers for OraConsts(OraConsts.pas) segment .text

    61 0001:000B5FE8    61 0001:000B5FEF

Line numbers for OraObjects(OraObjects.pas) segment .text

  3029 0001:000B6020  3029 0001:000B6027

Line numbers for OraClasses(OraClasses.pas) segment .text

  6728 0001:000B6058  6729 0001:000B6061  6730 0001:000B6068

Line numbers for ConnectForm(ConnectForm.pas) segment .text

   131 0001:000B609C   134 0001:000B60A3

Line numbers for OraSQLMonitor(OraSQLMonitor.pas) segment .text

   266 0001:000B60D4   268 0001:000B60DB

Line numbers for Ora(Ora.pas) segment .text

  1474 0001:000B666C  1475 0001:000B6675  1476 0001:000B667E  1477 0001:000B6696
  1478 0001:000B66A4  1480 0001:000B66C5  1476 0001:000B66CD  1481 0001:000B66D2
  3463 0001:000B66DC  3464 0001:000B66EE  3466 0001:000B66F7  3467 0001:000B6717
  3487 0001:000B671C  3488 0001:000B672E  3490 0001:000B6737  3491 0001:000B673E
  3492 0001:000B6762  3522 0001:000B6768  3523 0001:000B676A  3536 0001:000B676C
  3537 0001:000B676E  3540 0001:000B6770  3541 0001:000B6773  3543 0001:000B677C
  3544 0001:000B6789  3606 0001:000B678C  3607 0001:000B678F  3609 0001:000B6796
  3610 0001:000B679D  3615 0001:000B67A0  3616 0001:000B67A6  3617 0001:000B67B1
  3619 0001:000B67C0  3620 0001:000B67CC  3625 0001:000B67E4  3626 0001:000B67E7
  3628 0001:000B67EE  3629 0001:000B67F5  3634 0001:000B67F8  3635 0001:000B67FE
  3636 0001:000B6809  3638 0001:000B6818  3639 0001:000B6824  6947 0001:000B6980
  6950 0001:000B69B0  6951 0001:000B69B9  6952 0001:000B69BE  6954 0001:000B69E7
  6930 0001:000B69EC  6931 0001:000B69FF  6932 0001:000B6A06  6934 0001:000B6A0D
  6935 0001:000B6A17  6936 0001:000B6A21  6937 0001:000B6A2B  6938 0001:000B6A35
  6942 0001:000B6A3F  6945 0001:000B6A64

Line numbers for Func(Func.pas) segment .text

  3757 0001:000B7244  3757 0001:000B7257

Line numbers for TmaxFunc(TmaxFunc.pas) segment .text

   126 0001:000B73D4   127 0001:000B740B   128 0001:000B7418   129 0001:000B7422
   131 0001:000B7426   132 0001:000B7432   133 0001:000B743F   129 0001:000B744C
   135 0001:000B7450   136 0001:000B747D   273 0001:000B7488   274 0001:000B74BE
   275 0001:000B74C3   279 0001:000B74D4   280 0001:000B74EF   282 0001:000B7504
   284 0001:000B750A   285 0001:000B751A   286 0001:000B7521   287 0001:000B7533
   288 0001:000B753A   289 0001:000B7545   292 0001:000B7570   294 0001:000B7577
   295 0001:000B7595   296 0001:000B75D0   301 0001:000B75DC   303 0001:000B75E2
   304 0001:000B75E9   305 0001:000B75FB   306 0001:000B760B   307 0001:000B7612
   308 0001:000B761D   312 0001:000B7655   313 0001:000B765C   314 0001:000B766D
   318 0001:000B7674   319 0001:000B76B0   324 0001:000B77E0   325 0001:000B77E3
   327 0001:000B7814   327 0001:000B781B

Line numbers for HMainForm(HMainForm.pas) segment .text

   933 0001:000BB000   934 0001:000BB007   940 0001:000BB008   941 0001:000BB02B
   942 0001:000BB033   943 0001:000BB04B   944 0001:000BB050   946 0001:000BB054
   947 0001:000BB063   948 0001:000BB067   949 0001:000BB068   944 0001:000BB077
   951 0001:000BB07B   952 0001:000BB08B   953 0001:000BB099   954 0001:000BB0C9
   957 0001:000BB0F0   958 0001:000BB0F4   959 0001:000BB0FB   961 0001:000BB101
   962 0001:000BB108   963 0001:000BB118   964 0001:000BB11F   965 0001:000BB134
   966 0001:000BB13B   967 0001:000BB14C   968 0001:000BB153   971 0001:000BB168
   975 0001:000BB198   976 0001:000BB19B   980 0001:000BB19C   981 0001:000BB1A1
   985 0001:000BB1A4   986 0001:000BB1B4   992 0001:000BB1B8   995 0001:000BB1BC
   996 0001:000BB1DA   998 0001:000BB1EB   999 0001:000BB200  1002 0001:000BB205
  1003 0001:000BB234  1005 0001:000BB267  1006 0001:000BB27C  1009 0001:000BB281
  1010 0001:000BB2AD  1011 0001:000BB2D9  1012 0001:000BB305  1013 0001:000BB331
  1015 0001:000BB35D  1016 0001:000BB38C  1017 0001:000BB3BB  1018 0001:000BB3EA
  1019 0001:000BB419  1021 0001:000BB448  1022 0001:000BB451  1024 0001:000BB45E
  1028 0001:000BB474  1029 0001:000BB499  1030 0001:000BB4CD  1031 0001:000BB4F2
  1032 0001:000BB526  1033 0001:000BB54B  1034 0001:000BB57F  1035 0001:000BB5A4
  1036 0001:000BB5D5  1037 0001:000BB5FA  1040 0001:000BB629  1041 0001:000BB64E
  1042 0001:000BB682  1043 0001:000BB6A7  1044 0001:000BB6DB  1045 0001:000BB700
  1046 0001:000BB734  1047 0001:000BB759  1048 0001:000BB78D  1049 0001:000BB7B6
  1051 0001:000BB7EA  1055 0001:000BB800  1056 0001:000BB825  1057 0001:000BB859
  1058 0001:000BB87E  1059 0001:000BB8B2  1060 0001:000BB8D7  1061 0001:000BB90B
  1062 0001:000BB930  1063 0001:000BB961  1064 0001:000BB986  1068 0001:000BB9B5
  1069 0001:000BB9DA  1070 0001:000BBA0E  1071 0001:000BBA33  1072 0001:000BBA67
  1073 0001:000BBA8C  1074 0001:000BBAC0  1075 0001:000BBAE5  1076 0001:000BBB16
  1077 0001:000BBB3B  1107 0001:000BBB9C  1113 0001:000BBD3C  1114 0001:000BBD43
  1115 0001:000BBD48  1117 0001:000BBD69  1119 0001:000BBD94  1120 0001:000BBDC2
  1121 0001:000BBDF0  1123 0001:000BBE21  1125 0001:000BBE46  1128 0001:000BBE6E
  1130 0001:000BBE93  1133 0001:000BBEC1  1135 0001:000BBEEA  1136 0001:000BBF14
  1137 0001:000BBF42  1139 0001:000BBF70  1115 0001:000BBF71  1142 0001:000BBF7A
  1147 0001:000BBF80  1148 0001:000BBF86  1150 0001:000BBFA6  1152 0001:000BBFD1
  1153 0001:000BBFFF  1154 0001:000BC030  1156 0001:000BC061  1158 0001:000BC086
  1160 0001:000BC0B1  1162 0001:000BC0D6  1164 0001:000BC107  1166 0001:000BC130
  1167 0001:000BC15E  1168 0001:000BC18F  1170 0001:000BC1C0  1148 0001:000BC1C1
  1172 0001:000BC1C8  1195 0001:000BC1D0  1196 0001:000BC1F3  1198 0001:000BC1FD
  1199 0001:000BC221  1200 0001:000BC229  1201 0001:000BC239  1202 0001:000BC263
  1204 0001:000BC28F  1206 0001:000BC299  1207 0001:000BC2BD  1208 0001:000BC2C2
  1209 0001:000BC2F3  1210 0001:000BC31D  1212 0001:000BC373  1226 0001:000BC39C
  1231 0001:000BC3BE  1265 0001:000BC3D4  1268 0001:000BC3D9  1269 0001:000BC3FD
  1271 0001:000BC405  1274 0001:000BC40F  1275 0001:000BC435  1277 0001:000BC439
  1279 0001:000BC44D  1282 0001:000BC457  1288 0001:000BC45C  1289 0001:000BC482
  1291 0001:000BC486  1293 0001:000BC4A1  1296 0001:000BC4AB  1304 0001:000BC4B0
  1265 0001:000BC4B1  1308 0001:000BC4BA  1310 0001:000BC4C2  1313 0001:000BC4C7
  1314 0001:000BC4EB  1316 0001:000BC4F3  1318 0001:000BC4FD  1319 0001:000BC505
  1320 0001:000BC50D  1321 0001:000BC515  1322 0001:000BC51D  1326 0001:000BC525
  1327 0001:000BC54B  1328 0001:000BC54F  1332 0001:000BC55A  1333 0001:000BC580
  1334 0001:000BC584  1338 0001:000BC592  1341 0001:000BC598  1342 0001:000BC5BE
  1343 0001:000BC5C2  1346 0001:000BC5D0  1351 0001:000BC5FA  1352 0001:000BC620
  1354 0001:000BC628  1355 0001:000BC65E  1356 0001:000BC694  1357 0001:000BC6C7
  1358 0001:000BC6FA  1364 0001:000BC72B  1365 0001:000BC751  1366 0001:000BC755
  1369 0001:000BC76A  1378 0001:000BC7CC  1379 0001:000BC7DA  1380 0001:000BC7E1
  1382 0001:000BC7EA  1383 0001:000BC7F4  1386 0001:000BC7F9  1394 0001:000BC827
  1310 0001:000BC828  1396 0001:000BC831  1397 0001:000BC83E  1399 0001:000BC858
  1401 0001:000BC888  1402 0001:000BC895  1404 0001:000BC89A  1397 0001:000BC89B
  1411 0001:000BC8A3  1414 0001:000BC8A8  1415 0001:000BC8CC  1417 0001:000BC8D4
  1420 0001:000BC8DE  1421 0001:000BC904  1423 0001:000BC908  1425 0001:000BC91C
  1428 0001:000BC926  1434 0001:000BC92B  1435 0001:000BC951  1437 0001:000BC955
  1439 0001:000BC970  1442 0001:000BC97A  1451 0001:000BC97F  1411 0001:000BC980
  1455 0001:000BC989  1456 0001:000BC991  1459 0001:000BC996  1460 0001:000BC9BA
  1462 0001:000BC9C2  1464 0001:000BC9CC  1465 0001:000BC9D4  1466 0001:000BC9DC
  1467 0001:000BC9E4  1468 0001:000BC9EC  1472 0001:000BC9F4  1473 0001:000BCA1A
  1474 0001:000BCA1E  1478 0001:000BCA29  1479 0001:000BCA4F  1480 0001:000BCA53
  1483 0001:000BCA61  1486 0001:000BCA67  1487 0001:000BCA8D  1488 0001:000BCA91
  1491 0001:000BCA9F  1497 0001:000BCAC9  1498 0001:000BCAEF  1500 0001:000BCAF7
  1501 0001:000BCB2D  1502 0001:000BCB63  1503 0001:000BCB96  1504 0001:000BCBC9
  1510 0001:000BCBFA  1511 0001:000BCC20  1512 0001:000BCC24  1515 0001:000BCC39
  1524 0001:000BCC9B  1525 0001:000BCCA9  1526 0001:000BCCB0  1528 0001:000BCCB9
  1529 0001:000BCCC3  1532 0001:000BCCC8  1539 0001:000BCCF6  1456 0001:000BCCF7
  1541 0001:000BCD00  1542 0001:000BCD0D  1544 0001:000BCD23  1546 0001:000BCD53
  1547 0001:000BCD60  1549 0001:000BCD62  1542 0001:000BCD63  1674 0001:000BCD66
  1676 0001:000BCD9A  1681 0001:000BD16C  1682 0001:000BD181  1683 0001:000BD188
  1686 0001:000BD18E  1687 0001:000BD19E  1688 0001:000BD1A5  1689 0001:000BD1B0
  1690 0001:000BD1C1  1692 0001:000BD1E8  1745 0001:000BD204  1746 0001:000BD22E
  1749 0001:000BD233  1750 0001:000BD257  1752 0001:000BD25B  1756 0001:000BD262
  1757 0001:000BD288  1758 0001:000BD291  1761 0001:000BD29B  1762 0001:000BD2C1
  1763 0001:000BD2CA  1766 0001:000BD2D4  1767 0001:000BD2FA  1768 0001:000BD303
  1771 0001:000BD30D  1772 0001:000BD333  1773 0001:000BD33C  1776 0001:000BD346
  1777 0001:000BD36C  1778 0001:000BD375  1780 0001:000BD37F  1746 0001:000BD380
  1783 0001:000BD389  1810 0001:000BD413  1812 0001:000BD41C  1813 0001:000BD424
  1814 0001:000BD436  1815 0001:000BD43E  1816 0001:000BD454  1817 0001:000BD45C
  1818 0001:000BD46D  1819 0001:000BD475  1821 0001:000BD48B  1822 0001:000BD48D
  1824 0001:000BD4A3  1826 0001:000BD4A4  1827 0001:000BD4C8  1829 0001:000BD4D0
  1832 0001:000BD4D7  1833 0001:000BD4FD  1835 0001:000BD501  1836 0001:000BD51A
  1842 0001:000BD534  1843 0001:000BD55A  1844 0001:000BD55E  1848 0001:000BD577
  1849 0001:000BD59D  1850 0001:000BD5A1  1854 0001:000BD5BA  1855 0001:000BD5E0
  1856 0001:000BD5E4  1860 0001:000BD5FD  1861 0001:000BD623  1862 0001:000BD627
  1866 0001:000BD640  1867 0001:000BD666  1868 0001:000BD66A  1872 0001:000BD683
  1873 0001:000BD6A9  1874 0001:000BD6AD  1878 0001:000BD6C6  1879 0001:000BD6EC
  1880 0001:000BD6F0  1884 0001:000BD709  1885 0001:000BD72F  1886 0001:000BD733
  1890 0001:000BD74C  1891 0001:000BD772  1892 0001:000BD776  1897 0001:000BD78F
  1898 0001:000BD7B6  1900 0001:000BD7C0  1903 0001:000BD7E5  1905 0001:000BD835
  1906 0001:000BD837  1907 0001:000BD87C  1908 0001:000BD8C1  1909 0001:000BD906
  1910 0001:000BD948  1911 0001:000BD988  1913 0001:000BD98C  1914 0001:000BD995
  1924 0001:000BD9A2  1925 0001:000BD9C8  1926 0001:000BD9CC  1931 0001:000BD9E5
  1932 0001:000BDA0C  1934 0001:000BDA16  1938 0001:000BDA3B  1940 0001:000BDA75
  1941 0001:000BDA77  1942 0001:000BDABC  1943 0001:000BDB01  1944 0001:000BDB46
  1945 0001:000BDB88  1946 0001:000BDBC8  1948 0001:000BDBCC  1949 0001:000BDBD5
  1959 0001:000BDBE2  1960 0001:000BDC08  1961 0001:000BDC0C  1966 0001:000BDC25
  1967 0001:000BDC4B  1968 0001:000BDC4F  1972 0001:000BDC68  1822 0001:000BDC70
  1975 0001:000BDC79  1977 0001:000BDCB3  1980 0001:000BE8E0  1981 0001:000BE8FA
  1983 0001:000BE90A  1984 0001:000BE935  1986 0001:000BE96A  1995 0001:000BE974
  1996 0001:000BE990  1998 0001:000BE99D  1999 0001:000BE9A4  2001 0001:000BE9AF
  2003 0001:000BE9BB  2004 0001:000BE9DD  2006 0001:000BE9FF  2007 0001:000BEA22
  2008 0001:000BEA32  2009 0001:000BEA3F  2010 0001:000BEA64  2012 0001:000BEA77
  2013 0001:000BEA85  2015 0001:000BEAA1  2016 0001:000BEAB9  2017 0001:000BEAC5
  2021 0001:000BEAD4  2022 0001:000BEAEA  2023 0001:000BEAFE  2024 0001:000BEB3E
  2029 0001:000BEB4A  2035 0001:000BEB57  2036 0001:000BEB65  2037 0001:000BEB6C
  2040 0001:000BEB92  2048 0001:000BEBB9  2049 0001:000BEBC7  2050 0001:000BEBCE
  2051 0001:000BEBEB  2052 0001:000BEC08  2053 0001:000BEC25  2054 0001:000BEC42
  2056 0001:000BEC5F  2059 0001:000BECE6  2060 0001:000BED02  2061 0001:000BED0F
  2063 0001:000BED1C  2065 0001:000BED4D  2074 0001:000BEF98  2076 0001:000BEFBC
  2089 0001:000BF00C  2091 0001:000BF012  2092 0001:000BF019  2093 0001:000BF029
  2094 0001:000BF030  2095 0001:000BF045  2096 0001:000BF04C  2097 0001:000BF05A
  2098 0001:000BF061  2100 0001:000BF06F  2101 0001:000BF08C  2102 0001:000BF0A9
  2106 0001:000BF0C6  2110 0001:000BF0CF  2111 0001:000BF0D6  2112 0001:000BF0E0
  2113 0001:000BF0EC  2120 0001:000BF0F1  2128 0001:000BF12D  2130 0001:000BF133
  2131 0001:000BF13A  2132 0001:000BF14A  2133 0001:000BF151  2134 0001:000BF166
  2135 0001:000BF16D  2136 0001:000BF17B  2137 0001:000BF182  2139 0001:000BF194
  2142 0001:000BF1C4  2144 0001:000BF1E7  2145 0001:000BF1F4  2148 0001:000BF201
  2150 0001:000BF224  2151 0001:000BF231  2166 0001:000BF23E  2171 0001:000BF245
  2187 0001:000BF29A  2189 0001:000BF2A0  2190 0001:000BF2A7  2191 0001:000BF2B7
  2192 0001:000BF2BE  2193 0001:000BF2D3  2194 0001:000BF2DA  2195 0001:000BF2E8
  2196 0001:000BF2EF  2198 0001:000BF301  2199 0001:000BF319  2201 0001:000BF321
  2203 0001:000BF33B  2204 0001:000BF360  2205 0001:000BF374  2206 0001:000BF399
  2208 0001:000BF3BE  2209 0001:000BF3DC  2210 0001:000BF3E3  2201 0001:000BF3E4
  2212 0001:000BF3ED  2214 0001:000BF412  2219 0001:000BF419  2231 0001:000BF455
  2233 0001:000BF45B  2234 0001:000BF462  2235 0001:000BF472  2236 0001:000BF479
  2237 0001:000BF48E  2238 0001:000BF495  2239 0001:000BF4A3  2240 0001:000BF4AA
  2242 0001:000BF4B8  2243 0001:000BF4D5  2245 0001:000BF4F2  2250 0001:000BF4F9
  2252 0001:000BF50C  2254 0001:000BF51E  2256 0001:000BF53B  2258 0001:000BF56B
  2259 0001:000BF578  2261 0001:000BF57A  2254 0001:000BF57B  2263 0001:000BF582
  2265 0001:000BF594  2267 0001:000BF5AD  2269 0001:000BF5DD  2270 0001:000BF5EA
  2272 0001:000BF5EC  2265 0001:000BF5ED  2276 0001:000BF5F2  2278 0001:000BF61C
  2279 0001:000BF64E  2283 0001:000BF65A  2285 0001:000BF660  2287 0001:000BF673
  2289 0001:000BF6B0  2295 0001:000C0328  2296 0001:000C035A  2297 0001:000C038B
  2298 0001:000C0398  2300 0001:000C039C  2301 0001:000C03B6  2303 0001:000C03CA
  2304 0001:000C041C  2309 0001:000C042C  2312 0001:000C044E  2314 0001:000C0460
  2315 0001:000C046D  2317 0001:000C0487  2319 0001:000C04B7  2321 0001:000C04C1
  2323 0001:000C04C6  2315 0001:000C04C7  2325 0001:000C04CF  2327 0001:000C04E5
  2328 0001:000C04F2  2330 0001:000C0508  2332 0001:000C0538  2334 0001:000C0542
  2337 0001:000C0547  2339 0001:000C056E  2341 0001:000C0578  2343 0001:000C057D
  2328 0001:000C057E  2346 0001:000C0581  2350 0001:000C0609  2351 0001:000C0632
  2357 0001:000C0637  2369 0001:000C069A  2370 0001:000C06A8  2371 0001:000C06AF
  2373 0001:000C06B8  2374 0001:000C06C2  2378 0001:000C06C4  2379 0001:000C06D1
  2380 0001:000C06DE  2386 0001:000C073E  2389 0001:000C0B54  2390 0001:000C0B6A
  2391 0001:000C0B86  2392 0001:000C0BAA  2394 0001:000C0BF4  2394 0001:000C0BFB

Line numbers for PET1010B(D:\0-20131107\2013Æò°¡\PET1010B\PET1010B.DPR) segment .text

     9 0001:000C10AC    10 0001:000C10BC    11 0001:000C10C8    12 0001:000C10D9
    13 0001:000C10F1    14 0001:000C10FD

Bound resource files

c:\program files\borland\delphi4\Lib\CONTROLS.RES
c:\program files\borland\delphi4\Lib\BUTTONS.RES
C:\Insa\CompLib\Onitek4\OnCursor.res
C:\Insa\CompLib\Tmax4\TmaxCursors.res
C:\Insa\CompLib\Onitek4\OnEdit.res
C:\Insa\CompLib\Onitek4\OnButton.res
c:\program files\borland\delphi4\Lib\DBCTRLS.RES
c:\program files\borland\delphi4\Lib\DBGRIDS.RES
C:\Insa\CompLib\Onitek4\OnGrgrid.res
C:\Insa\CompLib\Onitek4\MIS\OnInsaBtn.RES
C:\Insa\CompLib\Onitek4\MIS\OnTmaxPersonEdit.DFM
C:\Insa\CompLib\Onitek4\OnSkinBtn.RES
c:\program files\borland\delphi4\Lib\DBPWDlg.DFM
c:\program files\borland\delphi4\Lib\DBLogDlg.DFM
C:\Insa\CompLib\Onitek4\OnDateButton.res
C:\Insa\CompLib\Onitek4\MIS\OnTmaxCodeEdit.DFM
C:\Insa\CompLib\Onitek4\MIS\OnTmaxDeptEdit.DFM
C:\Insa\CompLib\Onitek4\OnDBGrid.res
c:\program files\borland\delphi4\Lib\FileCtrl.RES
C:\Insa\CompLib\OraNet4\DBAccess.res
C:\Insa\CompLib\OraNet4\ConnectForm.dfm
C:\Insa\CompLib\OraNet4\Ora.res
C:\Insa\CompLib\UserLib2\TmaxFunc.DFM
HMainForm.DFM
PET1010B.RES
PET1010B.drf


Program entry point at 0001:000C10AC
